core_cm4.h:1626:22:NVIC_EnableIRQ	16	static
oled_1305.c:36:6:OLEDInit_HW	8	static
oled_1305.c:80:6:OLED_Write8	16	static
oled_1305.c:88:6:OLED_WriteCmd	16	static
oled_1305.c:98:6:OLEDInit_SW	16	static
oled_1305.c:121:6:OLED_SetPage	16	static
oled_1305.c:133:6:OLED_SetAllRow	8	static
oled_1305.c:145:6:OLED_Refresh	16	static
oled_1305.c:214:13:OLED_DrawPixel	24	static
oled_1305.c:225:13:OLED_SetByte	24	static
oled_1305.c:236:6:OLED_Init	32	static
oled_1305.c:304:6:TIM3_IRQHandler	8	static
oled_1305.c:317:6:DMA2_Stream3_IRQHandler	8	static
