mbed_shield_lcd.c:44:9:MBED_LCD_GetColumns	4	static
mbed_shield_lcd.c:52:9:MBED_LCD_GetRows	4	static
mbed_shield_lcd.c:60:9:MBED_LCD_GetLines	4	static
mbed_shield_lcd.c:68:9:MBED_LCD_GetCharPerLine	4	static
mbed_shield_lcd.c:82:13:MBED_LCD_send	16	static
mbed_shield_lcd.c:94:13:MBED_LCD_sendData	16	static
mbed_shield_lcd.c:111:13:MBED_LCD_reset	16	static
mbed_shield_lcd.c:129:13:MBED_LCD_set_start_line	16	static
mbed_shield_lcd.c:135:13:MBED_LCD_set_page	16	static
mbed_shield_lcd.c:140:13:MBED_LCD_init_hw	16	static
mbed_shield_lcd.c:199:6:MBED_LCD_InitVideoRam	24	static
mbed_shield_lcd.c:210:6:MBED_LCD_init	8	static
mbed_shield_lcd.c:245:6:MBED_LCD_WriteCharXY	24	static
mbed_shield_lcd.c:266:6:MBED_LCD_WriteStringXY	16	static
mbed_shield_lcd.c:283:6:MBED_LCD_VideoRam2LCD	16	static
mbed_shield_lcd.c:303:6:MBED_LCD_PutPixel	16	static
mbed_shield_lcd.c:318:6:MBED_LCD_DrawLine	48	static
mbed_shield_lcd.c:348:6:MBED_LCD_DrawRect	32	static
mbed_shield_lcd.c:360:6:MBED_LCD_FillRect	32	static
mbed_shield_lcd.c:383:6:MBED_LCD_DrawCircle	40	static
mbed_shield_lcd.c:418:6:MBED_LCD_FillCircle	72	static
