Archive member included to satisfy reference by file (symbol)

d:/programy/truestudio for stm32 9.3.0/armtools/bin/../lib/gcc/arm-atollic-eabi/6.3.1/../../../../arm-atollic-eabi/lib/armv7e-m/fpu\libc_nano.a(lib_a-init.o)
                              src\startup_stm32f411xe.o (__libc_init_array)
d:/programy/truestudio for stm32 9.3.0/armtools/bin/../lib/gcc/arm-atollic-eabi/6.3.1/../../../../arm-atollic-eabi/lib/armv7e-m/fpu\libc_nano.a(lib_a-strlen.o)
                              src\tiny_printf.o (strlen)
d:/programy/truestudio for stm32 9.3.0/armtools/bin/../lib/gcc/arm-atollic-eabi/6.3.1/../../../../arm-atollic-eabi/lib/armv7e-m/fpu\libnosys.a(write.o)
                              src\tiny_printf.o (_write)
d:/programy/truestudio for stm32 9.3.0/armtools/bin/../lib/gcc/arm-atollic-eabi/6.3.1/../../../../arm-atollic-eabi/lib/armv7e-m/fpu\libnosys.a(errno.o)
                              d:/programy/truestudio for stm32 9.3.0/armtools/bin/../lib/gcc/arm-atollic-eabi/6.3.1/../../../../arm-atollic-eabi/lib/armv7e-m/fpu\libnosys.a(write.o) (errno)

Allocating common symbols
Common symbol       size              file

errno               0x4               d:/programy/truestudio for stm32 9.3.0/armtools/bin/../lib/gcc/arm-atollic-eabi/6.3.1/../../../../arm-atollic-eabi/lib/armv7e-m/fpu\libnosys.a(errno.o)

Discarded input sections

 .text          0x00000000        0x0 d:/programy/truestudio for stm32 9.3.0/armtools/bin/../lib/gcc/arm-atollic-eabi/6.3.1/armv7e-m/fpu/crti.o
 .data          0x00000000        0x0 d:/programy/truestudio for stm32 9.3.0/armtools/bin/../lib/gcc/arm-atollic-eabi/6.3.1/armv7e-m/fpu/crti.o
 .bss           0x00000000        0x0 d:/programy/truestudio for stm32 9.3.0/armtools/bin/../lib/gcc/arm-atollic-eabi/6.3.1/armv7e-m/fpu/crti.o
 .data          0x00000000        0x4 d:/programy/truestudio for stm32 9.3.0/armtools/bin/../lib/gcc/arm-atollic-eabi/6.3.1/armv7e-m/fpu/crtbegin.o
 .text          0x00000000        0x0 src\main.o
 .data          0x00000000        0x0 src\main.o
 .bss           0x00000000        0x0 src\main.o
 .text          0x00000000        0x0 src\mpp_shield.o
 .data          0x00000000        0x0 src\mpp_shield.o
 .bss           0x00000000        0x0 src\mpp_shield.o
 .text.Inicializace8LED
                0x00000000       0x54 src\mpp_shield.o
 .text.Write8LED
                0x00000000       0x34 src\mpp_shield.o
 .text.Sleep    0x00000000       0x28 src\mpp_shield.o
 .text.BuzzerTone
                0x00000000       0x58 src\mpp_shield.o
 .text.WriteSPILED
                0x00000000       0x6c src\mpp_shield.o
 .debug_info    0x00000000      0x451 src\mpp_shield.o
 .debug_abbrev  0x00000000      0x142 src\mpp_shield.o
 .debug_aranges
                0x00000000       0x40 src\mpp_shield.o
 .debug_ranges  0x00000000       0x30 src\mpp_shield.o
 .debug_line    0x00000000      0x227 src\mpp_shield.o
 .debug_str     0x00000000      0x39c src\mpp_shield.o
 .comment       0x00000000       0x7d src\mpp_shield.o
 .debug_frame   0x00000000       0xc8 src\mpp_shield.o
 .ARM.attributes
                0x00000000       0x39 src\mpp_shield.o
 .text          0x00000000       0x14 src\startup_stm32f411xe.o
 .data          0x00000000        0x0 src\startup_stm32f411xe.o
 .bss           0x00000000        0x0 src\startup_stm32f411xe.o
 .text          0x00000000        0x0 src\stm_core.o
 .data          0x00000000        0x0 src\stm_core.o
 .bss           0x00000000        0x0 src\stm_core.o
 .text.GPIORead
                0x00000000       0x7e src\stm_core.o
 .text.GPIOWrite
                0x00000000       0x40 src\stm_core.o
 .text          0x00000000        0x0 src\system_stm32f4xx.o
 .data          0x00000000        0x0 src\system_stm32f4xx.o
 .bss           0x00000000        0x0 src\system_stm32f4xx.o
 .rodata.AHBPrescTable
                0x00000000       0x10 src\system_stm32f4xx.o
 .text.SystemCoreClockUpdate
                0x00000000       0xf4 src\system_stm32f4xx.o
 .text          0x00000000        0x0 src\tiny_printf.o
 .data          0x00000000        0x0 src\tiny_printf.o
 .bss           0x00000000        0x0 src\tiny_printf.o
 .text.ts_itoa  0x00000000       0x92 src\tiny_printf.o
 .text.ts_formatstring
                0x00000000      0x12e src\tiny_printf.o
 .text.ts_formatlength
                0x00000000      0x12c src\tiny_printf.o
 .text.siprintf
                0x00000000       0x2c src\tiny_printf.o
 .text.fiprintf
                0x00000000       0x9a src\tiny_printf.o
 .text.iprintf  0x00000000       0x92 src\tiny_printf.o
 .rodata        0x00000000        0x2 src\tiny_printf.o
 .text.fputs    0x00000000       0x68 src\tiny_printf.o
 .text.puts     0x00000000       0x58 src\tiny_printf.o
 .text.fwrite   0x00000000       0x38 src\tiny_printf.o
 .debug_info    0x00000000      0xc78 src\tiny_printf.o
 .debug_abbrev  0x00000000      0x262 src\tiny_printf.o
 .debug_aranges
                0x00000000       0x60 src\tiny_printf.o
 .debug_ranges  0x00000000       0x50 src\tiny_printf.o
 .debug_line    0x00000000      0x286 src\tiny_printf.o
 .debug_str     0x00000000      0x69a src\tiny_printf.o
 .comment       0x00000000       0x7d src\tiny_printf.o
 .debug_frame   0x00000000      0x1bc src\tiny_printf.o
 .ARM.attributes
                0x00000000       0x39 src\tiny_printf.o
 .text          0x00000000        0x0 d:/programy/truestudio for stm32 9.3.0/armtools/bin/../lib/gcc/arm-atollic-eabi/6.3.1/../../../../arm-atollic-eabi/lib/armv7e-m/fpu\libc_nano.a(lib_a-init.o)
 .data          0x00000000        0x0 d:/programy/truestudio for stm32 9.3.0/armtools/bin/../lib/gcc/arm-atollic-eabi/6.3.1/../../../../arm-atollic-eabi/lib/armv7e-m/fpu\libc_nano.a(lib_a-init.o)
 .bss           0x00000000        0x0 d:/programy/truestudio for stm32 9.3.0/armtools/bin/../lib/gcc/arm-atollic-eabi/6.3.1/../../../../arm-atollic-eabi/lib/armv7e-m/fpu\libc_nano.a(lib_a-init.o)
 .text          0x00000000       0x10 d:/programy/truestudio for stm32 9.3.0/armtools/bin/../lib/gcc/arm-atollic-eabi/6.3.1/../../../../arm-atollic-eabi/lib/armv7e-m/fpu\libc_nano.a(lib_a-strlen.o)
 .data          0x00000000        0x0 d:/programy/truestudio for stm32 9.3.0/armtools/bin/../lib/gcc/arm-atollic-eabi/6.3.1/../../../../arm-atollic-eabi/lib/armv7e-m/fpu\libc_nano.a(lib_a-strlen.o)
 .bss           0x00000000        0x0 d:/programy/truestudio for stm32 9.3.0/armtools/bin/../lib/gcc/arm-atollic-eabi/6.3.1/../../../../arm-atollic-eabi/lib/armv7e-m/fpu\libc_nano.a(lib_a-strlen.o)
 .ARM.attributes
                0x00000000       0x1b d:/programy/truestudio for stm32 9.3.0/armtools/bin/../lib/gcc/arm-atollic-eabi/6.3.1/../../../../arm-atollic-eabi/lib/armv7e-m/fpu\libc_nano.a(lib_a-strlen.o)
 .text          0x00000000        0x0 d:/programy/truestudio for stm32 9.3.0/armtools/bin/../lib/gcc/arm-atollic-eabi/6.3.1/../../../../arm-atollic-eabi/lib/armv7e-m/fpu\libnosys.a(write.o)
 .data          0x00000000        0x0 d:/programy/truestudio for stm32 9.3.0/armtools/bin/../lib/gcc/arm-atollic-eabi/6.3.1/../../../../arm-atollic-eabi/lib/armv7e-m/fpu\libnosys.a(write.o)
 .bss           0x00000000        0x0 d:/programy/truestudio for stm32 9.3.0/armtools/bin/../lib/gcc/arm-atollic-eabi/6.3.1/../../../../arm-atollic-eabi/lib/armv7e-m/fpu\libnosys.a(write.o)
 .stab          0x00000000       0x24 d:/programy/truestudio for stm32 9.3.0/armtools/bin/../lib/gcc/arm-atollic-eabi/6.3.1/../../../../arm-atollic-eabi/lib/armv7e-m/fpu\libnosys.a(write.o)
 .text._write   0x00000000       0x10 d:/programy/truestudio for stm32 9.3.0/armtools/bin/../lib/gcc/arm-atollic-eabi/6.3.1/../../../../arm-atollic-eabi/lib/armv7e-m/fpu\libnosys.a(write.o)
 .debug_frame   0x00000000       0x20 d:/programy/truestudio for stm32 9.3.0/armtools/bin/../lib/gcc/arm-atollic-eabi/6.3.1/../../../../arm-atollic-eabi/lib/armv7e-m/fpu\libnosys.a(write.o)
 .ARM.attributes
                0x00000000       0x34 d:/programy/truestudio for stm32 9.3.0/armtools/bin/../lib/gcc/arm-atollic-eabi/6.3.1/../../../../arm-atollic-eabi/lib/armv7e-m/fpu\libnosys.a(write.o)
 .text          0x00000000        0x0 d:/programy/truestudio for stm32 9.3.0/armtools/bin/../lib/gcc/arm-atollic-eabi/6.3.1/../../../../arm-atollic-eabi/lib/armv7e-m/fpu\libnosys.a(errno.o)
 .data          0x00000000        0x0 d:/programy/truestudio for stm32 9.3.0/armtools/bin/../lib/gcc/arm-atollic-eabi/6.3.1/../../../../arm-atollic-eabi/lib/armv7e-m/fpu\libnosys.a(errno.o)
 .bss           0x00000000        0x0 d:/programy/truestudio for stm32 9.3.0/armtools/bin/../lib/gcc/arm-atollic-eabi/6.3.1/../../../../arm-atollic-eabi/lib/armv7e-m/fpu\libnosys.a(errno.o)
 .ARM.attributes
                0x00000000       0x34 d:/programy/truestudio for stm32 9.3.0/armtools/bin/../lib/gcc/arm-atollic-eabi/6.3.1/../../../../arm-atollic-eabi/lib/armv7e-m/fpu\libnosys.a(errno.o)
 COMMON         0x00000000        0x4 d:/programy/truestudio for stm32 9.3.0/armtools/bin/../lib/gcc/arm-atollic-eabi/6.3.1/../../../../arm-atollic-eabi/lib/armv7e-m/fpu\libnosys.a(errno.o)
 .text          0x00000000        0x0 d:/programy/truestudio for stm32 9.3.0/armtools/bin/../lib/gcc/arm-atollic-eabi/6.3.1/armv7e-m/fpu/crtend.o
 .data          0x00000000        0x0 d:/programy/truestudio for stm32 9.3.0/armtools/bin/../lib/gcc/arm-atollic-eabi/6.3.1/armv7e-m/fpu/crtend.o
 .bss           0x00000000        0x0 d:/programy/truestudio for stm32 9.3.0/armtools/bin/../lib/gcc/arm-atollic-eabi/6.3.1/armv7e-m/fpu/crtend.o
 .eh_frame      0x00000000        0x4 d:/programy/truestudio for stm32 9.3.0/armtools/bin/../lib/gcc/arm-atollic-eabi/6.3.1/armv7e-m/fpu/crtend.o
 .ARM.attributes
                0x00000000       0x34 d:/programy/truestudio for stm32 9.3.0/armtools/bin/../lib/gcc/arm-atollic-eabi/6.3.1/armv7e-m/fpu/crtend.o
 .text          0x00000000        0x0 d:/programy/truestudio for stm32 9.3.0/armtools/bin/../lib/gcc/arm-atollic-eabi/6.3.1/armv7e-m/fpu/crtn.o
 .data          0x00000000        0x0 d:/programy/truestudio for stm32 9.3.0/armtools/bin/../lib/gcc/arm-atollic-eabi/6.3.1/armv7e-m/fpu/crtn.o
 .bss           0x00000000        0x0 d:/programy/truestudio for stm32 9.3.0/armtools/bin/../lib/gcc/arm-atollic-eabi/6.3.1/armv7e-m/fpu/crtn.o

Memory Configuration

Name             Origin             Length             Attributes
FLASH            0x08000000         0x00080000         xr
RAM              0x20000000         0x00020000         xrw
MEMORY_B1        0x60000000         0x00000000         xr
*default*        0x00000000         0xffffffff

Linker script and memory map

LOAD d:/programy/truestudio for stm32 9.3.0/armtools/bin/../lib/gcc/arm-atollic-eabi/6.3.1/armv7e-m/fpu/crti.o
LOAD d:/programy/truestudio for stm32 9.3.0/armtools/bin/../lib/gcc/arm-atollic-eabi/6.3.1/armv7e-m/fpu/crtbegin.o
LOAD src\main.o
LOAD src\mpp_shield.o
LOAD src\startup_stm32f411xe.o
LOAD src\stm_core.o
LOAD src\system_stm32f4xx.o
LOAD src\tiny_printf.o
                0x00000080                malloc_getpagesize_P = 0x80
START GROUP
LOAD d:/programy/truestudio for stm32 9.3.0/armtools/bin/../lib/gcc/arm-atollic-eabi/6.3.1/../../../../arm-atollic-eabi/lib/armv7e-m/fpu\libc_nano.a
LOAD d:/programy/truestudio for stm32 9.3.0/armtools/bin/../lib/gcc/arm-atollic-eabi/6.3.1/../../../../arm-atollic-eabi/lib/armv7e-m/fpu\libm.a
END GROUP
START GROUP
LOAD d:/programy/truestudio for stm32 9.3.0/armtools/bin/../lib/gcc/arm-atollic-eabi/6.3.1/armv7e-m/fpu\libgcc.a
LOAD d:/programy/truestudio for stm32 9.3.0/armtools/bin/../lib/gcc/arm-atollic-eabi/6.3.1/../../../../arm-atollic-eabi/lib/armv7e-m/fpu\libc_nano.a
END GROUP
START GROUP
LOAD d:/programy/truestudio for stm32 9.3.0/armtools/bin/../lib/gcc/arm-atollic-eabi/6.3.1/armv7e-m/fpu\libgcc.a
LOAD d:/programy/truestudio for stm32 9.3.0/armtools/bin/../lib/gcc/arm-atollic-eabi/6.3.1/../../../../arm-atollic-eabi/lib/armv7e-m/fpu\libc_nano.a
LOAD d:/programy/truestudio for stm32 9.3.0/armtools/bin/../lib/gcc/arm-atollic-eabi/6.3.1/../../../../arm-atollic-eabi/lib/armv7e-m/fpu\libnosys.a
END GROUP
START GROUP
LOAD d:/programy/truestudio for stm32 9.3.0/armtools/bin/../lib/gcc/arm-atollic-eabi/6.3.1/armv7e-m/fpu\libgcc.a
LOAD d:/programy/truestudio for stm32 9.3.0/armtools/bin/../lib/gcc/arm-atollic-eabi/6.3.1/../../../../arm-atollic-eabi/lib/armv7e-m/fpu\libc_nano.a
LOAD d:/programy/truestudio for stm32 9.3.0/armtools/bin/../lib/gcc/arm-atollic-eabi/6.3.1/../../../../arm-atollic-eabi/lib/armv7e-m/fpu\libnosys.a
END GROUP
LOAD d:/programy/truestudio for stm32 9.3.0/armtools/bin/../lib/gcc/arm-atollic-eabi/6.3.1/armv7e-m/fpu/crtend.o
LOAD d:/programy/truestudio for stm32 9.3.0/armtools/bin/../lib/gcc/arm-atollic-eabi/6.3.1/armv7e-m/fpu/crtn.o
                0x20020000                _estack = 0x20020000
                0x00000000                _Min_Heap_Size = 0x0
                0x00000400                _Min_Stack_Size = 0x400

.isr_vector     0x08000000      0x198
                0x08000000                . = ALIGN (0x4)
 *(.isr_vector)
 .isr_vector    0x08000000      0x198 src\startup_stm32f411xe.o
                0x08000000                g_pfnVectors
                0x08000198                . = ALIGN (0x4)

.text           0x08000198      0x5bc
                0x08000198                . = ALIGN (0x4)
 *(.text)
 .text          0x08000198       0x40 d:/programy/truestudio for stm32 9.3.0/armtools/bin/../lib/gcc/arm-atollic-eabi/6.3.1/armv7e-m/fpu/crtbegin.o
 *(.text*)
 .text.NVIC_EnableIRQ
                0x080001d8       0x34 src\main.o
 .text.TIM3_IRQHandler
                0x0800020c       0x4c src\main.o
                0x0800020c                TIM3_IRQHandler
 .text.main     0x08000258       0xb8 src\main.o
                0x08000258                main
 .text.Reset_Handler
                0x08000310       0x50 src\startup_stm32f411xe.o
                0x08000310                Reset_Handler
 .text.Default_Handler
                0x08000360        0x2 src\startup_stm32f411xe.o
                0x08000360                RTC_Alarm_IRQHandler
                0x08000360                EXTI2_IRQHandler
                0x08000360                DebugMon_Handler
                0x08000360                SPI4_IRQHandler
                0x08000360                TIM1_CC_IRQHandler
                0x08000360                DMA2_Stream5_IRQHandler
                0x08000360                HardFault_Handler
                0x08000360                DMA1_Stream5_IRQHandler
                0x08000360                SysTick_Handler
                0x08000360                PVD_IRQHandler
                0x08000360                SDIO_IRQHandler
                0x08000360                TAMP_STAMP_IRQHandler
                0x08000360                PendSV_Handler
                0x08000360                NMI_Handler
                0x08000360                EXTI3_IRQHandler
                0x08000360                TIM1_UP_TIM10_IRQHandler
                0x08000360                I2C3_ER_IRQHandler
                0x08000360                EXTI0_IRQHandler
                0x08000360                I2C2_EV_IRQHandler
                0x08000360                DMA1_Stream2_IRQHandler
                0x08000360                FPU_IRQHandler
                0x08000360                UsageFault_Handler
                0x08000360                DMA2_Stream2_IRQHandler
                0x08000360                SPI1_IRQHandler
                0x08000360                TIM1_BRK_TIM9_IRQHandler
                0x08000360                DMA2_Stream3_IRQHandler
                0x08000360                USART6_IRQHandler
                0x08000360                DMA2_Stream0_IRQHandler
                0x08000360                TIM4_IRQHandler
                0x08000360                I2C1_EV_IRQHandler
                0x08000360                DMA1_Stream6_IRQHandler
                0x08000360                DMA1_Stream1_IRQHandler
                0x08000360                RCC_IRQHandler
                0x08000360                Default_Handler
                0x08000360                EXTI15_10_IRQHandler
                0x08000360                ADC_IRQHandler
                0x08000360                DMA1_Stream7_IRQHandler
                0x08000360                SPI5_IRQHandler
                0x08000360                TIM5_IRQHandler
                0x08000360                DMA2_Stream7_IRQHandler
                0x08000360                I2C3_EV_IRQHandler
                0x08000360                EXTI9_5_IRQHandler
                0x08000360                RTC_WKUP_IRQHandler
                0x08000360                SPI2_IRQHandler
                0x08000360                MemManage_Handler
                0x08000360                DMA1_Stream0_IRQHandler
                0x08000360                SVC_Handler
                0x08000360                EXTI4_IRQHandler
                0x08000360                WWDG_IRQHandler
                0x08000360                TIM2_IRQHandler
                0x08000360                OTG_FS_WKUP_IRQHandler
                0x08000360                TIM1_TRG_COM_TIM11_IRQHandler
                0x08000360                EXTI1_IRQHandler
                0x08000360                USART2_IRQHandler
                0x08000360                I2C2_ER_IRQHandler
                0x08000360                DMA2_Stream1_IRQHandler
                0x08000360                FLASH_IRQHandler
                0x08000360                DMA2_Stream4_IRQHandler
                0x08000360                BusFault_Handler
                0x08000360                USART1_IRQHandler
                0x08000360                OTG_FS_IRQHandler
                0x08000360                SPI3_IRQHandler
                0x08000360                DMA1_Stream4_IRQHandler
                0x08000360                I2C1_ER_IRQHandler
                0x08000360                DMA2_Stream6_IRQHandler
                0x08000360                DMA1_Stream3_IRQHandler
 *fill*         0x08000362        0x2 
 .text.GPIOConfigurePin
                0x08000364      0x2fc src\stm_core.o
                0x08000364                GPIOConfigurePin
 .text.GPIOToggle
                0x08000660       0x28 src\stm_core.o
                0x08000660                GPIOToggle
 .text.SystemInit
                0x08000688       0x6c src\system_stm32f4xx.o
                0x08000688                SystemInit
 .text.__libc_init_array
                0x080006f4       0x48 d:/programy/truestudio for stm32 9.3.0/armtools/bin/../lib/gcc/arm-atollic-eabi/6.3.1/../../../../arm-atollic-eabi/lib/armv7e-m/fpu\libc_nano.a(lib_a-init.o)
                0x080006f4                __libc_init_array
 *(.glue_7)
 .glue_7        0x0800073c        0x0 linker stubs
 *(.glue_7t)
 .glue_7t       0x0800073c        0x0 linker stubs
 *(.eh_frame)
 .eh_frame      0x0800073c        0x0 d:/programy/truestudio for stm32 9.3.0/armtools/bin/../lib/gcc/arm-atollic-eabi/6.3.1/armv7e-m/fpu/crtbegin.o
 *(.init)
 .init          0x0800073c        0x4 d:/programy/truestudio for stm32 9.3.0/armtools/bin/../lib/gcc/arm-atollic-eabi/6.3.1/armv7e-m/fpu/crti.o
                0x0800073c                _init
 .init          0x08000740        0x8 d:/programy/truestudio for stm32 9.3.0/armtools/bin/../lib/gcc/arm-atollic-eabi/6.3.1/armv7e-m/fpu/crtn.o
 *(.fini)
 .fini          0x08000748        0x4 d:/programy/truestudio for stm32 9.3.0/armtools/bin/../lib/gcc/arm-atollic-eabi/6.3.1/armv7e-m/fpu/crti.o
                0x08000748                _fini
 .fini          0x0800074c        0x8 d:/programy/truestudio for stm32 9.3.0/armtools/bin/../lib/gcc/arm-atollic-eabi/6.3.1/armv7e-m/fpu/crtn.o
                0x08000754                . = ALIGN (0x4)
                0x08000754                _etext = .

.vfp11_veneer   0x08000754        0x0
 .vfp11_veneer  0x08000754        0x0 linker stubs

.v4_bx          0x08000754        0x0
 .v4_bx         0x08000754        0x0 linker stubs

.iplt           0x08000754        0x0
 .iplt          0x08000754        0x0 d:/programy/truestudio for stm32 9.3.0/armtools/bin/../lib/gcc/arm-atollic-eabi/6.3.1/armv7e-m/fpu/crtbegin.o

.rel.dyn        0x08000754        0x0
 .rel.iplt      0x08000754        0x0 d:/programy/truestudio for stm32 9.3.0/armtools/bin/../lib/gcc/arm-atollic-eabi/6.3.1/armv7e-m/fpu/crtbegin.o

.rodata         0x08000754        0x0
                0x08000754                . = ALIGN (0x4)
 *(.rodata)
 *(.rodata*)
                0x08000754                . = ALIGN (0x4)

.ARM.extab
 *(.ARM.extab* .gnu.linkonce.armextab.*)

.ARM            0x08000754        0x0
                0x08000754                __exidx_start = .
 *(.ARM.exidx*)
                0x08000754                __exidx_end = .

.preinit_array  0x08000754        0x0
                0x08000754                PROVIDE (__preinit_array_start, .)
 *(.preinit_array*)
                0x08000754                PROVIDE (__preinit_array_end, .)

.init_array     0x08000754        0x4
                0x08000754                PROVIDE (__init_array_start, .)
 *(SORT(.init_array.*))
 *(.init_array*)
 .init_array    0x08000754        0x4 d:/programy/truestudio for stm32 9.3.0/armtools/bin/../lib/gcc/arm-atollic-eabi/6.3.1/armv7e-m/fpu/crtbegin.o
                0x08000758                PROVIDE (__init_array_end, .)

.fini_array     0x08000758        0x4
                [!provide]                PROVIDE (__fini_array_start, .)
 *(SORT(.fini_array.*))
 *(.fini_array*)
 .fini_array    0x08000758        0x4 d:/programy/truestudio for stm32 9.3.0/armtools/bin/../lib/gcc/arm-atollic-eabi/6.3.1/armv7e-m/fpu/crtbegin.o
                [!provide]                PROVIDE (__fini_array_end, .)
                0x0800075c                _sidata = LOADADDR (.data)

.data           0x20000000        0x4 load address 0x0800075c
                0x20000000                . = ALIGN (0x4)
                0x20000000                _sdata = .
 *(.data)
 *(.data*)
 .data.SystemCoreClock
                0x20000000        0x4 src\system_stm32f4xx.o
                0x20000000                SystemCoreClock
                0x20000004                . = ALIGN (0x4)
                0x20000004                _edata = .

.igot.plt       0x20000004        0x0 load address 0x08000760
 .igot.plt      0x20000004        0x0 d:/programy/truestudio for stm32 9.3.0/armtools/bin/../lib/gcc/arm-atollic-eabi/6.3.1/armv7e-m/fpu/crtbegin.o
                0x20000004                . = ALIGN (0x4)

.bss            0x20000004       0x24 load address 0x08000760
                0x20000004                _sbss = .
                0x20000004                __bss_start__ = _sbss
 *(.bss)
 .bss           0x20000004       0x1c d:/programy/truestudio for stm32 9.3.0/armtools/bin/../lib/gcc/arm-atollic-eabi/6.3.1/armv7e-m/fpu/crtbegin.o
 *(.bss*)
 .bss.tim3irq   0x20000020        0x1 src\main.o
                0x20000020                tim3irq
 *fill*         0x20000021        0x3 
 .bss.cnt.6509  0x20000024        0x4 src\main.o
 *(COMMON)
                0x20000028                . = ALIGN (0x4)
                0x20000028                _ebss = .
                0x20000028                __bss_end__ = _ebss

._user_heap_stack
                0x20000028      0x400 load address 0x08000760
                0x20000028                . = ALIGN (0x4)
                [!provide]                PROVIDE (end, .)
                [!provide]                PROVIDE (_end, .)
                0x20000028                . = (. + _Min_Heap_Size)
                0x20000428                . = (. + _Min_Stack_Size)
 *fill*         0x20000028      0x400 
                0x20000428                . = ALIGN (0x4)

.memory_b1_text
 *(.mb1text)
 *(.mb1text*)
 *(.mb1rodata)
 *(.mb1rodata*)

/DISCARD/
 libc.a(*)
 libm.a(*)
 libgcc.a(*)

.ARM.attributes
                0x00000000       0x30
 *(.ARM.attributes)
 .ARM.attributes
                0x00000000       0x22 d:/programy/truestudio for stm32 9.3.0/armtools/bin/../lib/gcc/arm-atollic-eabi/6.3.1/armv7e-m/fpu/crti.o
 .ARM.attributes
                0x00000022       0x34 d:/programy/truestudio for stm32 9.3.0/armtools/bin/../lib/gcc/arm-atollic-eabi/6.3.1/armv7e-m/fpu/crtbegin.o
 .ARM.attributes
                0x00000056       0x39 src\main.o
 .ARM.attributes
                0x0000008f       0x21 src\startup_stm32f411xe.o
 .ARM.attributes
                0x000000b0       0x39 src\stm_core.o
 .ARM.attributes
                0x000000e9       0x39 src\system_stm32f4xx.o
 .ARM.attributes
                0x00000122       0x34 d:/programy/truestudio for stm32 9.3.0/armtools/bin/../lib/gcc/arm-atollic-eabi/6.3.1/../../../../arm-atollic-eabi/lib/armv7e-m/fpu\libc_nano.a(lib_a-init.o)
 .ARM.attributes
                0x00000156       0x22 d:/programy/truestudio for stm32 9.3.0/armtools/bin/../lib/gcc/arm-atollic-eabi/6.3.1/armv7e-m/fpu/crtn.o
OUTPUT(Domaci_Priprava_Timer_Preruseni_Od_Timeru.elf elf32-littlearm)

.debug_info     0x00000000     0x117b
 .debug_info    0x00000000      0x7c4 src\main.o
 .debug_info    0x000007c4       0x89 src\startup_stm32f411xe.o
 .debug_info    0x0000084d      0x464 src\stm_core.o
 .debug_info    0x00000cb1      0x4ca src\system_stm32f4xx.o

.debug_abbrev   0x00000000      0x3e2
 .debug_abbrev  0x00000000      0x178 src\main.o
 .debug_abbrev  0x00000178       0x12 src\startup_stm32f411xe.o
 .debug_abbrev  0x0000018a      0x139 src\stm_core.o
 .debug_abbrev  0x000002c3      0x11f src\system_stm32f4xx.o

.debug_aranges  0x00000000       0xb8
 .debug_aranges
                0x00000000       0x30 src\main.o
 .debug_aranges
                0x00000030       0x28 src\startup_stm32f411xe.o
 .debug_aranges
                0x00000058       0x38 src\stm_core.o
 .debug_aranges
                0x00000090       0x28 src\system_stm32f4xx.o

.debug_ranges   0x00000000       0x80
 .debug_ranges  0x00000000       0x20 src\main.o
 .debug_ranges  0x00000020       0x20 src\startup_stm32f411xe.o
 .debug_ranges  0x00000040       0x28 src\stm_core.o
 .debug_ranges  0x00000068       0x18 src\system_stm32f4xx.o

.debug_line     0x00000000      0x5fe
 .debug_line    0x00000000      0x1c2 src\main.o
 .debug_line    0x000001c2       0x7b src\startup_stm32f411xe.o
 .debug_line    0x0000023d      0x20e src\stm_core.o
 .debug_line    0x0000044b      0x1b3 src\system_stm32f4xx.o

.debug_str      0x00000000      0x8f6
 .debug_str     0x00000000      0x7c3 src\main.o
                                0x81a (size before relaxing)
 .debug_str     0x000007c3       0x7b src\stm_core.o
                                0x42e (size before relaxing)
 .debug_str     0x0000083e       0xb8 src\system_stm32f4xx.o
                                0x3a5 (size before relaxing)

.comment        0x00000000       0x7c
 .comment       0x00000000       0x7c src\main.o
                                 0x7d (size before relaxing)
 .comment       0x0000007c       0x7d src\stm_core.o
 .comment       0x0000007c       0x7d src\system_stm32f4xx.o

.debug_frame    0x00000000      0x1a4
 .debug_frame   0x00000000       0x70 src\main.o
 .debug_frame   0x00000070       0xb0 src\stm_core.o
 .debug_frame   0x00000120       0x58 src\system_stm32f4xx.o
 .debug_frame   0x00000178       0x2c d:/programy/truestudio for stm32 9.3.0/armtools/bin/../lib/gcc/arm-atollic-eabi/6.3.1/../../../../arm-atollic-eabi/lib/armv7e-m/fpu\libc_nano.a(lib_a-init.o)

.stabstr        0x00000000       0x3f
 .stabstr       0x00000000       0x3f d:/programy/truestudio for stm32 9.3.0/armtools/bin/../lib/gcc/arm-atollic-eabi/6.3.1/../../../../arm-atollic-eabi/lib/armv7e-m/fpu\libnosys.a(write.o)

Cross Reference Table

Symbol                                            File
ADC_IRQHandler                                    src\startup_stm32f411xe.o
AHBPrescTable                                     src\system_stm32f4xx.o
BusFault_Handler                                  src\startup_stm32f411xe.o
BuzzerTone                                        src\mpp_shield.o
DMA1_Stream0_IRQHandler                           src\startup_stm32f411xe.o
DMA1_Stream1_IRQHandler                           src\startup_stm32f411xe.o
DMA1_Stream2_IRQHandler                           src\startup_stm32f411xe.o
DMA1_Stream3_IRQHandler                           src\startup_stm32f411xe.o
DMA1_Stream4_IRQHandler                           src\startup_stm32f411xe.o
DMA1_Stream5_IRQHandler                           src\startup_stm32f411xe.o
DMA1_Stream6_IRQHandler                           src\startup_stm32f411xe.o
DMA1_Stream7_IRQHandler                           src\startup_stm32f411xe.o
DMA2_Stream0_IRQHandler                           src\startup_stm32f411xe.o
DMA2_Stream1_IRQHandler                           src\startup_stm32f411xe.o
DMA2_Stream2_IRQHandler                           src\startup_stm32f411xe.o
DMA2_Stream3_IRQHandler                           src\startup_stm32f411xe.o
DMA2_Stream4_IRQHandler                           src\startup_stm32f411xe.o
DMA2_Stream5_IRQHandler                           src\startup_stm32f411xe.o
DMA2_Stream6_IRQHandler                           src\startup_stm32f411xe.o
DMA2_Stream7_IRQHandler                           src\startup_stm32f411xe.o
DebugMon_Handler                                  src\startup_stm32f411xe.o
Default_Handler                                   src\startup_stm32f411xe.o
EXTI0_IRQHandler                                  src\startup_stm32f411xe.o
EXTI15_10_IRQHandler                              src\startup_stm32f411xe.o
EXTI1_IRQHandler                                  src\startup_stm32f411xe.o
EXTI2_IRQHandler                                  src\startup_stm32f411xe.o
EXTI3_IRQHandler                                  src\startup_stm32f411xe.o
EXTI4_IRQHandler                                  src\startup_stm32f411xe.o
EXTI9_5_IRQHandler                                src\startup_stm32f411xe.o
FLASH_IRQHandler                                  src\startup_stm32f411xe.o
FPU_IRQHandler                                    src\startup_stm32f411xe.o
GPIOConfigurePin                                  src\stm_core.o
                                                  src\main.o
GPIORead                                          src\stm_core.o
GPIOToggle                                        src\stm_core.o
                                                  src\main.o
GPIOWrite                                         src\stm_core.o
                                                  src\mpp_shield.o
HardFault_Handler                                 src\startup_stm32f411xe.o
I2C1_ER_IRQHandler                                src\startup_stm32f411xe.o
I2C1_EV_IRQHandler                                src\startup_stm32f411xe.o
I2C2_ER_IRQHandler                                src\startup_stm32f411xe.o
I2C2_EV_IRQHandler                                src\startup_stm32f411xe.o
I2C3_ER_IRQHandler                                src\startup_stm32f411xe.o
I2C3_EV_IRQHandler                                src\startup_stm32f411xe.o
Inicializace8LED                                  src\mpp_shield.o
MemManage_Handler                                 src\startup_stm32f411xe.o
NMI_Handler                                       src\startup_stm32f411xe.o
OTG_FS_IRQHandler                                 src\startup_stm32f411xe.o
OTG_FS_WKUP_IRQHandler                            src\startup_stm32f411xe.o
PVD_IRQHandler                                    src\startup_stm32f411xe.o
PendSV_Handler                                    src\startup_stm32f411xe.o
RCC_IRQHandler                                    src\startup_stm32f411xe.o
RTC_Alarm_IRQHandler                              src\startup_stm32f411xe.o
RTC_WKUP_IRQHandler                               src\startup_stm32f411xe.o
Reset_Handler                                     src\startup_stm32f411xe.o
SDIO_IRQHandler                                   src\startup_stm32f411xe.o
SPI1_IRQHandler                                   src\startup_stm32f411xe.o
SPI2_IRQHandler                                   src\startup_stm32f411xe.o
SPI3_IRQHandler                                   src\startup_stm32f411xe.o
SPI4_IRQHandler                                   src\startup_stm32f411xe.o
SPI5_IRQHandler                                   src\startup_stm32f411xe.o
SVC_Handler                                       src\startup_stm32f411xe.o
Sleep                                             src\mpp_shield.o
SysTick_Handler                                   src\startup_stm32f411xe.o
SystemCoreClock                                   src\system_stm32f4xx.o
                                                  src\main.o
SystemCoreClockUpdate                             src\system_stm32f4xx.o
SystemInit                                        src\system_stm32f4xx.o
                                                  src\startup_stm32f411xe.o
TAMP_STAMP_IRQHandler                             src\startup_stm32f411xe.o
TIM1_BRK_TIM9_IRQHandler                          src\startup_stm32f411xe.o
TIM1_CC_IRQHandler                                src\startup_stm32f411xe.o
TIM1_TRG_COM_TIM11_IRQHandler                     src\startup_stm32f411xe.o
TIM1_UP_TIM10_IRQHandler                          src\startup_stm32f411xe.o
TIM2_IRQHandler                                   src\startup_stm32f411xe.o
TIM3_IRQHandler                                   src\main.o
TIM4_IRQHandler                                   src\startup_stm32f411xe.o
TIM5_IRQHandler                                   src\startup_stm32f411xe.o
USART1_IRQHandler                                 src\startup_stm32f411xe.o
USART2_IRQHandler                                 src\startup_stm32f411xe.o
USART6_IRQHandler                                 src\startup_stm32f411xe.o
UsageFault_Handler                                src\startup_stm32f411xe.o
WWDG_IRQHandler                                   src\startup_stm32f411xe.o
Write8LED                                         src\mpp_shield.o
WriteSPILED                                       src\mpp_shield.o
__deregister_frame_info                           d:/programy/truestudio for stm32 9.3.0/armtools/bin/../lib/gcc/arm-atollic-eabi/6.3.1/armv7e-m/fpu/crtbegin.o
__dso_handle                                      d:/programy/truestudio for stm32 9.3.0/armtools/bin/../lib/gcc/arm-atollic-eabi/6.3.1/armv7e-m/fpu/crtbegin.o
__init_array_end                                  d:/programy/truestudio for stm32 9.3.0/armtools/bin/../lib/gcc/arm-atollic-eabi/6.3.1/../../../../arm-atollic-eabi/lib/armv7e-m/fpu\libc_nano.a(lib_a-init.o)
__init_array_start                                d:/programy/truestudio for stm32 9.3.0/armtools/bin/../lib/gcc/arm-atollic-eabi/6.3.1/../../../../arm-atollic-eabi/lib/armv7e-m/fpu\libc_nano.a(lib_a-init.o)
__libc_init_array                                 d:/programy/truestudio for stm32 9.3.0/armtools/bin/../lib/gcc/arm-atollic-eabi/6.3.1/../../../../arm-atollic-eabi/lib/armv7e-m/fpu\libc_nano.a(lib_a-init.o)
                                                  src\startup_stm32f411xe.o
__preinit_array_end                               d:/programy/truestudio for stm32 9.3.0/armtools/bin/../lib/gcc/arm-atollic-eabi/6.3.1/../../../../arm-atollic-eabi/lib/armv7e-m/fpu\libc_nano.a(lib_a-init.o)
__preinit_array_start                             d:/programy/truestudio for stm32 9.3.0/armtools/bin/../lib/gcc/arm-atollic-eabi/6.3.1/../../../../arm-atollic-eabi/lib/armv7e-m/fpu\libc_nano.a(lib_a-init.o)
__register_frame_info                             d:/programy/truestudio for stm32 9.3.0/armtools/bin/../lib/gcc/arm-atollic-eabi/6.3.1/armv7e-m/fpu/crtbegin.o
_ebss                                             src\startup_stm32f411xe.o
_edata                                            src\startup_stm32f411xe.o
_estack                                           src\startup_stm32f411xe.o
_fini                                             d:/programy/truestudio for stm32 9.3.0/armtools/bin/../lib/gcc/arm-atollic-eabi/6.3.1/armv7e-m/fpu/crti.o
_init                                             d:/programy/truestudio for stm32 9.3.0/armtools/bin/../lib/gcc/arm-atollic-eabi/6.3.1/armv7e-m/fpu/crti.o
                                                  d:/programy/truestudio for stm32 9.3.0/armtools/bin/../lib/gcc/arm-atollic-eabi/6.3.1/../../../../arm-atollic-eabi/lib/armv7e-m/fpu\libc_nano.a(lib_a-init.o)
_sbss                                             src\startup_stm32f411xe.o
_sdata                                            src\startup_stm32f411xe.o
_sidata                                           src\startup_stm32f411xe.o
_write                                            d:/programy/truestudio for stm32 9.3.0/armtools/bin/../lib/gcc/arm-atollic-eabi/6.3.1/../../../../arm-atollic-eabi/lib/armv7e-m/fpu\libnosys.a(write.o)
                                                  src\tiny_printf.o
errno                                             d:/programy/truestudio for stm32 9.3.0/armtools/bin/../lib/gcc/arm-atollic-eabi/6.3.1/../../../../arm-atollic-eabi/lib/armv7e-m/fpu\libnosys.a(errno.o)
                                                  d:/programy/truestudio for stm32 9.3.0/armtools/bin/../lib/gcc/arm-atollic-eabi/6.3.1/../../../../arm-atollic-eabi/lib/armv7e-m/fpu\libnosys.a(write.o)
fiprintf                                          src\tiny_printf.o
fprintf                                           src\tiny_printf.o
fputs                                             src\tiny_printf.o
fwrite                                            src\tiny_printf.o
g_pfnVectors                                      src\startup_stm32f411xe.o
iprintf                                           src\tiny_printf.o
main                                              src\main.o
                                                  src\startup_stm32f411xe.o
printf                                            src\tiny_printf.o
puts                                              src\tiny_printf.o
siprintf                                          src\tiny_printf.o
sprintf                                           src\tiny_printf.o
strlen                                            d:/programy/truestudio for stm32 9.3.0/armtools/bin/../lib/gcc/arm-atollic-eabi/6.3.1/../../../../arm-atollic-eabi/lib/armv7e-m/fpu\libc_nano.a(lib_a-strlen.o)
                                                  src\tiny_printf.o
tim3irq                                           src\main.o
ts_formatlength                                   src\tiny_printf.o
ts_formatstring                                   src\tiny_printf.o
ts_itoa                                           src\tiny_printf.o
