disp_multi_hilevel.c:15:6:DISP_SetHiLevelDisp	24	static
disp_multi_hilevel.c:32:6:DISP_SetFont	16	static
disp_multi_hilevel.c:67:14:DISP_GetCharPerRow	4	static
disp_multi_hilevel.c:72:14:DISP_GetRowPerDisp	4	static
disp_multi_hilevel.c:80:6:DISP_TextForeColor	16	static
disp_multi_hilevel.c:85:6:DISP_TextBackColor	16	static
disp_multi_hilevel.c:90:6:DISP_GotoXY	16	static
disp_multi_hilevel.c:96:6:DISP_WriteChar	16	static
disp_multi_hilevel.c:111:6:DISP_WriteString	16	static
disp_multi_hilevel.c:121:6:DISP_WriteCharXY	64	static
disp_multi_hilevel.c:187:6:DISP_Clear	8	static
disp_multi_hilevel.c:192:6:DISP_Fill	24	static
disp_multi_hilevel.c:210:6:DISP_DrawPixel	24	static
disp_multi_hilevel.c:216:6:DISP_DrawLine	48	static
disp_multi_hilevel.c:242:6:DISP_DrawRect	32	static
disp_multi_hilevel.c:250:6:DISP_FillRect	32	static
disp_multi_hilevel.c:268:6:DISP_DrawCircle	40	static
disp_multi_hilevel.c:299:6:DISP_FillCircle	72	static
