core_cm4.h:1626:22:NVIC_EnableIRQ	16	static
oled_1306.c:49:6:OLEDInit_HW	8	static
oled_1306.c:93:6:OLED_Write8	16	static
oled_1306.c:101:6:OLED_WriteCmd	16	static
oled_1306.c:111:6:OLEDInit_SW	16	static
oled_1306.c:171:6:OLED_SetPage	16	static
oled_1306.c:189:6:OLED_SetAllRow	8	static
oled_1306.c:207:6:OLED_Refresh	16	static
oled_1306.c:265:13:OLED_DrawPixel	16	static
oled_1306.c:276:13:OLED_SetByte	24	static
oled_1306.c:287:6:OLED_Init	32	static
oled_1306.c:355:6:TIM3_IRQHandler	8	static
oled_1306.c:367:6:DMA2_Stream3_IRQHandler	8	static
