16:16:13 **** Incremental Build of configuration Debug for project ASE_data_sender ****
Info: Internal Builder is used for build
arm-atollic-eabi-gcc -c ..\src\mina_shield_mbed.c -mthumb -mcpu=cortex-m4 -mfloat-abi=hard -mfpu=fpv4-sp-d16 -std=gnu11 -DSTM32F411xE -DHSE_VALUE=8000000 -I../src -I../Drivers/CMSIS/Include -I../Drivers/CMSIS/Device/ST/STM32F4xx/Include -I../Drivers/STM32F4xx_HAL_Driver/Inc -O0 -ffunction-sections -fdata-sections -g -fstack-usage -Wall -specs=nano.specs -o src\mina_shield_mbed.o 
arm-atollic-eabi-gcc -c ..\src\nucleo_usart.c -mthumb -mcpu=cortex-m4 -mfloat-abi=hard -mfpu=fpv4-sp-d16 -std=gnu11 -DSTM32F411xE -DHSE_VALUE=8000000 -I../src -I../Drivers/CMSIS/Include -I../Drivers/CMSIS/Device/ST/STM32F4xx/Include -I../Drivers/STM32F4xx_HAL_Driver/Inc -O0 -ffunction-sections -fdata-sections -g -fstack-usage -Wall -specs=nano.specs -o src\nucleo_usart.o 
arm-atollic-eabi-gcc -c ..\src\tiny_printf.c -mthumb -mcpu=cortex-m4 -mfloat-abi=hard -mfpu=fpv4-sp-d16 -std=gnu11 -DSTM32F411xE -DHSE_VALUE=8000000 -I../src -I../Drivers/CMSIS/Include -I../Drivers/CMSIS/Device/ST/STM32F4xx/Include -I../Drivers/STM32F4xx_HAL_Driver/Inc -O0 -ffunction-sections -fdata-sections -g -fstack-usage -Wall -specs=nano.specs -o src\tiny_printf.o 
arm-atollic-eabi-gcc -c ..\src\mbed_shield_lcd.c -mthumb -mcpu=cortex-m4 -mfloat-abi=hard -mfpu=fpv4-sp-d16 -std=gnu11 -DSTM32F411xE -DHSE_VALUE=8000000 -I../src -I../Drivers/CMSIS/Include -I../Drivers/CMSIS/Device/ST/STM32F4xx/Include -I../Drivers/STM32F4xx_HAL_Driver/Inc -O0 -ffunction-sections -fdata-sections -g -fstack-usage -Wall -specs=nano.specs -o src\mbed_shield_lcd.o 
arm-atollic-eabi-gcc -c ..\src\stm_core.c -mthumb -mcpu=cortex-m4 -mfloat-abi=hard -mfpu=fpv4-sp-d16 -std=gnu11 -DSTM32F411xE -DHSE_VALUE=8000000 -I../src -I../Drivers/CMSIS/Include -I../Drivers/CMSIS/Device/ST/STM32F4xx/Include -I../Drivers/STM32F4xx_HAL_Driver/Inc -O0 -ffunction-sections -fdata-sections -g -fstack-usage -Wall -specs=nano.specs -o src\stm_core.o 
arm-atollic-eabi-gcc -c ..\src\system_stm32f4xx.c -mthumb -mcpu=cortex-m4 -mfloat-abi=hard -mfpu=fpv4-sp-d16 -std=gnu11 -DSTM32F411xE -DHSE_VALUE=8000000 -I../src -I../Drivers/CMSIS/Include -I../Drivers/CMSIS/Device/ST/STM32F4xx/Include -I../Drivers/STM32F4xx_HAL_Driver/Inc -O0 -ffunction-sections -fdata-sections -g -fstack-usage -Wall -specs=nano.specs -o src\system_stm32f4xx.o 
arm-atollic-eabi-gcc -c ..\src\main.c -mthumb -mcpu=cortex-m4 -mfloat-abi=hard -mfpu=fpv4-sp-d16 -std=gnu11 -DSTM32F411xE -DHSE_VALUE=8000000 -I../src -I../Drivers/CMSIS/Include -I../Drivers/CMSIS/Device/ST/STM32F4xx/Include -I../Drivers/STM32F4xx_HAL_Driver/Inc -O0 -ffunction-sections -fdata-sections -g -fstack-usage -Wall -specs=nano.specs -o src\main.o 
arm-atollic-eabi-gcc -c ..\src\syscalls.c -mthumb -mcpu=cortex-m4 -mfloat-abi=hard -mfpu=fpv4-sp-d16 -std=gnu11 -DSTM32F411xE -DHSE_VALUE=8000000 -I../src -I../Drivers/CMSIS/Include -I../Drivers/CMSIS/Device/ST/STM32F4xx/Include -I../Drivers/STM32F4xx_HAL_Driver/Inc -O0 -ffunction-sections -fdata-sections -g -fstack-usage -Wall -specs=nano.specs -o src\syscalls.o 
arm-atollic-eabi-gcc -o ASE_data_sender.elf src\main.o src\mbed_shield_lcd.o src\mina_shield_mbed.o src\nucleo_usart.o src\startup_stm32f411xe.o src\stm_core.o src\syscalls.o src\system_stm32f4xx.o src\tiny_printf.o -mthumb -mcpu=cortex-m4 -mfloat-abi=hard -mfpu=fpv4-sp-d16 -T../stm32_flash.ld -specs=nosys.specs -static -Wl,-cref,-u,Reset_Handler -Wl,-Map=ASE_data_sender.map -Wl,--gc-sections -Wl,--defsym=malloc_getpagesize_P=0x80 -Wl,--start-group -lc -lm -Wl,--end-group -specs=nano.specs 
D:\Programy\TrueSTUDIO for STM32 9.3.0\ide\jre\bin\java -jar D:\Programy\TrueSTUDIO for STM32 9.3.0\Tools\arm-atollic-reports.jar sizeinfo list ASE_data_sender.elf 
Generate build reports...
Print size information
   text	   data	    bss	    dec	    hex	filename
   5988	    112	   1072	   7172	   1c04	ASE_data_sender.elf
Print size information done
Generate listing file
Output sent to: ASE_data_sender.list
Generate listing file done
Generate build reports done

16:16:18 Build Finished (took 4s.512ms)

