14:10:29 **** Incremental Build of configuration Debug for project Cviceni2_Speaker_PWM ****
Info: Internal Builder is used for build
arm-atollic-eabi-gcc -c ..\src\main.c -mthumb -mcpu=cortex-m4 -mfloat-abi=hard -mfpu=fpv4-sp-d16 -std=gnu11 -DSTM32F411xE -I../src -I../Drivers/CMSIS/Include -I../Drivers/CMSIS/Device/ST/STM32F4xx/Include -I../Drivers/STM32F4xx_HAL_Driver/Inc -O0 -ffunction-sections -fdata-sections -g -fstack-usage -Wall -specs=nano.specs -o src\main.o 
..\src\main.c: In function 'main':
..\src\main.c:46:11: warning: unused variable 'timeConstant' [-Wunused-variable]
  uint32_t timeConstant = 100;
           ^~~~~~~~~~~~
arm-atollic-eabi-gcc -o Cviceni2_Speaker_PWM.elf src\main.o src\mina_shield_mbed.o src\nucleo_usart.o src\startup_stm32f411xe.o src\stm_core.o src\syscalls.o src\system_stm32f4xx.o src\tiny_printf.o -mthumb -mcpu=cortex-m4 -mfloat-abi=hard -mfpu=fpv4-sp-d16 -T../stm32_flash.ld -specs=nosys.specs -static -Wl,-cref,-u,Reset_Handler -Wl,-Map=Cviceni2_Speaker_PWM.map -Wl,--gc-sections -Wl,--defsym=malloc_getpagesize_P=0x80 -Wl,--start-group -lc -lm -Wl,--end-group -specs=nano.specs 
D:\Programy\TrueSTUDIO for STM32 9.3.0\ide\jre\bin\java -jar D:\Programy\TrueSTUDIO for STM32 9.3.0\Tools\arm-atollic-reports.jar sizeinfo list Cviceni2_Speaker_PWM.elf 
Generate build reports...
Print size information
   text	   data	    bss	    dec	    hex	filename
   4668	     12	   1056	   5736	   1668	Cviceni2_Speaker_PWM.elf
Print size information done
Generate listing file
Output sent to: Cviceni2_Speaker_PWM.list
Generate listing file done
Generate build reports done

14:10:30 Build Finished (took 887ms)

