16:22:52 **** Incremental Build of configuration Debug for project Cviceni10_RTOS ****
Info: Internal Builder is used for build
arm-atollic-eabi-gcc -c ..\src\main.c -mthumb -mcpu=cortex-m4 -mfloat-abi=hard -mfpu=fpv4-sp-d16 -std=gnu11 -DSTM32F411xE -DHSE_VALUE=8000000 -I../src -IC:\Users\Lapunik\Dropbox\ARM hardware\MINA\Projekty\Cviceni10_RTOS\src\FreeRTOS\include -IC:\Users\Lapunik\Dropbox\ARM hardware\MINA\Projekty\Cviceni10_RTOS\src\FreeRTOS\portable -I../Drivers/CMSIS/Include -I../Drivers/CMSIS/Device/ST/STM32F4xx/Include -I../Drivers/STM32F4xx_HAL_Driver/Inc -O0 -ffunction-sections -fdata-sections -g -fstack-usage -Wall -specs=nano.specs -o src\main.o 
arm-atollic-eabi-gcc -o Cviceni10_RTOS.elf src\FreeRTOS\croutine.o src\FreeRTOS\event_groups.o src\FreeRTOS\heap_2.o src\FreeRTOS\list.o src\FreeRTOS\portable\port.o src\FreeRTOS\queue.o src\FreeRTOS\stream_buffer.o src\FreeRTOS\tasks.o src\FreeRTOS\timers.o src\main.o src\mina_shield_mbed.o src\startup_stm32f411xe.o src\stm_core.o src\syscalls.o src\system_stm32f4xx.o src\tiny_printf.o -mthumb -mcpu=cortex-m4 -mfloat-abi=hard -mfpu=fpv4-sp-d16 -T../stm32_flash.ld -specs=nosys.specs -static -Wl,-cref,-u,Reset_Handler -Wl,-Map=Cviceni10_RTOS.map -Wl,--gc-sections -Wl,--defsym=malloc_getpagesize_P=0x80 -Wl,--start-group -lc -lm -Wl,--end-group -specs=nano.specs 
D:\Programy\TrueSTUDIO for STM32 9.3.0\ide\jre\bin\java -jar D:\Programy\TrueSTUDIO for STM32 9.3.0\Tools\arm-atollic-reports.jar sizeinfo list Cviceni10_RTOS.elf 
Generate build reports...
Print size information
   text	   data	    bss	    dec	    hex	filename
  11688	     20	  78264	  89972	  15f74	Cviceni10_RTOS.elf
Print size information done
Generate listing file
Output sent to: Cviceni10_RTOS.list
Generate listing file done
Generate build reports done

16:22:53 Build Finished (took 1s.48ms)

