01:13:53 **** Rebuild of configuration Debug for project NF411_OLED_ASE ****
Info: Internal Builder is used for build
arm-atollic-eabi-gcc -c ..\src\font_system_5x7.c -mthumb -mcpu=cortex-m4 -mfloat-abi=hard -mfpu=fpv4-sp-d16 -std=gnu11 -DSTM32F411xE -DREFRESH_TIMER=3 -DHSE_VALUE=8000000 -I../src -I..\Drivers\CMSIS\Include -I..\Drivers\CMSIS\Device\ST\STM32F4xx\Include -O0 -ffunction-sections -fdata-sections -g -fstack-usage -Wall -o src\font_system_5x7.o 
arm-atollic-eabi-gcc -c ..\src\nucleo_uart.c -mthumb -mcpu=cortex-m4 -mfloat-abi=hard -mfpu=fpv4-sp-d16 -std=gnu11 -DSTM32F411xE -DREFRESH_TIMER=3 -DHSE_VALUE=8000000 -I../src -I..\Drivers\CMSIS\Include -I..\Drivers\CMSIS\Device\ST\STM32F4xx\Include -O0 -ffunction-sections -fdata-sections -g -fstack-usage -Wall -o src\nucleo_uart.o 
arm-atollic-eabi-gcc -c ..\src\systick_ms.c -mthumb -mcpu=cortex-m4 -mfloat-abi=hard -mfpu=fpv4-sp-d16 -std=gnu11 -DSTM32F411xE -DREFRESH_TIMER=3 -DHSE_VALUE=8000000 -I../src -I..\Drivers\CMSIS\Include -I..\Drivers\CMSIS\Device\ST\STM32F4xx\Include -O0 -ffunction-sections -fdata-sections -g -fstack-usage -Wall -o src\systick_ms.o 
arm-atollic-eabi-gcc -c ..\src\font_newbasic_3x6.c -mthumb -mcpu=cortex-m4 -mfloat-abi=hard -mfpu=fpv4-sp-d16 -std=gnu11 -DSTM32F411xE -DREFRESH_TIMER=3 -DHSE_VALUE=8000000 -I../src -I..\Drivers\CMSIS\Include -I..\Drivers\CMSIS\Device\ST\STM32F4xx\Include -O0 -ffunction-sections -fdata-sections -g -fstack-usage -Wall -o src\font_newbasic_3x6.o 
arm-atollic-eabi-gcc -c -mthumb -mcpu=cortex-m4 -mfloat-abi=hard -mfpu=fpv4-sp-d16 -g -Wa,--warn -x assembler-with-cpp -o src\startup_stm32f411xe.o ..\src\startup_stm32f411xe.s 
arm-atollic-eabi-gcc -c ..\src\nucleo_i2c.c -mthumb -mcpu=cortex-m4 -mfloat-abi=hard -mfpu=fpv4-sp-d16 -std=gnu11 -DSTM32F411xE -DREFRESH_TIMER=3 -DHSE_VALUE=8000000 -I../src -I..\Drivers\CMSIS\Include -I..\Drivers\CMSIS\Device\ST\STM32F4xx\Include -O0 -ffunction-sections -fdata-sections -g -fstack-usage -Wall -o src\nucleo_i2c.o 
arm-atollic-eabi-gcc -c ..\src\uart_ring.c -mthumb -mcpu=cortex-m4 -mfloat-abi=hard -mfpu=fpv4-sp-d16 -std=gnu11 -DSTM32F411xE -DREFRESH_TIMER=3 -DHSE_VALUE=8000000 -I../src -I..\Drivers\CMSIS\Include -I..\Drivers\CMSIS\Device\ST\STM32F4xx\Include -O0 -ffunction-sections -fdata-sections -g -fstack-usage -Wall -o src\uart_ring.o 
arm-atollic-eabi-gcc -c ..\src\font_wendy_3x5.c -mthumb -mcpu=cortex-m4 -mfloat-abi=hard -mfpu=fpv4-sp-d16 -std=gnu11 -DSTM32F411xE -DREFRESH_TIMER=3 -DHSE_VALUE=8000000 -I../src -I..\Drivers\CMSIS\Include -I..\Drivers\CMSIS\Device\ST\STM32F4xx\Include -O0 -ffunction-sections -fdata-sections -g -fstack-usage -Wall -o src\font_wendy_3x5.o 
arm-atollic-eabi-gcc -c ..\src\oled_1305.c -mthumb -mcpu=cortex-m4 -mfloat-abi=hard -mfpu=fpv4-sp-d16 -std=gnu11 -DSTM32F411xE -DREFRESH_TIMER=3 -DHSE_VALUE=8000000 -I../src -I..\Drivers\CMSIS\Include -I..\Drivers\CMSIS\Device\ST\STM32F4xx\Include -O0 -ffunction-sections -fdata-sections -g -fstack-usage -Wall -o src\oled_1305.o 
arm-atollic-eabi-gcc -c ..\src\syscalls.c -mthumb -mcpu=cortex-m4 -mfloat-abi=hard -mfpu=fpv4-sp-d16 -std=gnu11 -DSTM32F411xE -DREFRESH_TIMER=3 -DHSE_VALUE=8000000 -I../src -I..\Drivers\CMSIS\Include -I..\Drivers\CMSIS\Device\ST\STM32F4xx\Include -O0 -ffunction-sections -fdata-sections -g -fstack-usage -Wall -o src\syscalls.o 
arm-atollic-eabi-gcc -c ..\src\nucleo_core.c -mthumb -mcpu=cortex-m4 -mfloat-abi=hard -mfpu=fpv4-sp-d16 -std=gnu11 -DSTM32F411xE -DREFRESH_TIMER=3 -DHSE_VALUE=8000000 -I../src -I..\Drivers\CMSIS\Include -I..\Drivers\CMSIS\Device\ST\STM32F4xx\Include -O0 -ffunction-sections -fdata-sections -g -fstack-usage -Wall -o src\nucleo_core.o 
arm-atollic-eabi-gcc -c ..\src\font_thin_8x8.c -mthumb -mcpu=cortex-m4 -mfloat-abi=hard -mfpu=fpv4-sp-d16 -std=gnu11 -DSTM32F411xE -DREFRESH_TIMER=3 -DHSE_VALUE=8000000 -I../src -I..\Drivers\CMSIS\Include -I..\Drivers\CMSIS\Device\ST\STM32F4xx\Include -O0 -ffunction-sections -fdata-sections -g -fstack-usage -Wall -o src\font_thin_8x8.o 
..\src\uart_ring.c: In function 'UartRingCreate':
..\src\uart_ring.c:20:22: warning: assignment from incompatible pointer type [-Wincompatible-pointer-types]
   desc._lowLevelSend = desc._lowLevelDisIRQ_W = desc._lowLevelEnIRQ_W = NULL;
                      ^
arm-atollic-eabi-gcc -c ..\src\main.c -mthumb -mcpu=cortex-m4 -mfloat-abi=hard -mfpu=fpv4-sp-d16 -std=gnu11 -DSTM32F411xE -DREFRESH_TIMER=3 -DHSE_VALUE=8000000 -I../src -I..\Drivers\CMSIS\Include -I..\Drivers\CMSIS\Device\ST\STM32F4xx\Include -O0 -ffunction-sections -fdata-sections -g -fstack-usage -Wall -o src\main.o 
arm-atollic-eabi-gcc -c ..\src\disp_hilevel.c -mthumb -mcpu=cortex-m4 -mfloat-abi=hard -mfpu=fpv4-sp-d16 -std=gnu11 -DSTM32F411xE -DREFRESH_TIMER=3 -DHSE_VALUE=8000000 -I../src -I..\Drivers\CMSIS\Include -I..\Drivers\CMSIS\Device\ST\STM32F4xx\Include -O0 -ffunction-sections -fdata-sections -g -fstack-usage -Wall -o src\disp_hilevel.o 
arm-atollic-eabi-gcc -c ..\src\system_stm32f4xx.c -mthumb -mcpu=cortex-m4 -mfloat-abi=hard -mfpu=fpv4-sp-d16 -std=gnu11 -DSTM32F411xE -DREFRESH_TIMER=3 -DHSE_VALUE=8000000 -I../src -I..\Drivers\CMSIS\Include -I..\Drivers\CMSIS\Device\ST\STM32F4xx\Include -O0 -ffunction-sections -fdata-sections -g -fstack-usage -Wall -o src\system_stm32f4xx.o 
..\src\disp_hilevel.c: In function 'DISP_SetFont':
..\src\disp_hilevel.c:46:18: warning: assignment discards 'const' qualifier from pointer target type [-Wdiscarded-qualifiers]
       bpFontBase = font_atari_8x8_data + sizeof(FONT_Header_t);
                  ^
..\src\disp_hilevel.c:50:18: warning: assignment discards 'const' qualifier from pointer target type [-Wdiscarded-qualifiers]
       bpFontBase = font_thin_8x8_data + sizeof(FONT_Header_t);
                  ^
..\src\disp_hilevel.c:54:18: warning: assignment discards 'const' qualifier from pointer target type [-Wdiscarded-qualifiers]
       bpFontBase = font_system_5x7_data + sizeof(FONT_Header_t);
                  ^
..\src\disp_hilevel.c:58:18: warning: assignment discards 'const' qualifier from pointer target type [-Wdiscarded-qualifiers]
       bpFontBase = font_wendy_3x5_data + sizeof(FONT_Header_t);
                  ^
..\src\disp_hilevel.c:62:18: warning: assignment discards 'const' qualifier from pointer target type [-Wdiscarded-qualifiers]
       bpFontBase = font_newbasic_3x6_data + sizeof(FONT_Header_t);
                  ^
arm-atollic-eabi-gcc -c ..\src\font_atari_8x8.c -mthumb -mcpu=cortex-m4 -mfloat-abi=hard -mfpu=fpv4-sp-d16 -std=gnu11 -DSTM32F411xE -DREFRESH_TIMER=3 -DHSE_VALUE=8000000 -I../src -I..\Drivers\CMSIS\Include -I..\Drivers\CMSIS\Device\ST\STM32F4xx\Include -O0 -ffunction-sections -fdata-sections -g -fstack-usage -Wall -o src\font_atari_8x8.o 
arm-atollic-eabi-gcc -o NF411_OLED_ASE.elf src\disp_hilevel.o src\font_atari_8x8.o src\font_newbasic_3x6.o src\font_system_5x7.o src\font_thin_8x8.o src\font_wendy_3x5.o src\main.o src\nucleo_core.o src\nucleo_i2c.o src\nucleo_uart.o src\oled_1305.o src\startup_stm32f411xe.o src\syscalls.o src\system_stm32f4xx.o src\systick_ms.o src\uart_ring.o -mthumb -mcpu=cortex-m4 -mfloat-abi=hard -mfpu=fpv4-sp-d16 -T..\Debug_STM32F411RE_FLASH.ld -specs=nosys.specs -static -Wl,-cref,-u,Reset_Handler -Wl,-Map=NF411_OLED_ASE.map -Wl,--gc-sections -Wl,--defsym=malloc_getpagesize_P=0x80 -Wl,--start-group -lc -lm -Wl,--end-group 
D:\Programy\TrueSTUDIO for STM32 9.3.0\ide\jre\bin\java -jar D:\Programy\TrueSTUDIO for STM32 9.3.0\Tools\arm-atollic-reports.jar sizeinfo list NF411_OLED_ASE.elf 
Generate build reports...
Print size information
   text	   data	    bss	    dec	    hex	filename
  38568	   1952	   2224	  42744	   a6f8	NF411_OLED_ASE.elf
Print size information done
Generate listing file
Output sent to: NF411_OLED_ASE.list
Generate listing file done
Generate build reports done
Info: Parallel threads used: 11

01:14:01 Build Finished (took 7s.943ms)

