20:00:43 **** Incremental Build of configuration Debug for project Vanoce ****
Info: Internal Builder is used for build
arm-atollic-eabi-gcc -c ..\src\main.c -mthumb -mcpu=cortex-m4 -mfloat-abi=hard -mfpu=fpv4-sp-d16 -std=gnu11 -DSTM32F411xE -DREFRESH_TIMER=3 -DHSE_VALUE=8000000 -I../src -I../Drivers/CMSIS/Include -I../Drivers/CMSIS/Device/ST/STM32F4xx/Include -I../Drivers/STM32F4xx_HAL_Driver/Inc -O0 -ffunction-sections -fdata-sections -g -fstack-usage -Wall -specs=nano.specs -o src\main.o 
arm-atollic-eabi-gcc -o Vanoce.elf src\disp_hilevel.o src\font_atari_8x8.o src\font_newbasic_3x6.o src\font_system_5x7.o src\font_thin_8x8.o src\font_wendy_3x5.o src\main.o src\nucleo_core.o src\nucleo_i2c.o src\nucleo_uart.o src\oled_1305.o src\picture.o src\startup_stm32f411xe.o src\syscalls.o src\system_stm32f4xx.o src\systick_ms.o src\tiny_printf.o src\uart_ring.o -mthumb -mcpu=cortex-m4 -mfloat-abi=hard -mfpu=fpv4-sp-d16 -T../stm32_flash.ld -specs=nosys.specs -static -Wl,-cref,-u,Reset_Handler -Wl,-Map=Vanoce.map -Wl,--gc-sections -Wl,--defsym=malloc_getpagesize_P=0x80 -Wl,--start-group -lc -lm -Wl,--end-group -specs=nano.specs 
D:\Programy\TrueSTUDIO for STM32 9.3.0\ide\jre\bin\java -jar D:\Programy\TrueSTUDIO for STM32 9.3.0\Tools\arm-atollic-reports.jar sizeinfo list Vanoce.elf 
Generate build reports...
Print size information
   text	   data	    bss	    dec	    hex	filename
   9840	   1240	  11888	  22968	   59b8	Vanoce.elf
Print size information done
Generate listing file
Output sent to: Vanoce.list
Generate listing file done
Generate build reports done

20:00:45 Build Finished (took 1s.227ms)

