Archive member included to satisfy reference by file (symbol)

d:/programy/truestudio for stm32 9.3.0/armtools/bin/../lib/gcc/arm-atollic-eabi/6.3.1/../../../../arm-atollic-eabi/lib/armv7e-m/fpu\libc.a(lib_a-impure.o)
                              src\main.o (_impure_ptr)
d:/programy/truestudio for stm32 9.3.0/armtools/bin/../lib/gcc/arm-atollic-eabi/6.3.1/../../../../arm-atollic-eabi/lib/armv7e-m/fpu\libc.a(lib_a-init.o)
                              src\startup_stm32f411xe.o (__libc_init_array)
d:/programy/truestudio for stm32 9.3.0/armtools/bin/../lib/gcc/arm-atollic-eabi/6.3.1/../../../../arm-atollic-eabi/lib/armv7e-m/fpu\libc.a(lib_a-printf.o)
                              src\main.o (printf)
d:/programy/truestudio for stm32 9.3.0/armtools/bin/../lib/gcc/arm-atollic-eabi/6.3.1/../../../../arm-atollic-eabi/lib/armv7e-m/fpu\libc.a(lib_a-puts.o)
                              src\main.o (puts)
d:/programy/truestudio for stm32 9.3.0/armtools/bin/../lib/gcc/arm-atollic-eabi/6.3.1/../../../../arm-atollic-eabi/lib/armv7e-m/fpu\libc.a(lib_a-reent.o)
                              src\syscalls.o (errno)
d:/programy/truestudio for stm32 9.3.0/armtools/bin/../lib/gcc/arm-atollic-eabi/6.3.1/../../../../arm-atollic-eabi/lib/armv7e-m/fpu\libc.a(lib_a-rget.o)
                              src\main.o (__srget_r)
d:/programy/truestudio for stm32 9.3.0/armtools/bin/../lib/gcc/arm-atollic-eabi/6.3.1/../../../../arm-atollic-eabi/lib/armv7e-m/fpu\libc.a(lib_a-setvbuf.o)
                              src\main.o (setvbuf)
d:/programy/truestudio for stm32 9.3.0/armtools/bin/../lib/gcc/arm-atollic-eabi/6.3.1/../../../../arm-atollic-eabi/lib/armv7e-m/fpu\libc.a(lib_a-strlen.o)
                              d:/programy/truestudio for stm32 9.3.0/armtools/bin/../lib/gcc/arm-atollic-eabi/6.3.1/../../../../arm-atollic-eabi/lib/armv7e-m/fpu\libc.a(lib_a-puts.o) (strlen)
d:/programy/truestudio for stm32 9.3.0/armtools/bin/../lib/gcc/arm-atollic-eabi/6.3.1/../../../../arm-atollic-eabi/lib/armv7e-m/fpu\libc.a(lib_a-vfprintf.o)
                              d:/programy/truestudio for stm32 9.3.0/armtools/bin/../lib/gcc/arm-atollic-eabi/6.3.1/../../../../arm-atollic-eabi/lib/armv7e-m/fpu\libc.a(lib_a-printf.o) (_vfprintf_r)
d:/programy/truestudio for stm32 9.3.0/armtools/bin/../lib/gcc/arm-atollic-eabi/6.3.1/../../../../arm-atollic-eabi/lib/armv7e-m/fpu\libc.a(lib_a-wbuf.o)
                              src\main.o (__swbuf_r)
d:/programy/truestudio for stm32 9.3.0/armtools/bin/../lib/gcc/arm-atollic-eabi/6.3.1/../../../../arm-atollic-eabi/lib/armv7e-m/fpu\libc.a(lib_a-wsetup.o)
                              d:/programy/truestudio for stm32 9.3.0/armtools/bin/../lib/gcc/arm-atollic-eabi/6.3.1/../../../../arm-atollic-eabi/lib/armv7e-m/fpu\libc.a(lib_a-vfprintf.o) (__swsetup_r)
d:/programy/truestudio for stm32 9.3.0/armtools/bin/../lib/gcc/arm-atollic-eabi/6.3.1/../../../../arm-atollic-eabi/lib/armv7e-m/fpu\libc.a(lib_a-dtoa.o)
                              d:/programy/truestudio for stm32 9.3.0/armtools/bin/../lib/gcc/arm-atollic-eabi/6.3.1/../../../../arm-atollic-eabi/lib/armv7e-m/fpu\libc.a(lib_a-vfprintf.o) (_dtoa_r)
d:/programy/truestudio for stm32 9.3.0/armtools/bin/../lib/gcc/arm-atollic-eabi/6.3.1/../../../../arm-atollic-eabi/lib/armv7e-m/fpu\libc.a(lib_a-fflush.o)
                              d:/programy/truestudio for stm32 9.3.0/armtools/bin/../lib/gcc/arm-atollic-eabi/6.3.1/../../../../arm-atollic-eabi/lib/armv7e-m/fpu\libc.a(lib_a-setvbuf.o) (_fflush_r)
d:/programy/truestudio for stm32 9.3.0/armtools/bin/../lib/gcc/arm-atollic-eabi/6.3.1/../../../../arm-atollic-eabi/lib/armv7e-m/fpu\libc.a(lib_a-findfp.o)
                              d:/programy/truestudio for stm32 9.3.0/armtools/bin/../lib/gcc/arm-atollic-eabi/6.3.1/../../../../arm-atollic-eabi/lib/armv7e-m/fpu\libc.a(lib_a-printf.o) (__sinit)
d:/programy/truestudio for stm32 9.3.0/armtools/bin/../lib/gcc/arm-atollic-eabi/6.3.1/../../../../arm-atollic-eabi/lib/armv7e-m/fpu\libc.a(lib_a-freer.o)
                              d:/programy/truestudio for stm32 9.3.0/armtools/bin/../lib/gcc/arm-atollic-eabi/6.3.1/../../../../arm-atollic-eabi/lib/armv7e-m/fpu\libc.a(lib_a-reent.o) (_free_r)
d:/programy/truestudio for stm32 9.3.0/armtools/bin/../lib/gcc/arm-atollic-eabi/6.3.1/../../../../arm-atollic-eabi/lib/armv7e-m/fpu\libc.a(lib_a-fvwrite.o)
                              d:/programy/truestudio for stm32 9.3.0/armtools/bin/../lib/gcc/arm-atollic-eabi/6.3.1/../../../../arm-atollic-eabi/lib/armv7e-m/fpu\libc.a(lib_a-puts.o) (__sfvwrite_r)
d:/programy/truestudio for stm32 9.3.0/armtools/bin/../lib/gcc/arm-atollic-eabi/6.3.1/../../../../arm-atollic-eabi/lib/armv7e-m/fpu\libc.a(lib_a-fwalk.o)
                              d:/programy/truestudio for stm32 9.3.0/armtools/bin/../lib/gcc/arm-atollic-eabi/6.3.1/../../../../arm-atollic-eabi/lib/armv7e-m/fpu\libc.a(lib_a-findfp.o) (_fwalk)
[...]
Memory Configuration

Name             Origin             Length             Attributes
FLASH            0x08000000         0x00080000         xr
RAM              0x20000000         0x00020000         xrw
MEMORY_B1        0x60000000         0x00000000         xr
*default*        0x00000000         0xffffffff

Linker script and memory map

LOAD d:/programy/truestudio for stm32 9.3.0/armtools/bin/../lib/gcc/arm-atollic-eabi/6.3.1/armv7e-m/fpu/crti.o
LOAD d:/programy/truestudio for stm32 9.3.0/armtools/bin/../lib/gcc/arm-atollic-eabi/6.3.1/armv7e-m/fpu/crtbegin.o
LOAD src\disp_hilevel.o
LOAD src\font_atari_8x8.o
LOAD src\font_newbasic_3x6.o
LOAD src\font_system_5x7.o
LOAD src\font_thin_8x8.o
LOAD src\font_wendy_3x5.o
LOAD src\main.o
LOAD src\nucleo_core.o
LOAD src\nucleo_i2c.o
LOAD src\nucleo_uart.o
LOAD src\oled_1305.o
LOAD src\startup_stm32f411xe.o
LOAD src\syscalls.o
LOAD src\system_stm32f4xx.o
LOAD src\systick_ms.o
LOAD src\uart_ring.o
                0x00000080                malloc_getpagesize_P = 0x80
START GROUP
LOAD d:/programy/truestudio for stm32 9.3.0/armtools/bin/../lib/gcc/arm-atollic-eabi/6.3.1/../../../../arm-atollic-eabi/lib/armv7e-m/fpu\libc.a
LOAD d:/programy/truestudio for stm32 9.3.0/armtools/bin/../lib/gcc/arm-atollic-eabi/6.3.1/../../../../arm-atollic-eabi/lib/armv7e-m/fpu\libm.a
END GROUP
START GROUP
LOAD d:/programy/truestudio for stm32 9.3.0/armtools/bin/../lib/gcc/arm-atollic-eabi/6.3.1/armv7e-m/fpu\libgcc.a
LOAD d:/programy/truestudio for stm32 9.3.0/armtools/bin/../lib/gcc/arm-atollic-eabi/6.3.1/../../../../arm-atollic-eabi/lib/armv7e-m/fpu\libc.a
END GROUP
START GROUP
LOAD d:/programy/truestudio for stm32 9.3.0/armtools/bin/../lib/gcc/arm-atollic-eabi/6.3.1/armv7e-m/fpu\libgcc.a
LOAD d:/programy/truestudio for stm32 9.3.0/armtools/bin/../lib/gcc/arm-atollic-eabi/6.3.1/../../../../arm-atollic-eabi/lib/armv7e-m/fpu\libc.a
LOAD d:/programy/truestudio for stm32 9.3.0/armtools/bin/../lib/gcc/arm-atollic-eabi/6.3.1/../../../../arm-atollic-eabi/lib/armv7e-m/fpu\libnosys.a
END GROUP
LOAD d:/programy/truestudio for stm32 9.3.0/armtools/bin/../lib/gcc/arm-atollic-eabi/6.3.1/armv7e-m/fpu/crtend.o
LOAD d:/programy/truestudio for stm32 9.3.0/armtools/bin/../lib/gcc/arm-atollic-eabi/6.3.1/armv7e-m/fpu/crtn.o
                0x20020000                _estack = 0x20020000
                0x00000000                _Min_Heap_Size = 0x0
                0x00000400                _Min_Stack_Size = 0x400

.isr_vector     0x08000000      0x198
                0x08000000                . = ALIGN (0x4)
 *(.isr_vector)
 .isr_vector    0x08000000      0x198 src\startup_stm32f411xe.o
                0x08000000                g_pfnVectors
                0x08000198                . = ALIGN (0x4)

.text           0x080001a0     0x8440
                0x080001a0                . = ALIGN (0x4)
 *(.text)
 .text          0x080001a0       0x40 d:/programy/truestudio for stm32 9.3.0/armtools/bin/../lib/gcc/arm-atollic-eabi/6.3.1/armv7e-m/fpu/crtbegin.o
 .text          0x080001e0       0x10 d:/programy/truestudio for stm32 9.3.0/armtools/bin/../lib/gcc/arm-atollic-eabi/6.3.1/../../../../arm-atollic-eabi/lib/armv7e-m/fpu\libc.a(lib_a-strlen.o)
                0x080001e0                strlen
 .text          0x080001f0       0xa0 d:/programy/truestudio for stm32 9.3.0/armtools/bin/../lib/gcc/arm-atollic-eabi/6.3.1/../../../../arm-atollic-eabi/lib/armv7e-m/fpu\libc.a(lib_a-memchr.o)
                0x080001f0                memchr
 .text          0x08000290      0x370 d:/programy/truestudio for stm32 9.3.0/armtools/bin/../lib/gcc/arm-atollic-eabi/6.3.1/armv7e-m/fpu\libgcc.a(_arm_addsubdf3.o)
                0x08000290                __aeabi_drsub
                0x08000298                __aeabi_dsub
                0x08000298                __subdf3
                0x0800029c                __aeabi_dadd
                0x0800029c                __adddf3
                0x08000514                __floatunsidf
                0x08000514                __aeabi_ui2d
                0x08000534                __floatsidf
                0x08000534                __aeabi_i2d
                0x08000558                __aeabi_f2d
                0x08000558                __extendsfdf2
                0x08000594                __floatundidf
                0x08000594                __aeabi_ul2d
                0x080005a4                __floatdidf
                0x080005a4                __aeabi_l2d
 .text          0x08000600      0x424 d:/programy/truestudio for stm32 9.3.0/armtools/bin/../lib/gcc/arm-atollic-eabi/6.3.1/armv7e-m/fpu\libgcc.a(_arm_muldivdf3.o)
                0x08000600                __aeabi_dmul
                0x08000600                __muldf3
                0x08000854                __divdf3
                0x08000854                __aeabi_ddiv
 .text          0x08000a24      0x110 d:/programy/truestudio for stm32 9.3.0/armtools/bin/../lib/gcc/arm-atollic-eabi/6.3.1/armv7e-m/fpu\libgcc.a(_arm_cmpdf2.o)
                0x08000a24                __gtdf2
                0x08000a24                __gedf2
                0x08000a2c                __ltdf2
                0x08000a2c                __ledf2
                0x08000a34                __nedf2
                0x08000a34                __eqdf2
                0x08000a34                __cmpdf2
                0x08000ab0                __aeabi_cdrcmple
                0x08000ac0                __aeabi_cdcmpeq
                0x08000ac0                __aeabi_cdcmple
                0x08000ad0                __aeabi_dcmpeq
                0x08000ae4                __aeabi_dcmplt
                0x08000af8                __aeabi_dcmple
                0x08000b0c                __aeabi_dcmpge
                0x08000b20                __aeabi_dcmpgt
 .text          0x08000b34       0x2c d:/programy/truestudio for stm32 9.3.0/armtools/bin/../lib/gcc/arm-atollic-eabi/6.3.1/armv7e-m/fpu\libgcc.a(_arm_unorddf2.o)
                0x08000b34                __unorddf2
                0x08000b34                __aeabi_dcmpun
 .text          0x08000b60       0x50 d:/programy/truestudio for stm32 9.3.0/armtools/bin/../lib/gcc/arm-atollic-eabi/6.3.1/armv7e-m/fpu\libgcc.a(_arm_fixdfsi.o)
                0x08000b60                __aeabi_d2iz
                0x08000b60                __fixdfsi
 .text          0x08000bb0       0xa0 d:/programy/truestudio for stm32 9.3.0/armtools/bin/../lib/gcc/arm-atollic-eabi/6.3.1/armv7e-m/fpu\libgcc.a(_arm_truncdfsf2.o)
                0x08000bb0                __truncdfsf2
                0x08000bb0                __aeabi_d2f
 .text          0x08000c50       0x30 d:/programy/truestudio for stm32 9.3.0/armtools/bin/../lib/gcc/arm-atollic-eabi/6.3.1/armv7e-m/fpu\libgcc.a(_aeabi_uldivmod.o)
                0x08000c50                __aeabi_uldivmod
 .text          0x08000c80      0x2dc d:/programy/truestudio for stm32 9.3.0/armtools/bin/../lib/gcc/arm-atollic-eabi/6.3.1/armv7e-m/fpu\libgcc.a(_udivmoddi4.o)
                0x08000c80                __udivmoddi4
 .text          0x08000f5c        0x4 d:/programy/truestudio for stm32 9.3.0/armtools/bin/../lib/gcc/arm-atollic-eabi/6.3.1/armv7e-m/fpu\libgcc.a(_dvmd_tls.o)
                0x08000f5c                __aeabi_idiv0
                0x08000f5c                __aeabi_ldiv0
 *(.text*)
 .text.SetHiLevelDisp
                0x08000f60       0x4c src\disp_hilevel.o
                0x08000f60                SetHiLevelDisp
 .text.DISP_SetFont
                0x08000fac       0xac src\disp_hilevel.o
                0x08000fac                DISP_SetFont
 .text.DISP_GotoXY
                0x08001058       0x2c src\disp_hilevel.o
                0x08001058                DISP_GotoXY
 .text.DISP_WriteChar
                0x08001084       0x84 src\disp_hilevel.o
                0x08001084                DISP_WriteChar
 .text.DISP_WriteString
                0x08001108       0x2a src\disp_hilevel.o
                0x08001108                DISP_WriteString
 *fill*         0x08001132        0x2 
 .text.DISP_WriteCharXY
                0x08001134      0x164 src\disp_hilevel.o
                0x08001134                DISP_WriteCharXY
 .text.DISP_Clear
                0x08001298       0x10 src\disp_hilevel.o
                0x08001298                DISP_Clear
 .text.DISP_Fill
                0x080012a8       0x70 src\disp_hilevel.o
                0x080012a8                DISP_Fill
 .text.DISP_DemoCntRow
                0x08001318       0x50 src\disp_hilevel.o
                0x08001318                DISP_DemoCntRow
 .text.DISP_DrawLine
                0x08001368       0xec src\disp_hilevel.o
                0x08001368                DISP_DrawLine
 .text.DISP_DrawRect
                0x08001454       0x7c src\disp_hilevel.o
                0x08001454                DISP_DrawRect
 .text.DISP_DrawCircle
                0x080014d0      0x2b8 src\disp_hilevel.o
                0x080014d0                DISP_DrawCircle
 .text.__sputc_r
                0x08001788       0x5a src\main.o
 *fill*         0x080017e2        0x6 
 .text.rotateZ3D
                0x080017e8      0x130 src\main.o
                0x080017e8                rotateZ3D
 .text.rotateY3D
                0x08001918      0x130 src\main.o
                0x08001918                rotateY3D
 .text.rotateX3D
                0x08001a48      0x130 src\main.o
                0x08001a48                rotateX3D
 .text.DrawCube
                0x08001b78      0x108 src\main.o
                0x08001b78                DrawCube
 .text.RedrawCube
                0x08001c80       0x68 src\main.o
                0x08001c80                RedrawCube
 .text.main     0x08001ce8      0x5d8 src\main.o
                0x08001ce8                main
 .text.SystemClock_100MHz
                0x080022c0      0x114 src\nucleo_core.o
                0x080022c0                SystemClock_100MHz
 .text.Nucleo_SetPinGPIO
                0x080023d4      0x24c src\nucleo_core.o
                0x080023d4                Nucleo_SetPinGPIO
 .text.Nucleo_SetPinAFGPIO
                0x08002620       0x9c src\nucleo_core.o
                0x08002620                Nucleo_SetPinAFGPIO
 .text.GetTimerClock
                0x080026bc       0xb0 src\nucleo_core.o
                0x080026bc                GetTimerClock
 .text.Nucleo_StartUart2
                0x0800276c      0x1ec src\nucleo_uart.o
                0x0800276c                Nucleo_StartUart2
 .text.usart2_putc
                0x08002958       0x58 src\nucleo_uart.o
                0x08002958                usart2_putc
 .text.usart2_getc
                0x080029b0       0x24 src\nucleo_uart.o
                0x080029b0                usart2_getc
 .text.isCharRecv
                0x080029d4       0x20 src\nucleo_uart.o
                0x080029d4                isCharRecv
 .text.NVIC_EnableIRQ
                0x080029f4       0x34 src\oled_1305.o
 .text.OLEDInit_HW
                0x08002a28       0xe0 src\oled_1305.o
                0x08002a28                OLEDInit_HW
 .text.OLED_Write8
                0x08002b08       0x3c src\oled_1305.o
                0x08002b08                OLED_Write8
 .text.OLED_WriteCmd
                0x08002b44       0x38 src\oled_1305.o
                0x08002b44                OLED_WriteCmd
 .text.OLEDInit_SW
                0x08002b7c       0x80 src\oled_1305.o
                0x08002b7c                OLEDInit_SW
 .text.OLED_SetPage
                0x08002bfc       0x64 src\oled_1305.o
                0x08002bfc                OLED_SetPage
 .text.OLED_SetAllRow
                0x08002c60       0x38 src\oled_1305.o
                0x08002c60                OLED_SetAllRow
 .text.OLED_Refresh
                0x08002c98      0x154 src\oled_1305.o
                0x08002c98                OLED_Refresh
 .text.OLED_DrawPixel
                0x08002dec       0xcc src\oled_1305.o
 .text.OLED_SetByte
                0x08002eb8       0x34 src\oled_1305.o
 .text.OLED_Init
                0x08002eec      0x12c src\oled_1305.o
                0x08002eec                OLED_Init
 .text.TIM3_IRQHandler
                0x08003018       0x2c src\oled_1305.o
                0x08003018                TIM3_IRQHandler
 .text.DMA2_Stream3_IRQHandler
                0x08003044      0x114 src\oled_1305.o
                0x08003044                DMA2_Stream3_IRQHandler
 .text.Reset_Handler
                0x08003158       0x50 src\startup_stm32f411xe.o
                0x08003158                Reset_Handler
 .text.Default_Handler
                0x080031a8        0x2 src\startup_stm32f411xe.o
                0x080031a8                RTC_Alarm_IRQHandler
                0x080031a8                EXTI2_IRQHandler
                0x080031a8                DebugMon_Handler
                0x080031a8                SPI4_IRQHandler
                0x080031a8                TIM1_CC_IRQHandler
                0x080031a8                DMA2_Stream5_IRQHandler
                0x080031a8                HardFault_Handler
                0x080031a8                DMA1_Stream5_IRQHandler
                0x080031a8                PVD_IRQHandler
                0x080031a8                SDIO_IRQHandler
                0x080031a8                TAMP_STAMP_IRQHandler
                0x080031a8                PendSV_Handler
                0x080031a8                NMI_Handler
                0x080031a8                EXTI3_IRQHandler
                0x080031a8                TIM1_UP_TIM10_IRQHandler
                0x080031a8                I2C3_ER_IRQHandler
                0x080031a8                EXTI0_IRQHandler
                0x080031a8                I2C2_EV_IRQHandler
                0x080031a8                DMA1_Stream2_IRQHandler
                0x080031a8                FPU_IRQHandler
                0x080031a8                UsageFault_Handler
                0x080031a8                DMA2_Stream2_IRQHandler
                0x080031a8                SPI1_IRQHandler
                0x080031a8                TIM1_BRK_TIM9_IRQHandler
                0x080031a8                USART6_IRQHandler
                0x080031a8                DMA2_Stream0_IRQHandler
                0x080031a8                TIM4_IRQHandler
                0x080031a8                I2C1_EV_IRQHandler
                0x080031a8                DMA1_Stream6_IRQHandler
                0x080031a8                DMA1_Stream1_IRQHandler
                0x080031a8                RCC_IRQHandler
                0x080031a8                Default_Handler
                0x080031a8                EXTI15_10_IRQHandler
                0x080031a8                ADC_IRQHandler
                0x080031a8                DMA1_Stream7_IRQHandler
                0x080031a8                SPI5_IRQHandler
                0x080031a8                TIM5_IRQHandler
                0x080031a8                DMA2_Stream7_IRQHandler
                0x080031a8                I2C3_EV_IRQHandler
                0x080031a8                EXTI9_5_IRQHandler
                0x080031a8                RTC_WKUP_IRQHandler
                0x080031a8                SPI2_IRQHandler
                0x080031a8                MemManage_Handler
                0x080031a8                DMA1_Stream0_IRQHandler
                0x080031a8                SVC_Handler
                0x080031a8                EXTI4_IRQHandler
                0x080031a8                WWDG_IRQHandler
                0x080031a8                TIM2_IRQHandler
                0x080031a8                OTG_FS_WKUP_IRQHandler
                0x080031a8                TIM1_TRG_COM_TIM11_IRQHandler
                0x080031a8                EXTI1_IRQHandler
                0x080031a8                USART2_IRQHandler
                0x080031a8                I2C2_ER_IRQHandler
                0x080031a8                DMA2_Stream1_IRQHandler
                0x080031a8                FLASH_IRQHandler
                0x080031a8                DMA2_Stream4_IRQHandler
                0x080031a8                BusFault_Handler
                0x080031a8                USART1_IRQHandler
                0x080031a8                OTG_FS_IRQHandler
                0x080031a8                SPI3_IRQHandler
                0x080031a8                DMA1_Stream4_IRQHandler
                0x080031a8                I2C1_ER_IRQHandler
                0x080031a8                DMA2_Stream6_IRQHandler
                0x080031a8                DMA1_Stream3_IRQHandler
 *fill*         0x080031aa        0x2 
 .text._write   0x080031ac       0x44 src\syscalls.o
                0x080031ac                _write
 .text._read    0x080031f0       0x2c src\syscalls.o
                0x080031f0                _read
 .text._sbrk    0x0800321c       0x40 src\syscalls.o
                0x0800321c                _sbrk
 .text._close   0x0800325c       0x24 src\syscalls.o
                0x0800325c                _close
 .text._fstat   0x08003280       0x24 src\syscalls.o
                0x08003280                _fstat
 .text._isatty  0x080032a4       0x20 src\syscalls.o
                0x080032a4                _isatty
 .text._lseek   0x080032c4       0x28 src\syscalls.o
                0x080032c4                _lseek
 .text.SystemInit
                0x080032ec       0x6c src\system_stm32f4xx.o
                0x080032ec                SystemInit
 .text.SystemCoreClockUpdate
                0x08003358       0xf4 src\system_stm32f4xx.o
                0x08003358                SystemCoreClockUpdate
 .text.NVIC_SetPriority
                0x0800344c       0x54 src\systick_ms.o
 .text.SysTick_Config
                0x080034a0       0x44 src\systick_ms.o
 .text.SysTick_Handler
                0x080034e4       0x24 src\systick_ms.o
                0x080034e4                SysTick_Handler
 .text.WaitMs   0x08003508       0x30 src\systick_ms.o
                0x08003508                WaitMs
 .text.InitSystickDefault
                0x08003538        0xe src\systick_ms.o
                0x08003538                InitSystickDefault
 *fill*         0x08003546        0x2 
 .text.InitSystick
                0x08003548       0x40 src\systick_ms.o
                0x08003548                InitSystick
 .text.__libc_init_array
                0x08003588       0x48 d:/programy/truestudio for stm32 9.3.0/armtools/bin/../lib/gcc/arm-atollic-eabi/6.3.1/../../../../arm-atollic-eabi/lib/armv7e-m/fpu\libc.a(lib_a-init.o)
                0x08003588                __libc_init_array
 .text.printf   0x080035d0       0x30 d:/programy/truestudio for stm32 9.3.0/armtools/bin/../lib/gcc/arm-atollic-eabi/6.3.1/../../../../arm-atollic-eabi/lib/armv7e-m/fpu\libc.a(lib_a-printf.o)
                0x080035d0                printf
 .text._puts_r  0x08003600       0xc0 d:/programy/truestudio for stm32 9.3.0/armtools/bin/../lib/gcc/arm-atollic-eabi/6.3.1/../../../../arm-atollic-eabi/lib/armv7e-m/fpu\libc.a(lib_a-puts.o)
                0x08003600                _puts_r
 .text.puts     0x080036c0       0x10 d:/programy/truestudio for stm32 9.3.0/armtools/bin/../lib/gcc/arm-atollic-eabi/6.3.1/../../../../arm-atollic-eabi/lib/armv7e-m/fpu\libc.a(lib_a-puts.o)
                0x080036c0                puts
 .text.__srget_r
                0x080036d0       0x58 d:/programy/truestudio for stm32 9.3.0/armtools/bin/../lib/gcc/arm-atollic-eabi/6.3.1/../../../../arm-atollic-eabi/lib/armv7e-m/fpu\libc.a(lib_a-rget.o)
                0x080036d0                __srget_r
 .text.setvbuf  0x08003728      0x198 d:/programy/truestudio for stm32 9.3.0/armtools/bin/../lib/gcc/arm-atollic-eabi/6.3.1/../../../../arm-atollic-eabi/lib/armv7e-m/fpu\libc.a(lib_a-setvbuf.o)
                0x08003728                setvbuf
 .text._vfprintf_r
                0x080038c0     0x1078 d:/programy/truestudio for stm32 9.3.0/armtools/bin/../lib/gcc/arm-atollic-eabi/6.3.1/../../../../arm-atollic-eabi/lib/armv7e-m/fpu\libc.a(lib_a-vfprintf.o)
                0x080038c0                _vfprintf_r
 .text.__sbprintf
                0x08004938       0x80 d:/programy/truestudio for stm32 9.3.0/armtools/bin/../lib/gcc/arm-atollic-eabi/6.3.1/../../../../arm-atollic-eabi/lib/armv7e-m/fpu\libc.a(lib_a-vfprintf.o)
 .text.__swbuf_r
                0x080049b8       0xbc d:/programy/truestudio for stm32 9.3.0/armtools/bin/../lib/gcc/arm-atollic-eabi/6.3.1/../../../../arm-atollic-eabi/lib/armv7e-m/fpu\libc.a(lib_a-wbuf.o)
                0x080049b8                __swbuf_r
 .text.__swsetup_r
                0x08004a74       0xdc d:/programy/truestudio for stm32 9.3.0/armtools/bin/../lib/gcc/arm-atollic-eabi/6.3.1/../../../../arm-atollic-eabi/lib/armv7e-m/fpu\libc.a(lib_a-wsetup.o)
                0x08004a74                __swsetup_r
 .text.quorem   0x08004b50      0x118 d:/programy/truestudio for stm32 9.3.0/armtools/bin/../lib/gcc/arm-atollic-eabi/6.3.1/../../../../arm-atollic-eabi/lib/armv7e-m/fpu\libc.a(lib_a-dtoa.o)
 .text._dtoa_r  0x08004c68      0xb9c d:/programy/truestudio for stm32 9.3.0/armtools/bin/../lib/gcc/arm-atollic-eabi/6.3.1/../../../../arm-atollic-eabi/lib/armv7e-m/fpu\libc.a(lib_a-dtoa.o)
                0x08004c68                _dtoa_r
 .text.__sflush_r
                0x08005804      0x124 d:/programy/truestudio for stm32 9.3.0/armtools/bin/../lib/gcc/arm-atollic-eabi/6.3.1/../../../../arm-atollic-eabi/lib/armv7e-m/fpu\libc.a(lib_a-fflush.o)
                0x08005804                __sflush_r
 .text._fflush_r
                0x08005928       0x78 d:/programy/truestudio for stm32 9.3.0/armtools/bin/../lib/gcc/arm-atollic-eabi/6.3.1/../../../../arm-atollic-eabi/lib/armv7e-m/fpu\libc.a(lib_a-fflush.o)
                0x08005928                _fflush_r
 .text.fflush   0x080059a0       0x24 d:/programy/truestudio for stm32 9.3.0/armtools/bin/../lib/gcc/arm-atollic-eabi/6.3.1/../../../../arm-atollic-eabi/lib/armv7e-m/fpu\libc.a(lib_a-fflush.o)
                0x080059a0                fflush
 .text._cleanup_r
                0x080059c4        0xc d:/programy/truestudio for stm32 9.3.0/armtools/bin/../lib/gcc/arm-atollic-eabi/6.3.1/../../../../arm-atollic-eabi/lib/armv7e-m/fpu\libc.a(lib_a-findfp.o)
                0x080059c4                _cleanup_r
 .text.std.isra.0
                0x080059d0       0x48 d:/programy/truestudio for stm32 9.3.0/armtools/bin/../lib/gcc/arm-atollic-eabi/6.3.1/../../../../arm-atollic-eabi/lib/armv7e-m/fpu\libc.a(lib_a-findfp.o)
 .text.__sfmoreglue
                0x08005a18       0x2c d:/programy/truestudio for stm32 9.3.0/armtools/bin/../lib/gcc/arm-atollic-eabi/6.3.1/../../../../arm-atollic-eabi/lib/armv7e-m/fpu\libc.a(lib_a-findfp.o)
                0x08005a18                __sfmoreglue
 .text.__sfp_lock_acquire
                0x08005a44        0xc d:/programy/truestudio for stm32 9.3.0/armtools/bin/../lib/gcc/arm-atollic-eabi/6.3.1/../../../../arm-atollic-eabi/lib/armv7e-m/fpu\libc.a(lib_a-findfp.o)
                0x08005a44                __sfp_lock_acquire
 .text.__sfp_lock_release
                0x08005a50        0xc d:/programy/truestudio for stm32 9.3.0/armtools/bin/../lib/gcc/arm-atollic-eabi/6.3.1/../../../../arm-atollic-eabi/lib/armv7e-m/fpu\libc.a(lib_a-findfp.o)
                0x08005a50                __sfp_lock_release
 .text.__sinit_lock_acquire
                0x08005a5c        0xc d:/programy/truestudio for stm32 9.3.0/armtools/bin/../lib/gcc/arm-atollic-eabi/6.3.1/../../../../arm-atollic-eabi/lib/armv7e-m/fpu\libc.a(lib_a-findfp.o)
                0x08005a5c                __sinit_lock_acquire
 .text.__sinit_lock_release
                0x08005a68        0xc d:/programy/truestudio for stm32 9.3.0/armtools/bin/../lib/gcc/arm-atollic-eabi/6.3.1/../../../../arm-atollic-eabi/lib/armv7e-m/fpu\libc.a(lib_a-findfp.o)
                0x08005a68                __sinit_lock_release
 .text.__sinit  0x08005a74       0x74 d:/programy/truestudio for stm32 9.3.0/armtools/bin/../lib/gcc/arm-atollic-eabi/6.3.1/../../../../arm-atollic-eabi/lib/armv7e-m/fpu\libc.a(lib_a-findfp.o)
                0x08005a74                __sinit
 .text.__sfp    0x08005ae8       0x8c d:/programy/truestudio for stm32 9.3.0/armtools/bin/../lib/gcc/arm-atollic-eabi/6.3.1/../../../../arm-atollic-eabi/lib/armv7e-m/fpu\libc.a(lib_a-findfp.o)
                0x08005ae8                __sfp
 .text._malloc_trim_r
                0x08005b74       0xac d:/programy/truestudio for stm32 9.3.0/armtools/bin/../lib/gcc/arm-atollic-eabi/6.3.1/../../../../arm-atollic-eabi/lib/armv7e-m/fpu\libc.a(lib_a-freer.o)
                0x08005b74                _malloc_trim_r
 .text._free_r  0x08005c20      0x178 d:/programy/truestudio for stm32 9.3.0/armtools/bin/../lib/gcc/arm-atollic-eabi/6.3.1/../../../../arm-atollic-eabi/lib/armv7e-m/fpu\libc.a(lib_a-freer.o)
                0x08005c20                _free_r
 .text.__sfvwrite_r
                0x08005d98      0x29c d:/programy/truestudio for stm32 9.3.0/armtools/bin/../lib/gcc/arm-atollic-eabi/6.3.1/../../../../arm-atollic-eabi/lib/armv7e-m/fpu\libc.a(lib_a-fvwrite.o)
                0x08005d98                __sfvwrite_r
 .text._fwalk   0x08006034       0x38 d:/programy/truestudio for stm32 9.3.0/armtools/bin/../lib/gcc/arm-atollic-eabi/6.3.1/../../../../arm-atollic-eabi/lib/armv7e-m/fpu\libc.a(lib_a-fwalk.o)
                0x08006034                _fwalk
 .text._fwalk_reent
                0x0800606c       0x3c d:/programy/truestudio for stm32 9.3.0/armtools/bin/../lib/gcc/arm-atollic-eabi/6.3.1/../../../../arm-atollic-eabi/lib/armv7e-m/fpu\libc.a(lib_a-fwalk.o)
                0x0800606c                _fwalk_reent
 .text._localeconv_r
                0x080060a8       0x1c d:/programy/truestudio for stm32 9.3.0/armtools/bin/../lib/gcc/arm-atollic-eabi/6.3.1/../../../../arm-atollic-eabi/lib/armv7e-m/fpu\libc.a(lib_a-localeconv.o)
                0x080060a8                _localeconv_r
 .text.__retarget_lock_init_recursive
                0x080060c4        0x2 d:/programy/truestudio for stm32 9.3.0/armtools/bin/../lib/gcc/arm-atollic-eabi/6.3.1/../../../../arm-atollic-eabi/lib/armv7e-m/fpu\libc.a(lib_a-lock.o)
                0x080060c4                __retarget_lock_init_recursive
 .text.__retarget_lock_close_recursive
                0x080060c6        0x2 d:/programy/truestudio for stm32 9.3.0/armtools/bin/../lib/gcc/arm-atollic-eabi/6.3.1/../../../../arm-atollic-eabi/lib/armv7e-m/fpu\libc.a(lib_a-lock.o)
                0x080060c6                __retarget_lock_close_recursive
 .text.__retarget_lock_acquire_recursive
                0x080060c8        0x2 d:/programy/truestudio for stm32 9.3.0/armtools/bin/../lib/gcc/arm-atollic-eabi/6.3.1/../../../../arm-atollic-eabi/lib/armv7e-m/fpu\libc.a(lib_a-lock.o)
                0x080060c8                __retarget_lock_acquire_recursive
 .text.__retarget_lock_release_recursive
                0x080060ca        0x2 d:/programy/truestudio for stm32 9.3.0/armtools/bin/../lib/gcc/arm-atollic-eabi/6.3.1/../../../../arm-atollic-eabi/lib/armv7e-m/fpu\libc.a(lib_a-lock.o)
                0x080060ca                __retarget_lock_release_recursive
 .text.__swhatbuf_r
                0x080060cc       0x56 d:/programy/truestudio for stm32 9.3.0/armtools/bin/../lib/gcc/arm-atollic-eabi/6.3.1/../../../../arm-atollic-eabi/lib/armv7e-m/fpu\libc.a(lib_a-makebuf.o)
                0x080060cc                __swhatbuf_r
 *fill*         0x08006122        0x2 
 .text.__smakebuf_r
                0x08006124       0x80 d:/programy/truestudio for stm32 9.3.0/armtools/bin/../lib/gcc/arm-atollic-eabi/6.3.1/../../../../arm-atollic-eabi/lib/armv7e-m/fpu\libc.a(lib_a-makebuf.o)
                0x08006124                __smakebuf_r
 .text.malloc   0x080061a4       0x10 d:/programy/truestudio for stm32 9.3.0/armtools/bin/../lib/gcc/arm-atollic-eabi/6.3.1/../../../../arm-atollic-eabi/lib/armv7e-m/fpu\libc.a(lib_a-malloc.o)
                0x080061a4                malloc
 .text._malloc_r
                0x080061b4      0x41c d:/programy/truestudio for stm32 9.3.0/armtools/bin/../lib/gcc/arm-atollic-eabi/6.3.1/../../../../arm-atollic-eabi/lib/armv7e-m/fpu\libc.a(lib_a-mallocr.o)
                0x080061b4                _malloc_r
 .text.memcpy   0x080065d0       0x16 d:/programy/truestudio for stm32 9.3.0/armtools/bin/../lib/gcc/arm-atollic-eabi/6.3.1/../../../../arm-atollic-eabi/lib/armv7e-m/fpu\libc.a(lib_a-memcpy-stub.o)
                0x080065d0                memcpy
 .text.memmove  0x080065e6       0x34 d:/programy/truestudio for stm32 9.3.0/armtools/bin/../lib/gcc/arm-atollic-eabi/6.3.1/../../../../arm-atollic-eabi/lib/armv7e-m/fpu\libc.a(lib_a-memmove.o)
                0x080065e6                memmove
 .text.memset   0x0800661a       0x10 d:/programy/truestudio for stm32 9.3.0/armtools/bin/../lib/gcc/arm-atollic-eabi/6.3.1/../../../../arm-atollic-eabi/lib/armv7e-m/fpu\libc.a(lib_a-memset.o)
                0x0800661a                memset
 *fill*         0x0800662a        0x2 
 .text.__malloc_lock
                0x0800662c        0xc d:/programy/truestudio for stm32 9.3.0/armtools/bin/../lib/gcc/arm-atollic-eabi/6.3.1/../../../../arm-atollic-eabi/lib/armv7e-m/fpu\libc.a(lib_a-mlock.o)
                0x0800662c                __malloc_lock
 .text.__malloc_unlock
                0x08006638        0xc d:/programy/truestudio for stm32 9.3.0/armtools/bin/../lib/gcc/arm-atollic-eabi/6.3.1/../../../../arm-atollic-eabi/lib/armv7e-m/fpu\libc.a(lib_a-mlock.o)
                0x08006638                __malloc_unlock
 .text._Balloc  0x08006644       0x68 d:/programy/truestudio for stm32 9.3.0/armtools/bin/../lib/gcc/arm-atollic-eabi/6.3.1/../../../../arm-atollic-eabi/lib/armv7e-m/fpu\libc.a(lib_a-mprec.o)
                0x08006644                _Balloc
 .text._Bfree   0x080066ac       0x2e d:/programy/truestudio for stm32 9.3.0/armtools/bin/../lib/gcc/arm-atollic-eabi/6.3.1/../../../../arm-atollic-eabi/lib/armv7e-m/fpu\libc.a(lib_a-mprec.o)
                0x080066ac                _Bfree
 .text.__multadd
                0x080066da       0x76 d:/programy/truestudio for stm32 9.3.0/armtools/bin/../lib/gcc/arm-atollic-eabi/6.3.1/../../../../arm-atollic-eabi/lib/armv7e-m/fpu\libc.a(lib_a-mprec.o)
                0x080066da                __multadd
 .text.__hi0bits
                0x08006750       0x3e d:/programy/truestudio for stm32 9.3.0/armtools/bin/../lib/gcc/arm-atollic-eabi/6.3.1/../../../../arm-atollic-eabi/lib/armv7e-m/fpu\libc.a(lib_a-mprec.o)
                0x08006750                __hi0bits
 .text.__lo0bits
                0x0800678e       0x5e d:/programy/truestudio for stm32 9.3.0/armtools/bin/../lib/gcc/arm-atollic-eabi/6.3.1/../../../../arm-atollic-eabi/lib/armv7e-m/fpu\libc.a(lib_a-mprec.o)
                0x0800678e                __lo0bits
 .text.__i2b    0x080067ec       0x12 d:/programy/truestudio for stm32 9.3.0/armtools/bin/../lib/gcc/arm-atollic-eabi/6.3.1/../../../../arm-atollic-eabi/lib/armv7e-m/fpu\libc.a(lib_a-mprec.o)
                0x080067ec                __i2b
 .text.__multiply
                0x080067fe      0x11a d:/programy/truestudio for stm32 9.3.0/armtools/bin/../lib/gcc/arm-atollic-eabi/6.3.1/../../../../arm-atollic-eabi/lib/armv7e-m/fpu\libc.a(lib_a-mprec.o)
                0x080067fe                __multiply
 .text.__pow5mult
                0x08006918       0x9c d:/programy/truestudio for stm32 9.3.0/armtools/bin/../lib/gcc/arm-atollic-eabi/6.3.1/../../../../arm-atollic-eabi/lib/armv7e-m/fpu\libc.a(lib_a-mprec.o)
                0x08006918                __pow5mult
 .text.__lshift
                0x080069b4       0xa2 d:/programy/truestudio for stm32 9.3.0/armtools/bin/../lib/gcc/arm-atollic-eabi/6.3.1/../../../../arm-atollic-eabi/lib/armv7e-m/fpu\libc.a(lib_a-mprec.o)
                0x080069b4                __lshift
 .text.__mcmp   0x08006a56       0x34 d:/programy/truestudio for stm32 9.3.0/armtools/bin/../lib/gcc/arm-atollic-eabi/6.3.1/../../../../arm-atollic-eabi/lib/armv7e-m/fpu\libc.a(lib_a-mprec.o)
                0x08006a56                __mcmp
 .text.__mdiff  0x08006a8a       0xbc d:/programy/truestudio for stm32 9.3.0/armtools/bin/../lib/gcc/arm-atollic-eabi/6.3.1/../../../../arm-atollic-eabi/lib/armv7e-m/fpu\libc.a(lib_a-mprec.o)
                0x08006a8a                __mdiff
 .text.__d2b    0x08006b46       0x9e d:/programy/truestudio for stm32 9.3.0/armtools/bin/../lib/gcc/arm-atollic-eabi/6.3.1/../../../../arm-atollic-eabi/lib/armv7e-m/fpu\libc.a(lib_a-mprec.o)
                0x08006b46                __d2b
 .text._realloc_r
                0x08006be4      0x300 d:/programy/truestudio for stm32 9.3.0/armtools/bin/../lib/gcc/arm-atollic-eabi/6.3.1/../../../../arm-atollic-eabi/lib/armv7e-m/fpu\libc.a(lib_a-reallocr.o)
                0x08006be4                _realloc_r
 .text.lflush   0x08006ee4       0x12 d:/programy/truestudio for stm32 9.3.0/armtools/bin/../lib/gcc/arm-atollic-eabi/6.3.1/../../../../arm-atollic-eabi/lib/armv7e-m/fpu\libc.a(lib_a-refill.o)
 *fill*         0x08006ef6        0x2 
 .text.__srefill_r
                0x08006ef8      0x12c d:/programy/truestudio for stm32 9.3.0/armtools/bin/../lib/gcc/arm-atollic-eabi/6.3.1/../../../../arm-atollic-eabi/lib/armv7e-m/fpu\libc.a(lib_a-refill.o)
                0x08006ef8                __srefill_r
 .text._sbrk_r  0x08007024       0x20 d:/programy/truestudio for stm32 9.3.0/armtools/bin/../lib/gcc/arm-atollic-eabi/6.3.1/../../../../arm-atollic-eabi/lib/armv7e-m/fpu\libc.a(lib_a-sbrkr.o)
                0x08007024                _sbrk_r
 .text.__sread  0x08007044       0x22 d:/programy/truestudio for stm32 9.3.0/armtools/bin/../lib/gcc/arm-atollic-eabi/6.3.1/../../../../arm-atollic-eabi/lib/armv7e-m/fpu\libc.a(lib_a-stdio.o)
                0x08007044                __sread
 .text.__swrite
                0x08007066       0x38 d:/programy/truestudio for stm32 9.3.0/armtools/bin/../lib/gcc/arm-atollic-eabi/6.3.1/../../../../arm-atollic-eabi/lib/armv7e-m/fpu\libc.a(lib_a-stdio.o)
                0x08007066                __swrite
 .text.__sseek  0x0800709e       0x24 d:/programy/truestudio for stm32 9.3.0/armtools/bin/../lib/gcc/arm-atollic-eabi/6.3.1/../../../../arm-atollic-eabi/lib/armv7e-m/fpu\libc.a(lib_a-stdio.o)
                0x0800709e                __sseek
 .text.__sclose
                0x080070c2        0x8 d:/programy/truestudio for stm32 9.3.0/armtools/bin/../lib/gcc/arm-atollic-eabi/6.3.1/../../../../arm-atollic-eabi/lib/armv7e-m/fpu\libc.a(lib_a-stdio.o)
                0x080070c2                __sclose
 .text.__sprint_r
                0x080070ca       0x6a d:/programy/truestudio for stm32 9.3.0/armtools/bin/../lib/gcc/arm-atollic-eabi/6.3.1/../../../../arm-atollic-eabi/lib/armv7e-m/fpu\libc.a(lib_a-vfiprintf.o)
                0x080070ca                __sprint_r
 .text._write_r
                0x08007134       0x24 d:/programy/truestudio for stm32 9.3.0/armtools/bin/../lib/gcc/arm-atollic-eabi/6.3.1/../../../../arm-atollic-eabi/lib/armv7e-m/fpu\libc.a(lib_a-writer.o)
                0x08007134                _write_r
 .text._calloc_r
                0x08007158       0x5a d:/programy/truestudio for stm32 9.3.0/armtools/bin/../lib/gcc/arm-atollic-eabi/6.3.1/../../../../arm-atollic-eabi/lib/armv7e-m/fpu\libc.a(lib_a-callocr.o)
                0x08007158                _calloc_r
 *fill*         0x080071b2        0x2 
 .text._close_r
                0x080071b4       0x20 d:/programy/truestudio for stm32 9.3.0/armtools/bin/../lib/gcc/arm-atollic-eabi/6.3.1/../../../../arm-atollic-eabi/lib/armv7e-m/fpu\libc.a(lib_a-closer.o)
                0x080071b4                _close_r
 .text._fclose_r
                0x080071d4       0xd8 d:/programy/truestudio for stm32 9.3.0/armtools/bin/../lib/gcc/arm-atollic-eabi/6.3.1/../../../../arm-atollic-eabi/lib/armv7e-m/fpu\libc.a(lib_a-fclose.o)
                0x080071d4                _fclose_r
 .text.__fputwc
                0x080072ac       0x82 d:/programy/truestudio for stm32 9.3.0/armtools/bin/../lib/gcc/arm-atollic-eabi/6.3.1/../../../../arm-atollic-eabi/lib/armv7e-m/fpu\libc.a(lib_a-fputwc.o)
                0x080072ac                __fputwc
 .text._fputwc_r
                0x0800732e       0x52 d:/programy/truestudio for stm32 9.3.0/armtools/bin/../lib/gcc/arm-atollic-eabi/6.3.1/../../../../arm-atollic-eabi/lib/armv7e-m/fpu\libc.a(lib_a-fputwc.o)
                0x0800732e                _fputwc_r
 .text._fstat_r
                0x08007380       0x24 d:/programy/truestudio for stm32 9.3.0/armtools/bin/../lib/gcc/arm-atollic-eabi/6.3.1/../../../../arm-atollic-eabi/lib/armv7e-m/fpu\libc.a(lib_a-fstatr.o)
                0x08007380                _fstat_r
 .text._isatty_r
                0x080073a4       0x20 d:/programy/truestudio for stm32 9.3.0/armtools/bin/../lib/gcc/arm-atollic-eabi/6.3.1/../../../../arm-atollic-eabi/lib/armv7e-m/fpu\libc.a(lib_a-isattyr.o)
                0x080073a4                _isatty_r
 .text.__locale_mb_cur_max
                0x080073c4       0x1c d:/programy/truestudio for stm32 9.3.0/armtools/bin/../lib/gcc/arm-atollic-eabi/6.3.1/../../../../arm-atollic-eabi/lib/armv7e-m/fpu\libc.a(lib_a-locale.o)
                0x080073c4                __locale_mb_cur_max
 .text._lseek_r
                0x080073e0       0x24 d:/programy/truestudio for stm32 9.3.0/armtools/bin/../lib/gcc/arm-atollic-eabi/6.3.1/../../../../arm-atollic-eabi/lib/armv7e-m/fpu\libc.a(lib_a-lseekr.o)
                0x080073e0                _lseek_r
 .text.__ascii_mbtowc
                0x08007404       0x24 d:/programy/truestudio for stm32 9.3.0/armtools/bin/../lib/gcc/arm-atollic-eabi/6.3.1/../../../../arm-atollic-eabi/lib/armv7e-m/fpu\libc.a(lib_a-mbtowc_r.o)
                0x08007404                __ascii_mbtowc
 .text._read_r  0x08007428       0x24 d:/programy/truestudio for stm32 9.3.0/armtools/bin/../lib/gcc/arm-atollic-eabi/6.3.1/../../../../arm-atollic-eabi/lib/armv7e-m/fpu\libc.a(lib_a-readr.o)
                0x08007428                _read_r
 .text._wcrtomb_r
                0x0800744c       0x50 d:/programy/truestudio for stm32 9.3.0/armtools/bin/../lib/gcc/arm-atollic-eabi/6.3.1/../../../../arm-atollic-eabi/lib/armv7e-m/fpu\libc.a(lib_a-wcrtomb.o)
                0x0800744c                _wcrtomb_r
 .text.__ascii_wctomb
                0x0800749c       0x1a d:/programy/truestudio for stm32 9.3.0/armtools/bin/../lib/gcc/arm-atollic-eabi/6.3.1/../../../../arm-atollic-eabi/lib/armv7e-m/fpu\libc.a(lib_a-wctomb_r.o)
                0x0800749c                __ascii_wctomb
 *fill*         0x080074b6        0x2 
 .text.cos      0x080074b8       0x88 d:/programy/truestudio for stm32 9.3.0/armtools/bin/../lib/gcc/arm-atollic-eabi/6.3.1/../../../../arm-atollic-eabi/lib/armv7e-m/fpu\libm.a(lib_a-s_cos.o)
                0x080074b8                cos
 .text.sin      0x08007540       0x90 d:/programy/truestudio for stm32 9.3.0/armtools/bin/../lib/gcc/arm-atollic-eabi/6.3.1/../../../../arm-atollic-eabi/lib/armv7e-m/fpu\libm.a(lib_a-s_sin.o)
                0x08007540                sin
 .text.__ieee754_rem_pio2
                0x080075d0      0x3e4 d:/programy/truestudio for stm32 9.3.0/armtools/bin/../lib/gcc/arm-atollic-eabi/6.3.1/../../../../arm-atollic-eabi/lib/armv7e-m/fpu\libm.a(lib_a-e_rem_pio2.o)
                0x080075d0                __ieee754_rem_pio2
 *fill*         0x080079b4        0x4 
 .text.__kernel_cos
                0x080079b8      0x1cc d:/programy/truestudio for stm32 9.3.0/armtools/bin/../lib/gcc/arm-atollic-eabi/6.3.1/../../../../arm-atollic-eabi/lib/armv7e-m/fpu\libm.a(lib_a-k_cos.o)
                0x080079b8                __kernel_cos
 *fill*         0x08007b84        0x4 
 .text.__kernel_rem_pio2
                0x08007b88      0x69c d:/programy/truestudio for stm32 9.3.0/armtools/bin/../lib/gcc/arm-atollic-eabi/6.3.1/../../../../arm-atollic-eabi/lib/armv7e-m/fpu\libm.a(lib_a-k_rem_pio2.o)
                0x08007b88                __kernel_rem_pio2
 *fill*         0x08008224        0x4 
 .text.__kernel_sin
                0x08008228      0x174 d:/programy/truestudio for stm32 9.3.0/armtools/bin/../lib/gcc/arm-atollic-eabi/6.3.1/../../../../arm-atollic-eabi/lib/armv7e-m/fpu\libm.a(lib_a-k_sin.o)
                0x08008228                __kernel_sin
 .text.fabs     0x0800839c        0xe d:/programy/truestudio for stm32 9.3.0/armtools/bin/../lib/gcc/arm-atollic-eabi/6.3.1/../../../../arm-atollic-eabi/lib/armv7e-m/fpu\libm.a(lib_a-s_fabs.o)
                0x0800839c                fabs
 *fill*         0x080083aa        0x6 
 .text.floor    0x080083b0      0x108 d:/programy/truestudio for stm32 9.3.0/armtools/bin/../lib/gcc/arm-atollic-eabi/6.3.1/../../../../arm-atollic-eabi/lib/armv7e-m/fpu\libm.a(lib_a-s_floor.o)
                0x080083b0                floor
 .text.scalbn   0x080084b8       0xf4 d:/programy/truestudio for stm32 9.3.0/armtools/bin/../lib/gcc/arm-atollic-eabi/6.3.1/../../../../arm-atollic-eabi/lib/armv7e-m/fpu\libm.a(lib_a-s_scalbn.o)
                0x080084b8                scalbn
 .text.copysign
                0x080085ac       0x1a d:/programy/truestudio for stm32 9.3.0/armtools/bin/../lib/gcc/arm-atollic-eabi/6.3.1/../../../../arm-atollic-eabi/lib/armv7e-m/fpu\libm.a(lib_a-s_copysign.o)
                0x080085ac                copysign
 *(.glue_7)
 .glue_7        0x080085c6        0x0 linker stubs
 *(.glue_7t)
 .glue_7t       0x080085c6        0x0 linker stubs
 *(.eh_frame)
 *fill*         0x080085c6        0x2 
 .eh_frame      0x080085c8        0x0 d:/programy/truestudio for stm32 9.3.0/armtools/bin/../lib/gcc/arm-atollic-eabi/6.3.1/armv7e-m/fpu/crtbegin.o
 *(.init)
 .init          0x080085c8        0x4 d:/programy/truestudio for stm32 9.3.0/armtools/bin/../lib/gcc/arm-atollic-eabi/6.3.1/armv7e-m/fpu/crti.o
                0x080085c8                _init
 .init          0x080085cc        0x8 d:/programy/truestudio for stm32 9.3.0/armtools/bin/../lib/gcc/arm-atollic-eabi/6.3.1/armv7e-m/fpu/crtn.o
 *(.fini)
 .fini          0x080085d4        0x4 d:/programy/truestudio for stm32 9.3.0/armtools/bin/../lib/gcc/arm-atollic-eabi/6.3.1/armv7e-m/fpu/crti.o
                0x080085d4                _fini
 .fini          0x080085d8        0x8 d:/programy/truestudio for stm32 9.3.0/armtools/bin/../lib/gcc/arm-atollic-eabi/6.3.1/armv7e-m/fpu/crtn.o
                0x080085e0                . = ALIGN (0x4)
                0x080085e0                _etext = .

.vfp11_veneer   0x080085e0        0x0
 .vfp11_veneer  0x080085e0        0x0 linker stubs

.v4_bx          0x080085e0        0x0
 .v4_bx         0x080085e0        0x0 linker stubs

.iplt           0x080085e0        0x0
 .iplt          0x080085e0        0x0 d:/programy/truestudio for stm32 9.3.0/armtools/bin/../lib/gcc/arm-atollic-eabi/6.3.1/armv7e-m/fpu/crtbegin.o

.rodata         0x080085e0     0x10c8
                0x080085e0                . = ALIGN (0x4)
 *(.rodata)
 .rodata        0x080085e0       0xc7 src\main.o
 *(.rodata*)
 *fill*         0x080086a7        0x1 
 .rodata.font_atari_8x8_data
                0x080086a8      0x407 src\font_atari_8x8.o
                0x080086a8                font_atari_8x8_data
 *fill*         0x08008aaf        0x1 
 .rodata.font_newbasic_3x6_data
                0x08008ab0      0x126 src\font_newbasic_3x6.o
                0x08008ab0                font_newbasic_3x6_data
 *fill*         0x08008bd6        0x2 
 .rodata.font_system_5x7_data
                0x08008bd8      0x1eb src\font_system_5x7.o
                0x08008bd8                font_system_5x7_data
 *fill*         0x08008dc3        0x1 
 .rodata.font_thin_8x8_data
                0x08008dc4      0x2fe src\font_thin_8x8.o
                0x08008dc4                font_thin_8x8_data
 *fill*         0x080090c2        0x2 
 .rodata.font_wendy_3x5_data
                0x080090c4      0x126 src\font_wendy_3x5.o
                0x080090c4                font_wendy_3x5_data
 *fill*         0x080091ea        0x2 
 .rodata.AHBPrescTable
                0x080091ec       0x10 src\system_stm32f4xx.o
                0x080091ec                AHBPrescTable
 .rodata._global_impure_ptr
                0x080091fc        0x4 d:/programy/truestudio for stm32 9.3.0/armtools/bin/../lib/gcc/arm-atollic-eabi/6.3.1/../../../../arm-atollic-eabi/lib/armv7e-m/fpu\libc.a(lib_a-impure.o)
                0x080091fc                _global_impure_ptr
 .rodata._puts_r.str1.1
                0x08009200        0x2 d:/programy/truestudio for stm32 9.3.0/armtools/bin/../lib/gcc/arm-atollic-eabi/6.3.1/../../../../arm-atollic-eabi/lib/armv7e-m/fpu\libc.a(lib_a-puts.o)
 .rodata._vfprintf_r.str1.1
                0x08009202       0x34 d:/programy/truestudio for stm32 9.3.0/armtools/bin/../lib/gcc/arm-atollic-eabi/6.3.1/../../../../arm-atollic-eabi/lib/armv7e-m/fpu\libc.a(lib_a-vfprintf.o)
 .rodata.blanks.8374
                0x08009236       0x10 d:/programy/truestudio for stm32 9.3.0/armtools/bin/../lib/gcc/arm-atollic-eabi/6.3.1/../../../../arm-atollic-eabi/lib/armv7e-m/fpu\libc.a(lib_a-vfprintf.o)
 .rodata.zeroes.8375
                0x08009246       0x10 d:/programy/truestudio for stm32 9.3.0/armtools/bin/../lib/gcc/arm-atollic-eabi/6.3.1/../../../../arm-atollic-eabi/lib/armv7e-m/fpu\libc.a(lib_a-vfprintf.o)
 .rodata._dtoa_r.str1.1
                0x08009256        0xd d:/programy/truestudio for stm32 9.3.0/armtools/bin/../lib/gcc/arm-atollic-eabi/6.3.1/../../../../arm-atollic-eabi/lib/armv7e-m/fpu\libc.a(lib_a-dtoa.o)
                                  0xf (size before relaxing)
 *fill*         0x08009263        0x1 
 .rodata.__sf_fake_stderr
                0x08009264       0x20 d:/programy/truestudio for stm32 9.3.0/armtools/bin/../lib/gcc/arm-atollic-eabi/6.3.1/../../../../arm-atollic-eabi/lib/armv7e-m/fpu\libc.a(lib_a-findfp.o)
                0x08009264                __sf_fake_stderr
 .rodata.__sf_fake_stdin
                0x08009284       0x20 d:/programy/truestudio for stm32 9.3.0/armtools/bin/../lib/gcc/arm-atollic-eabi/6.3.1/../../../../arm-atollic-eabi/lib/armv7e-m/fpu\libc.a(lib_a-findfp.o)
                0x08009284                __sf_fake_stdin
 .rodata.__sf_fake_stdout
                0x080092a4       0x20 d:/programy/truestudio for stm32 9.3.0/armtools/bin/../lib/gcc/arm-atollic-eabi/6.3.1/../../../../arm-atollic-eabi/lib/armv7e-m/fpu\libc.a(lib_a-findfp.o)
                0x080092a4                __sf_fake_stdout
 *fill*         0x080092c4        0x4 
 .rodata.__mprec_bigtens
                0x080092c8       0x28 d:/programy/truestudio for stm32 9.3.0/armtools/bin/../lib/gcc/arm-atollic-eabi/6.3.1/../../../../arm-atollic-eabi/lib/armv7e-m/fpu\libc.a(lib_a-mprec.o)
                0x080092c8                __mprec_bigtens
 .rodata.__mprec_tens
                0x080092f0       0xc8 d:/programy/truestudio for stm32 9.3.0/armtools/bin/../lib/gcc/arm-atollic-eabi/6.3.1/../../../../arm-atollic-eabi/lib/armv7e-m/fpu\libc.a(lib_a-mprec.o)
                0x080092f0                __mprec_tens
 .rodata.p05.7196
                0x080093b8        0xc d:/programy/truestudio for stm32 9.3.0/armtools/bin/../lib/gcc/arm-atollic-eabi/6.3.1/../../../../arm-atollic-eabi/lib/armv7e-m/fpu\libc.a(lib_a-mprec.o)
 .rodata._setlocale_r.str1.1
                0x080093c4        0x8 d:/programy/truestudio for stm32 9.3.0/armtools/bin/../lib/gcc/arm-atollic-eabi/6.3.1/../../../../arm-atollic-eabi/lib/armv7e-m/fpu\libc.a(lib_a-locale.o)
                                  0x9 (size before relaxing)
 .rodata.str1.1
                0x080093cc        0x2 d:/programy/truestudio for stm32 9.3.0/armtools/bin/../lib/gcc/arm-atollic-eabi/6.3.1/../../../../arm-atollic-eabi/lib/armv7e-m/fpu\libc.a(lib_a-locale.o)
 .rodata._ctype_
                0x080093ce      0x101 d:/programy/truestudio for stm32 9.3.0/armtools/bin/../lib/gcc/arm-atollic-eabi/6.3.1/../../../../arm-atollic-eabi/lib/armv7e-m/fpu\libc.a(lib_a-ctype_.o)
                0x080093ce                _ctype_
 *fill*         0x080094cf        0x1 
 .rodata.npio2_hw
                0x080094d0       0x80 d:/programy/truestudio for stm32 9.3.0/armtools/bin/../lib/gcc/arm-atollic-eabi/6.3.1/../../../../arm-atollic-eabi/lib/armv7e-m/fpu\libm.a(lib_a-e_rem_pio2.o)
 .rodata.two_over_pi
                0x08009550      0x108 d:/programy/truestudio for stm32 9.3.0/armtools/bin/../lib/gcc/arm-atollic-eabi/6.3.1/../../../../arm-atollic-eabi/lib/armv7e-m/fpu\libm.a(lib_a-e_rem_pio2.o)
 .rodata.PIo2   0x08009658       0x40 d:/programy/truestudio for stm32 9.3.0/armtools/bin/../lib/gcc/arm-atollic-eabi/6.3.1/../../../../arm-atollic-eabi/lib/armv7e-m/fpu\libm.a(lib_a-k_rem_pio2.o)
 .rodata.init_jk
                0x08009698       0x10 d:/programy/truestudio for stm32 9.3.0/armtools/bin/../lib/gcc/arm-atollic-eabi/6.3.1/../../../../arm-atollic-eabi/lib/armv7e-m/fpu\libm.a(lib_a-k_rem_pio2.o)
                0x080096a8                . = ALIGN (0x4)

.ARM.extab
 *(.ARM.extab* .gnu.linkonce.armextab.*)

.ARM            0x080096a8        0x8
                0x080096a8                __exidx_start = .
 *(.ARM.exidx*)
 .ARM.exidx     0x080096a8        0x8 d:/programy/truestudio for stm32 9.3.0/armtools/bin/../lib/gcc/arm-atollic-eabi/6.3.1/armv7e-m/fpu\libgcc.a(_udivmoddi4.o)
                0x080096b0                __exidx_end = .

.rel.dyn        0x080096b0        0x0
 .rel.iplt      0x080096b0        0x0 d:/programy/truestudio for stm32 9.3.0/armtools/bin/../lib/gcc/arm-atollic-eabi/6.3.1/armv7e-m/fpu/crtbegin.o

.preinit_array  0x080096b0        0x0
                0x080096b0                PROVIDE (__preinit_array_start, .)
 *(.preinit_array*)
                0x080096b0                PROVIDE (__preinit_array_end, .)

.init_array     0x080096b0        0x4
                0x080096b0                PROVIDE (__init_array_start, .)
 *(SORT(.init_array.*))
 *(.init_array*)
 .init_array    0x080096b0        0x4 d:/programy/truestudio for stm32 9.3.0/armtools/bin/../lib/gcc/arm-atollic-eabi/6.3.1/armv7e-m/fpu/crtbegin.o
                0x080096b4                PROVIDE (__init_array_end, .)

.fini_array     0x080096b4        0x4
                [!provide]                PROVIDE (__fini_array_start, .)
 *(SORT(.fini_array.*))
 *(.fini_array*)
 .fini_array    0x080096b4        0x4 d:/programy/truestudio for stm32 9.3.0/armtools/bin/../lib/gcc/arm-atollic-eabi/6.3.1/armv7e-m/fpu/crtbegin.o
                [!provide]                PROVIDE (__fini_array_end, .)
                0x080096b8                _sidata = LOADADDR (.data)

.data           0x20000000      0x798 load address 0x080096b8
                0x20000000                . = ALIGN (0x4)
                0x20000000                _sdata = .
 *(.data)
 *(.data*)
 .data.node0    0x20000000        0xc src\main.o
                0x20000000                node0
 .data.node1    0x2000000c        0xc src\main.o
                0x2000000c                node1
 .data.node2    0x20000018        0xc src\main.o
                0x20000018                node2
 .data.node3    0x20000024        0xc src\main.o
                0x20000024                node3
 .data.node4    0x20000030        0xc src\main.o
                0x20000030                node4
 .data.node5    0x2000003c        0xc src\main.o
                0x2000003c                node5
 .data.node6    0x20000048        0xc src\main.o
                0x20000048                node6
 .data.node7    0x20000054        0xc src\main.o
                0x20000054                node7
 .data.nodes    0x20000060       0x20 src\main.o
                0x20000060                nodes
 .data.center   0x20000080        0x8 src\main.o
                0x20000080                center
 .data.edge0    0x20000088        0x8 src\main.o
                0x20000088                edge0
 .data.edge1    0x20000090        0x8 src\main.o
                0x20000090                edge1
 .data.edge2    0x20000098        0x8 src\main.o
                0x20000098                edge2
 .data.edge3    0x200000a0        0x8 src\main.o
                0x200000a0                edge3
 .data.edge4    0x200000a8        0x8 src\main.o
                0x200000a8                edge4
 .data.edge5    0x200000b0        0x8 src\main.o
                0x200000b0                edge5
 .data.edge6    0x200000b8        0x8 src\main.o
                0x200000b8                edge6
 .data.edge7    0x200000c0        0x8 src\main.o
                0x200000c0                edge7
 .data.edge8    0x200000c8        0x8 src\main.o
                0x200000c8                edge8
 .data.edge9    0x200000d0        0x8 src\main.o
                0x200000d0                edge9
 .data.edge10   0x200000d8        0x8 src\main.o
                0x200000d8                edge10
 .data.edge11   0x200000e0        0x8 src\main.o
                0x200000e0                edge11
 .data.edges    0x200000e8       0x30 src\main.o
                0x200000e8                edges
 .data._addCRtoLF
                0x20000118        0x1 src\nucleo_uart.o
 .data.bbUseDMA
                0x20000119        0x1 src\oled_1305.o
 .data.refreshDMA
                0x2000011a        0x1 src\oled_1305.o
 *fill*         0x2000011b        0x1 
 .data.refreshDMAStageSPI
                0x2000011c        0x4 src\oled_1305.o
 .data.SystemCoreClock
                0x20000120        0x4 src\system_stm32f4xx.o
                0x20000120                SystemCoreClock
 .data._interval
                0x20000124        0x4 src\systick_ms.o
                0x20000124                _interval
 .data._impure_ptr
                0x20000128        0x4 d:/programy/truestudio for stm32 9.3.0/armtools/bin/../lib/gcc/arm-atollic-eabi/6.3.1/../../../../arm-atollic-eabi/lib/armv7e-m/fpu\libc.a(lib_a-impure.o)
                0x20000128                _impure_ptr
 .data.impure_data
                0x2000012c       0xf0 d:/programy/truestudio for stm32 9.3.0/armtools/bin/../lib/gcc/arm-atollic-eabi/6.3.1/../../../../arm-atollic-eabi/lib/armv7e-m/fpu\libc.a(lib_a-impure.o)
 .data.__malloc_av_
                0x2000021c      0x408 d:/programy/truestudio for stm32 9.3.0/armtools/bin/../lib/gcc/arm-atollic-eabi/6.3.1/../../../../arm-atollic-eabi/lib/armv7e-m/fpu\libc.a(lib_a-mallocr.o)
                0x2000021c                __malloc_av_
 .data.__malloc_sbrk_base
                0x20000624        0x4 d:/programy/truestudio for stm32 9.3.0/armtools/bin/../lib/gcc/arm-atollic-eabi/6.3.1/../../../../arm-atollic-eabi/lib/armv7e-m/fpu\libc.a(lib_a-mallocr.o)
                0x20000624                __malloc_sbrk_base
 .data.__malloc_trim_threshold
                0x20000628        0x4 d:/programy/truestudio for stm32 9.3.0/armtools/bin/../lib/gcc/arm-atollic-eabi/6.3.1/../../../../arm-atollic-eabi/lib/armv7e-m/fpu\libc.a(lib_a-mallocr.o)
                0x20000628                __malloc_trim_threshold
 .data.__global_locale
                0x2000062c      0x16c d:/programy/truestudio for stm32 9.3.0/armtools/bin/../lib/gcc/arm-atollic-eabi/6.3.1/../../../../arm-atollic-eabi/lib/armv7e-m/fpu\libc.a(lib_a-locale.o)
                0x2000062c                __global_locale
                0x20000798                . = ALIGN (0x4)
                0x20000798                _edata = .

.igot.plt       0x20000798        0x0 load address 0x08009e50
 .igot.plt      0x20000798        0x0 d:/programy/truestudio for stm32 9.3.0/armtools/bin/../lib/gcc/arm-atollic-eabi/6.3.1/armv7e-m/fpu/crtbegin.o
                0x20000798                . = ALIGN (0x4)

.bss            0x20000798      0x4b0 load address 0x08009e50
                0x20000798                _sbss = .
                0x20000798                __bss_start__ = _sbss
 *(.bss)
 .bss           0x20000798       0x1c d:/programy/truestudio for stm32 9.3.0/armtools/bin/../lib/gcc/arm-atollic-eabi/6.3.1/armv7e-m/fpu/crtbegin.o
 *(.bss*)
 .bss.my_DrawPixel
                0x200007b4        0x4 src\disp_hilevel.o
 .bss.my_SetByte
                0x200007b8        0x4 src\disp_hilevel.o
 .bss.my_SetBytes
                0x200007bc        0x4 src\disp_hilevel.o
 .bss.pixelsWidth
                0x200007c0        0x4 src\disp_hilevel.o
 .bss.pixelsHeight
                0x200007c4        0x4 src\disp_hilevel.o
 .bss.textX     0x200007c8        0x4 src\disp_hilevel.o
 .bss.textY     0x200007cc        0x4 src\disp_hilevel.o
 .bss.bpFontBase
                0x200007d0        0x4 src\disp_hilevel.o
 .bss.ptrFontHeader
                0x200007d4        0x4 src\disp_hilevel.o
 .bss.oledBuffer
                0x200007d8      0x210 src\oled_1305.o
 .bss.oledSendBuffer
                0x200009e8      0x210 src\oled_1305.o
 .bss.refreshInProgess
                0x20000bf8        0x1 src\oled_1305.o
 *fill*         0x20000bf9        0x3 
 .bss.heap_end.7046
                0x20000bfc        0x4 src\syscalls.o
 .bss._ticks    0x20000c00        0x4 src\systick_ms.o
                0x20000c00                _ticks
 .bss.__malloc_current_mallinfo
                0x20000c04       0x28 d:/programy/truestudio for stm32 9.3.0/armtools/bin/../lib/gcc/arm-atollic-eabi/6.3.1/../../../../arm-atollic-eabi/lib/armv7e-m/fpu\libc.a(lib_a-mallocr.o)
                0x20000c04                __malloc_current_mallinfo
 .bss.__malloc_max_sbrked_mem
                0x20000c2c        0x4 d:/programy/truestudio for stm32 9.3.0/armtools/bin/../lib/gcc/arm-atollic-eabi/6.3.1/../../../../arm-atollic-eabi/lib/armv7e-m/fpu\libc.a(lib_a-mallocr.o)
                0x20000c2c                __malloc_max_sbrked_mem
 .bss.__malloc_max_total_mem
                0x20000c30        0x4 d:/programy/truestudio for stm32 9.3.0/armtools/bin/../lib/gcc/arm-atollic-eabi/6.3.1/../../../../arm-atollic-eabi/lib/armv7e-m/fpu\libc.a(lib_a-mallocr.o)
                0x20000c30                __malloc_max_total_mem
 .bss.__malloc_top_pad
                0x20000c34        0x4 d:/programy/truestudio for stm32 9.3.0/armtools/bin/../lib/gcc/arm-atollic-eabi/6.3.1/../../../../arm-atollic-eabi/lib/armv7e-m/fpu\libc.a(lib_a-mallocr.o)
                0x20000c34                __malloc_top_pad
 *(COMMON)
 COMMON         0x20000c38        0x4 d:/programy/truestudio for stm32 9.3.0/armtools/bin/../lib/gcc/arm-atollic-eabi/6.3.1/../../../../arm-atollic-eabi/lib/armv7e-m/fpu\libc.a(lib_a-reent.o)
                0x20000c38                errno
 COMMON         0x20000c3c        0x9 d:/programy/truestudio for stm32 9.3.0/armtools/bin/../lib/gcc/arm-atollic-eabi/6.3.1/../../../../arm-atollic-eabi/lib/armv7e-m/fpu\libc.a(lib_a-lock.o)
                0x20000c3c                __lock___atexit_recursive_mutex
                0x20000c3d                __lock___arc4random_mutex
                0x20000c3e                __lock___env_recursive_mutex
                0x20000c3f                __lock___sinit_recursive_mutex
                0x20000c40                __lock___malloc_recursive_mutex
                0x20000c41                __lock___at_quick_exit_mutex
                0x20000c42                __lock___dd_hash_mutex
                0x20000c43                __lock___tz_mutex
                0x20000c44                __lock___sfp_recursive_mutex
                0x20000c48                . = ALIGN (0x4)
 *fill*         0x20000c45        0x3 
                0x20000c48                _ebss = .
                0x20000c48                __bss_end__ = _ebss

._user_heap_stack
                0x20000c48      0x400 load address 0x08009e50
                0x20000c48                . = ALIGN (0x4)
                0x20000c48                PROVIDE (end, .)
                [!provide]                PROVIDE (_end, .)
                0x20000c48                . = (. + _Min_Heap_Size)
                0x20001048                . = (. + _Min_Stack_Size)
 *fill*         0x20000c48      0x400 
                0x20001048                . = ALIGN (0x4)

.memory_b1_text
 *(.mb1text)
 *(.mb1text*)
 *(.mb1rodata)
 *(.mb1rodata*)

/DISCARD/
 libc.a(*)
 libm.a(*)
 libgcc.a(*)

.ARM.attributes
                0x00000000       0x30
 *(.ARM.attributes)
 .ARM.attributes
                0x00000000       0x22 d:/programy/truestudio for stm32 9.3.0/armtools/bin/../lib/gcc/arm-atollic-eabi/6.3.1/armv7e-m/fpu/crti.o
 .ARM.attributes
                0x00000022       0x34 d:/programy/truestudio for stm32 9.3.0/armtools/bin/../lib/gcc/arm-atollic-eabi/6.3.1/armv7e-m/fpu/crtbegin.o
 .ARM.attributes
                0x00000056       0x39 src\disp_hilevel.o
 .ARM.attributes
                0x0000008f       0x39 src\font_atari_8x8.o
 .ARM.attributes
                0x000000c8       0x39 src\font_newbasic_3x6.o
 .ARM.attributes
                0x00000101       0x39 src\font_system_5x7.o
 .ARM.attributes
                0x0000013a       0x39 src\font_thin_8x8.o
 .ARM.attributes
                0x00000173       0x39 src\font_wendy_3x5.o
 .ARM.attributes
                0x000001ac       0x39 src\main.o
 .ARM.attributes
                0x000001e5       0x39 src\nucleo_core.o
 .ARM.attributes
                0x0000021e       0x39 src\nucleo_uart.o
 .ARM.attributes
                0x00000257       0x39 src\oled_1305.o
 .ARM.attributes
                0x00000290       0x21 src\startup_stm32f411xe.o
 .ARM.attributes
                0x000002b1       0x39 src\syscalls.o
 .ARM.attributes
                0x000002ea       0x39 src\system_stm32f4xx.o
 .ARM.attributes
                0x00000323       0x39 src\systick_ms.o
 .ARM.attributes
                0x0000035c       0x34 d:/programy/truestudio for stm32 9.3.0/armtools/bin/../lib/gcc/arm-atollic-eabi/6.3.1/../../../../arm-atollic-eabi/lib/armv7e-m/fpu\libc.a(lib_a-impure.o)
 .ARM.attributes
                0x00000390       0x34 d:/programy/truestudio for stm32 9.3.0/armtools/bin/../lib/gcc/arm-atollic-eabi/6.3.1/../../../../arm-atollic-eabi/lib/armv7e-m/fpu\libc.a(lib_a-init.o)
 .ARM.attributes
                0x000003c4       0x34 d:/programy/truestudio for stm32 9.3.0/armtools/bin/../lib/gcc/arm-atollic-eabi/6.3.1/../../../../arm-atollic-eabi/lib/armv7e-m/fpu\libc.a(lib_a-printf.o)
 .ARM.attributes
                0x000003f8       0x34 d:/programy/truestudio for stm32 9.3.0/armtools/bin/../lib/gcc/arm-atollic-eabi/6.3.1/../../../../arm-atollic-eabi/lib/armv7e-m/fpu\libc.a(lib_a-puts.o)
 .ARM.attributes
                0x0000042c       0x34 d:/programy/truestudio for stm32 9.3.0/armtools/bin/../lib/gcc/arm-atollic-eabi/6.3.1/../../../../arm-atollic-eabi/lib/armv7e-m/fpu\libc.a(lib_a-reent.o)
 .ARM.attributes
                0x00000460       0x34 d:/programy/truestudio for stm32 9.3.0/armtools/bin/../lib/gcc/arm-atollic-eabi/6.3.1/../../../../arm-atollic-eabi/lib/armv7e-m/fpu\libc.a(lib_a-rget.o)
 .ARM.attributes
                0x00000494       0x34 d:/programy/truestudio for stm32 9.3.0/armtools/bin/../lib/gcc/arm-atollic-eabi/6.3.1/../../../../arm-atollic-eabi/lib/armv7e-m/fpu\libc.a(lib_a-setvbuf.o)
 .ARM.attributes
                0x000004c8       0x1b d:/programy/truestudio for stm32 9.3.0/armtools/bin/../lib/gcc/arm-atollic-eabi/6.3.1/../../../../arm-atollic-eabi/lib/armv7e-m/fpu\libc.a(lib_a-strlen.o)
 .ARM.attributes
                0x000004e3       0x34 d:/programy/truestudio for stm32 9.3.0/armtools/bin/../lib/gcc/arm-atollic-eabi/6.3.1/../../../../arm-atollic-eabi/lib/armv7e-m/fpu\libc.a(lib_a-vfprintf.o)
 .ARM.attributes
                0x00000517       0x34 d:/programy/truestudio for stm32 9.3.0/armtools/bin/../lib/gcc/arm-atollic-eabi/6.3.1/../../../../arm-atollic-eabi/lib/armv7e-m/fpu\libc.a(lib_a-wbuf.o)
 .ARM.attributes
                0x0000054b       0x34 d:/programy/truestudio for stm32 9.3.0/armtools/bin/../lib/gcc/arm-atollic-eabi/6.3.1/../../../../arm-atollic-eabi/lib/armv7e-m/fpu\libc.a(lib_a-wsetup.o)
 .ARM.attributes
                0x0000057f       0x34 d:/programy/truestudio for stm32 9.3.0/armtools/bin/../lib/gcc/arm-atollic-eabi/6.3.1/../../../../arm-atollic-eabi/lib/armv7e-m/fpu\libc.a(lib_a-dtoa.o)
 .ARM.attributes
                0x000005b3       0x34 d:/programy/truestudio for stm32 9.3.0/armtools/bin/../lib/gcc/arm-atollic-eabi/6.3.1/../../../../arm-atollic-eabi/lib/armv7e-m/fpu\libc.a(lib_a-fflush.o)
 .ARM.attributes
                0x000005e7       0x34 d:/programy/truestudio for stm32 9.3.0/armtools/bin/../lib/gcc/arm-atollic-eabi/6.3.1/../../../../arm-atollic-eabi/lib/armv7e-m/fpu\libc.a(lib_a-findfp.o)
 .ARM.attributes
                0x0000061b       0x34 d:/programy/truestudio for stm32 9.3.0/armtools/bin/../lib/gcc/arm-atollic-eabi/6.3.1/../../../../arm-atollic-eabi/lib/armv7e-m/fpu\libc.a(lib_a-freer.o)
 .ARM.attributes
                0x0000064f       0x34 d:/programy/truestudio for stm32 9.3.0/armtools/bin/../lib/gcc/arm-atollic-eabi/6.3.1/../../../../arm-atollic-eabi/lib/armv7e-m/fpu\libc.a(lib_a-fvwrite.o)
 .ARM.attributes
                0x00000683       0x34 d:/programy/truestudio for stm32 9.3.0/armtools/bin/../lib/gcc/arm-atollic-eabi/6.3.1/../../../../arm-atollic-eabi/lib/armv7e-m/fpu\libc.a(lib_a-fwalk.o)
 .ARM.attributes
                0x000006b7       0x34 d:/programy/truestudio for stm32 9.3.0/armtools/bin/../lib/gcc/arm-atollic-eabi/6.3.1/../../../../arm-atollic-eabi/lib/armv7e-m/fpu\libc.a(lib_a-localeconv.o)
 .ARM.attributes
                0x000006eb       0x34 d:/programy/truestudio for stm32 9.3.0/armtools/bin/../lib/gcc/arm-atollic-eabi/6.3.1/../../../../arm-atollic-eabi/lib/armv7e-m/fpu\libc.a(lib_a-lock.o)
 .ARM.attributes
                0x0000071f       0x34 d:/programy/truestudio for stm32 9.3.0/armtools/bin/../lib/gcc/arm-atollic-eabi/6.3.1/../../../../arm-atollic-eabi/lib/armv7e-m/fpu\libc.a(lib_a-makebuf.o)
 .ARM.attributes
                0x00000753       0x34 d:/programy/truestudio for stm32 9.3.0/armtools/bin/../lib/gcc/arm-atollic-eabi/6.3.1/../../../../arm-atollic-eabi/lib/armv7e-m/fpu\libc.a(lib_a-malloc.o)
 .ARM.attributes
                0x00000787       0x34 d:/programy/truestudio for stm32 9.3.0/armtools/bin/../lib/gcc/arm-atollic-eabi/6.3.1/../../../../arm-atollic-eabi/lib/armv7e-m/fpu\libc.a(lib_a-mallocr.o)
 .ARM.attributes
                0x000007bb       0x20 d:/programy/truestudio for stm32 9.3.0/armtools/bin/../lib/gcc/arm-atollic-eabi/6.3.1/../../../../arm-atollic-eabi/lib/armv7e-m/fpu\libc.a(lib_a-memchr.o)
 .ARM.attributes
                0x000007db       0x34 d:/programy/truestudio for stm32 9.3.0/armtools/bin/../lib/gcc/arm-atollic-eabi/6.3.1/../../../../arm-atollic-eabi/lib/armv7e-m/fpu\libc.a(lib_a-memcpy-stub.o)
 .ARM.attributes
                0x0000080f       0x34 d:/programy/truestudio for stm32 9.3.0/armtools/bin/../lib/gcc/arm-atollic-eabi/6.3.1/../../../../arm-atollic-eabi/lib/armv7e-m/fpu\libc.a(lib_a-memmove.o)
 .ARM.attributes
                0x00000843       0x34 d:/programy/truestudio for stm32 9.3.0/armtools/bin/../lib/gcc/arm-atollic-eabi/6.3.1/../../../../arm-atollic-eabi/lib/armv7e-m/fpu\libc.a(lib_a-memset.o)
 .ARM.attributes
                0x00000877       0x34 d:/programy/truestudio for stm32 9.3.0/armtools/bin/../lib/gcc/arm-atollic-eabi/6.3.1/../../../../arm-atollic-eabi/lib/armv7e-m/fpu\libc.a(lib_a-mlock.o)
 .ARM.attributes
                0x000008ab       0x34 d:/programy/truestudio for stm32 9.3.0/armtools/bin/../lib/gcc/arm-atollic-eabi/6.3.1/../../../../arm-atollic-eabi/lib/armv7e-m/fpu\libc.a(lib_a-mprec.o)
 .ARM.attributes
                0x000008df       0x34 d:/programy/truestudio for stm32 9.3.0/armtools/bin/../lib/gcc/arm-atollic-eabi/6.3.1/../../../../arm-atollic-eabi/lib/armv7e-m/fpu\libc.a(lib_a-reallocr.o)
 .ARM.attributes
                0x00000913       0x34 d:/programy/truestudio for stm32 9.3.0/armtools/bin/../lib/gcc/arm-atollic-eabi/6.3.1/../../../../arm-atollic-eabi/lib/armv7e-m/fpu\libc.a(lib_a-refill.o)
 .ARM.attributes
                0x00000947       0x34 d:/programy/truestudio for stm32 9.3.0/armtools/bin/../lib/gcc/arm-atollic-eabi/6.3.1/../../../../arm-atollic-eabi/lib/armv7e-m/fpu\libc.a(lib_a-sbrkr.o)
 .ARM.attributes
                0x0000097b       0x34 d:/programy/truestudio for stm32 9.3.0/armtools/bin/../lib/gcc/arm-atollic-eabi/6.3.1/../../../../arm-atollic-eabi/lib/armv7e-m/fpu\libc.a(lib_a-stdio.o)
 .ARM.attributes
                0x000009af       0x34 d:/programy/truestudio for stm32 9.3.0/armtools/bin/../lib/gcc/arm-atollic-eabi/6.3.1/../../../../arm-atollic-eabi/lib/armv7e-m/fpu\libc.a(lib_a-vfiprintf.o)
 .ARM.attributes
                0x000009e3       0x34 d:/programy/truestudio for stm32 9.3.0/armtools/bin/../lib/gcc/arm-atollic-eabi/6.3.1/../../../../arm-atollic-eabi/lib/armv7e-m/fpu\libc.a(lib_a-writer.o)
 .ARM.attributes
                0x00000a17       0x34 d:/programy/truestudio for stm32 9.3.0/armtools/bin/../lib/gcc/arm-atollic-eabi/6.3.1/../../../../arm-atollic-eabi/lib/armv7e-m/fpu\libc.a(lib_a-callocr.o)
 .ARM.attributes
                0x00000a4b       0x34 d:/programy/truestudio for stm32 9.3.0/armtools/bin/../lib/gcc/arm-atollic-eabi/6.3.1/../../../../arm-atollic-eabi/lib/armv7e-m/fpu\libc.a(lib_a-closer.o)
 .ARM.attributes
                0x00000a7f       0x34 d:/programy/truestudio for stm32 9.3.0/armtools/bin/../lib/gcc/arm-atollic-eabi/6.3.1/../../../../arm-atollic-eabi/lib/armv7e-m/fpu\libc.a(lib_a-fclose.o)
 .ARM.attributes
                0x00000ab3       0x34 d:/programy/truestudio for stm32 9.3.0/armtools/bin/../lib/gcc/arm-atollic-eabi/6.3.1/../../../../arm-atollic-eabi/lib/armv7e-m/fpu\libc.a(lib_a-fputwc.o)
 .ARM.attributes
                0x00000ae7       0x34 d:/programy/truestudio for stm32 9.3.0/armtools/bin/../lib/gcc/arm-atollic-eabi/6.3.1/../../../../arm-atollic-eabi/lib/armv7e-m/fpu\libc.a(lib_a-fstatr.o)
 .ARM.attributes
                0x00000b1b       0x34 d:/programy/truestudio for stm32 9.3.0/armtools/bin/../lib/gcc/arm-atollic-eabi/6.3.1/../../../../arm-atollic-eabi/lib/armv7e-m/fpu\libc.a(lib_a-isattyr.o)
 .ARM.attributes
                0x00000b4f       0x34 d:/programy/truestudio for stm32 9.3.0/armtools/bin/../lib/gcc/arm-atollic-eabi/6.3.1/../../../../arm-atollic-eabi/lib/armv7e-m/fpu\libc.a(lib_a-locale.o)
 .ARM.attributes
                0x00000b83       0x34 d:/programy/truestudio for stm32 9.3.0/armtools/bin/../lib/gcc/arm-atollic-eabi/6.3.1/../../../../arm-atollic-eabi/lib/armv7e-m/fpu\libc.a(lib_a-lseekr.o)
 .ARM.attributes
                0x00000bb7       0x34 d:/programy/truestudio for stm32 9.3.0/armtools/bin/../lib/gcc/arm-atollic-eabi/6.3.1/../../../../arm-atollic-eabi/lib/armv7e-m/fpu\libc.a(lib_a-mbtowc_r.o)
 .ARM.attributes
                0x00000beb       0x34 d:/programy/truestudio for stm32 9.3.0/armtools/bin/../lib/gcc/arm-atollic-eabi/6.3.1/../../../../arm-atollic-eabi/lib/armv7e-m/fpu\libc.a(lib_a-readr.o)
 .ARM.attributes
                0x00000c1f       0x34 d:/programy/truestudio for stm32 9.3.0/armtools/bin/../lib/gcc/arm-atollic-eabi/6.3.1/../../../../arm-atollic-eabi/lib/armv7e-m/fpu\libc.a(lib_a-wcrtomb.o)
 .ARM.attributes
                0x00000c53       0x34 d:/programy/truestudio for stm32 9.3.0/armtools/bin/../lib/gcc/arm-atollic-eabi/6.3.1/../../../../arm-atollic-eabi/lib/armv7e-m/fpu\libc.a(lib_a-wctomb_r.o)
 .ARM.attributes
                0x00000c87       0x34 d:/programy/truestudio for stm32 9.3.0/armtools/bin/../lib/gcc/arm-atollic-eabi/6.3.1/../../../../arm-atollic-eabi/lib/armv7e-m/fpu\libc.a(lib_a-ctype_.o)
 .ARM.attributes
                0x00000cbb       0x34 d:/programy/truestudio for stm32 9.3.0/armtools/bin/../lib/gcc/arm-atollic-eabi/6.3.1/../../../../arm-atollic-eabi/lib/armv7e-m/fpu\libm.a(lib_a-s_cos.o)
 .ARM.attributes
                0x00000cef       0x34 d:/programy/truestudio for stm32 9.3.0/armtools/bin/../lib/gcc/arm-atollic-eabi/6.3.1/../../../../arm-atollic-eabi/lib/armv7e-m/fpu\libm.a(lib_a-s_sin.o)
 .ARM.attributes
                0x00000d23       0x34 d:/programy/truestudio for stm32 9.3.0/armtools/bin/../lib/gcc/arm-atollic-eabi/6.3.1/../../../../arm-atollic-eabi/lib/armv7e-m/fpu\libm.a(lib_a-e_rem_pio2.o)
 .ARM.attributes
                0x00000d57       0x34 d:/programy/truestudio for stm32 9.3.0/armtools/bin/../lib/gcc/arm-atollic-eabi/6.3.1/../../../../arm-atollic-eabi/lib/armv7e-m/fpu\libm.a(lib_a-k_cos.o)
 .ARM.attributes
                0x00000d8b       0x34 d:/programy/truestudio for stm32 9.3.0/armtools/bin/../lib/gcc/arm-atollic-eabi/6.3.1/../../../../arm-atollic-eabi/lib/armv7e-m/fpu\libm.a(lib_a-k_rem_pio2.o)
 .ARM.attributes
                0x00000dbf       0x34 d:/programy/truestudio for stm32 9.3.0/armtools/bin/../lib/gcc/arm-atollic-eabi/6.3.1/../../../../arm-atollic-eabi/lib/armv7e-m/fpu\libm.a(lib_a-k_sin.o)
 .ARM.attributes
                0x00000df3       0x34 d:/programy/truestudio for stm32 9.3.0/armtools/bin/../lib/gcc/arm-atollic-eabi/6.3.1/../../../../arm-atollic-eabi/lib/armv7e-m/fpu\libm.a(lib_a-s_fabs.o)
 .ARM.attributes
                0x00000e27       0x34 d:/programy/truestudio for stm32 9.3.0/armtools/bin/../lib/gcc/arm-atollic-eabi/6.3.1/../../../../arm-atollic-eabi/lib/armv7e-m/fpu\libm.a(lib_a-s_floor.o)
 .ARM.attributes
                0x00000e5b       0x34 d:/programy/truestudio for stm32 9.3.0/armtools/bin/../lib/gcc/arm-atollic-eabi/6.3.1/../../../../arm-atollic-eabi/lib/armv7e-m/fpu\libm.a(lib_a-s_scalbn.o)
 .ARM.attributes
                0x00000e8f       0x34 d:/programy/truestudio for stm32 9.3.0/armtools/bin/../lib/gcc/arm-atollic-eabi/6.3.1/../../../../arm-atollic-eabi/lib/armv7e-m/fpu\libm.a(lib_a-s_copysign.o)
 .ARM.attributes
                0x00000ec3       0x22 d:/programy/truestudio for stm32 9.3.0/armtools/bin/../lib/gcc/arm-atollic-eabi/6.3.1/armv7e-m/fpu\libgcc.a(_arm_addsubdf3.o)
 .ARM.attributes
                0x00000ee5       0x22 d:/programy/truestudio for stm32 9.3.0/armtools/bin/../lib/gcc/arm-atollic-eabi/6.3.1/armv7e-m/fpu\libgcc.a(_arm_muldivdf3.o)
 .ARM.attributes
                0x00000f07       0x22 d:/programy/truestudio for stm32 9.3.0/armtools/bin/../lib/gcc/arm-atollic-eabi/6.3.1/armv7e-m/fpu\libgcc.a(_arm_cmpdf2.o)
 .ARM.attributes
                0x00000f29       0x22 d:/programy/truestudio for stm32 9.3.0/armtools/bin/../lib/gcc/arm-atollic-eabi/6.3.1/armv7e-m/fpu\libgcc.a(_arm_unorddf2.o)
 .ARM.attributes
                0x00000f4b       0x22 d:/programy/truestudio for stm32 9.3.0/armtools/bin/../lib/gcc/arm-atollic-eabi/6.3.1/armv7e-m/fpu\libgcc.a(_arm_fixdfsi.o)
 .ARM.attributes
                0x00000f6d       0x22 d:/programy/truestudio for stm32 9.3.0/armtools/bin/../lib/gcc/arm-atollic-eabi/6.3.1/armv7e-m/fpu\libgcc.a(_arm_truncdfsf2.o)
 .ARM.attributes
                0x00000f8f       0x22 d:/programy/truestudio for stm32 9.3.0/armtools/bin/../lib/gcc/arm-atollic-eabi/6.3.1/armv7e-m/fpu\libgcc.a(_aeabi_uldivmod.o)
 .ARM.attributes
                0x00000fb1       0x34 d:/programy/truestudio for stm32 9.3.0/armtools/bin/../lib/gcc/arm-atollic-eabi/6.3.1/armv7e-m/fpu\libgcc.a(_udivmoddi4.o)
 .ARM.attributes
                0x00000fe5       0x22 d:/programy/truestudio for stm32 9.3.0/armtools/bin/../lib/gcc/arm-atollic-eabi/6.3.1/armv7e-m/fpu\libgcc.a(_dvmd_tls.o)
 .ARM.attributes
                0x00001007       0x22 d:/programy/truestudio for stm32 9.3.0/armtools/bin/../lib/gcc/arm-atollic-eabi/6.3.1/armv7e-m/fpu/crtn.o
OUTPUT(NF411_OLED_ASE.elf elf32-littlearm)

.debug_info     0x00000000     0x63cd
 .debug_info    0x00000000      0x72f src\disp_hilevel.o
 .debug_info    0x0000072f       0xae src\font_atari_8x8.o
 .debug_info    0x000007dd       0xae src\font_newbasic_3x6.o
 .debug_info    0x0000088b       0xae src\font_system_5x7.o
 .debug_info    0x00000939       0xae src\font_thin_8x8.o
 .debug_info    0x000009e7       0xae src\font_wendy_3x5.o
 .debug_info    0x00000a95      0xf8b src\main.o
 .debug_info    0x00001a20      0xd2d src\nucleo_core.o
 .debug_info    0x0000274d      0xcd0 src\nucleo_uart.o
 .debug_info    0x0000341d     0x137f src\oled_1305.o
 .debug_info    0x0000479c       0x94 src\startup_stm32f411xe.o
 .debug_info    0x00004830     0x1061 src\syscalls.o
 .debug_info    0x00005891      0x4ca src\system_stm32f4xx.o
 .debug_info    0x00005d5b      0x672 src\systick_ms.o

.debug_abbrev   0x00000000     0x128e
 .debug_abbrev  0x00000000      0x1ec src\disp_hilevel.o
 .debug_abbrev  0x000001ec       0x66 src\font_atari_8x8.o
 .debug_abbrev  0x00000252       0x66 src\font_newbasic_3x6.o
 .debug_abbrev  0x000002b8       0x66 src\font_system_5x7.o
 .debug_abbrev  0x0000031e       0x66 src\font_thin_8x8.o
 .debug_abbrev  0x00000384       0x66 src\font_wendy_3x5.o
 .debug_abbrev  0x000003ea      0x274 src\main.o
 .debug_abbrev  0x0000065e      0x1e8 src\nucleo_core.o
 .debug_abbrev  0x00000846      0x20d src\nucleo_uart.o
 .debug_abbrev  0x00000a53      0x2d5 src\oled_1305.o
 .debug_abbrev  0x00000d28       0x12 src\startup_stm32f411xe.o
 .debug_abbrev  0x00000d3a      0x250 src\syscalls.o
 .debug_abbrev  0x00000f8a      0x11f src\system_stm32f4xx.o
 .debug_abbrev  0x000010a9      0x1e5 src\systick_ms.o

.debug_aranges  0x00000000      0x3b8
 .debug_aranges
                0x00000000       0x98 src\disp_hilevel.o
 .debug_aranges
                0x00000098       0x18 src\font_atari_8x8.o
 .debug_aranges
                0x000000b0       0x18 src\font_newbasic_3x6.o
 .debug_aranges
                0x000000c8       0x18 src\font_system_5x7.o
 .debug_aranges
                0x000000e0       0x18 src\font_thin_8x8.o
 .debug_aranges
                0x000000f8       0x18 src\font_wendy_3x5.o
 .debug_aranges
                0x00000110       0x50 src\main.o
 .debug_aranges
                0x00000160       0x38 src\nucleo_core.o
 .debug_aranges
                0x00000198       0x40 src\nucleo_uart.o
 .debug_aranges
                0x000001d8       0x80 src\oled_1305.o
 .debug_aranges
                0x00000258       0x28 src\startup_stm32f411xe.o
 .debug_aranges
                0x00000280       0xc8 src\syscalls.o
 .debug_aranges
                0x00000348       0x28 src\system_stm32f4xx.o
 .debug_aranges
                0x00000370       0x48 src\systick_ms.o

.debug_ranges   0x00000000      0x2b8
 .debug_ranges  0x00000000       0x88 src\disp_hilevel.o
 .debug_ranges  0x00000088       0x40 src\main.o
 .debug_ranges  0x000000c8       0x28 src\nucleo_core.o
 .debug_ranges  0x000000f0       0x30 src\nucleo_uart.o
 .debug_ranges  0x00000120       0x70 src\oled_1305.o
 .debug_ranges  0x00000190       0x20 src\startup_stm32f411xe.o
 .debug_ranges  0x000001b0       0xb8 src\syscalls.o
 .debug_ranges  0x00000268       0x18 src\system_stm32f4xx.o
 .debug_ranges  0x00000280       0x38 src\systick_ms.o

.debug_line     0x00000000     0x1fba
 .debug_line    0x00000000      0x4ba src\disp_hilevel.o
 .debug_line    0x000004ba      0x10b src\font_atari_8x8.o
 .debug_line    0x000005c5      0x111 src\font_newbasic_3x6.o
 .debug_line    0x000006d6      0x10d src\font_system_5x7.o
 .debug_line    0x000007e3      0x109 src\font_thin_8x8.o
 .debug_line    0x000008ec      0x10b src\font_wendy_3x5.o
 .debug_line    0x000009f7      0x47f src\main.o
 .debug_line    0x00000e76      0x2b9 src\nucleo_core.o
 .debug_line    0x0000112f      0x292 src\nucleo_uart.o
 .debug_line    0x000013c1      0x416 src\oled_1305.o
 .debug_line    0x000017d7       0x7b src\startup_stm32f411xe.o
 .debug_line    0x00001852      0x3b6 src\syscalls.o
 .debug_line    0x00001c08      0x1b3 src\system_stm32f4xx.o
 .debug_line    0x00001dbb      0x1ff src\systick_ms.o

.debug_str      0x00000000     0x17b3
 .debug_str     0x00000000      0x445 src\disp_hilevel.o
                                0x49a (size before relaxing)
 .debug_str     0x00000445       0x21 src\font_atari_8x8.o
                                0x1e5 (size before relaxing)
 .debug_str     0x00000466       0x1b src\font_newbasic_3x6.o
                                0x1eb (size before relaxing)
 .debug_str     0x00000481       0x19 src\font_system_5x7.o
                                0x1e7 (size before relaxing)
 .debug_str     0x0000049a       0x17 src\font_thin_8x8.o
                                0x1e3 (size before relaxing)
 .debug_str     0x000004b1       0x18 src\font_wendy_3x5.o
                                0x1e5 (size before relaxing)
 .debug_str     0x000004c9      0x6b0 src\main.o
                                0x930 (size before relaxing)
 .debug_str     0x00000b79      0x1d7 src\nucleo_core.o
                                0x885 (size before relaxing)
 .debug_str     0x00000d50       0xaf src\nucleo_uart.o
                                0x817 (size before relaxing)
 .debug_str     0x00000dff      0x5d7 src\oled_1305.o
                                0xd96 (size before relaxing)
 .debug_str     0x000013d6      0x280 src\syscalls.o
                                0x904 (size before relaxing)
 .debug_str     0x00001656       0xb8 src\system_stm32f4xx.o
                                0x3b0 (size before relaxing)
 .debug_str     0x0000170e       0xa5 src\systick_ms.o
                                0x70a (size before relaxing)

.comment        0x00000000       0x7c
 .comment       0x00000000       0x7c src\disp_hilevel.o
                                 0x7d (size before relaxing)
 .comment       0x0000007c       0x7d src\font_atari_8x8.o
 .comment       0x0000007c       0x7d src\font_newbasic_3x6.o
 .comment       0x0000007c       0x7d src\font_system_5x7.o
 .comment       0x0000007c       0x7d src\font_thin_8x8.o
 .comment       0x0000007c       0x7d src\font_wendy_3x5.o
 .comment       0x0000007c       0x7d src\main.o
 .comment       0x0000007c       0x7d src\nucleo_core.o
 .comment       0x0000007c       0x7d src\nucleo_uart.o
 .comment       0x0000007c       0x7d src\oled_1305.o
 .comment       0x0000007c       0x7d src\syscalls.o
 .comment       0x0000007c       0x7d src\system_stm32f4xx.o
 .comment       0x0000007c       0x7d src\systick_ms.o

.debug_frame    0x00000000     0x1f08
 .debug_frame   0x00000000      0x258 src\disp_hilevel.o
 .debug_frame   0x00000258      0x118 src\main.o
 .debug_frame   0x00000370       0xa8 src\nucleo_core.o
 .debug_frame   0x00000418       0xc8 src\nucleo_uart.o
 .debug_frame   0x000004e0      0x1dc src\oled_1305.o
 .debug_frame   0x000006bc      0x354 src\syscalls.o
 .debug_frame   0x00000a10       0x58 src\system_stm32f4xx.o
 .debug_frame   0x00000a68       0xe4 src\systick_ms.o
 .debug_frame   0x00000b4c       0x2c d:/programy/truestudio for stm32 9.3.0/armtools/bin/../lib/gcc/arm-atollic-eabi/6.3.1/../../../../arm-atollic-eabi/lib/armv7e-m/fpu\libc.a(lib_a-init.o)
 .debug_frame   0x00000b78       0x74 d:/programy/truestudio for stm32 9.3.0/armtools/bin/../lib/gcc/arm-atollic-eabi/6.3.1/../../../../arm-atollic-eabi/lib/armv7e-m/fpu\libc.a(lib_a-printf.o)
 .debug_frame   0x00000bec       0x44 d:/programy/truestudio for stm32 9.3.0/armtools/bin/../lib/gcc/arm-atollic-eabi/6.3.1/../../../../arm-atollic-eabi/lib/armv7e-m/fpu\libc.a(lib_a-puts.o)
 .debug_frame   0x00000c30       0x5c d:/programy/truestudio for stm32 9.3.0/armtools/bin/../lib/gcc/arm-atollic-eabi/6.3.1/../../../../arm-atollic-eabi/lib/armv7e-m/fpu\libc.a(lib_a-reent.o)
 .debug_frame   0x00000c8c       0x3c d:/programy/truestudio for stm32 9.3.0/armtools/bin/../lib/gcc/arm-atollic-eabi/6.3.1/../../../../arm-atollic-eabi/lib/armv7e-m/fpu\libc.a(lib_a-rget.o)
 .debug_frame   0x00000cc8       0x38 d:/programy/truestudio for stm32 9.3.0/armtools/bin/../lib/gcc/arm-atollic-eabi/6.3.1/../../../../arm-atollic-eabi/lib/armv7e-m/fpu\libc.a(lib_a-setvbuf.o)
 .debug_frame   0x00000d00       0x74 d:/programy/truestudio for stm32 9.3.0/armtools/bin/../lib/gcc/arm-atollic-eabi/6.3.1/../../../../arm-atollic-eabi/lib/armv7e-m/fpu\libc.a(lib_a-vfprintf.o)
 .debug_frame   0x00000d74       0x40 d:/programy/truestudio for stm32 9.3.0/armtools/bin/../lib/gcc/arm-atollic-eabi/6.3.1/../../../../arm-atollic-eabi/lib/armv7e-m/fpu\libc.a(lib_a-wbuf.o)
 .debug_frame   0x00000db4       0x2c d:/programy/truestudio for stm32 9.3.0/armtools/bin/../lib/gcc/arm-atollic-eabi/6.3.1/../../../../arm-atollic-eabi/lib/armv7e-m/fpu\libc.a(lib_a-wsetup.o)
 .debug_frame   0x00000de0       0x6c d:/programy/truestudio for stm32 9.3.0/armtools/bin/../lib/gcc/arm-atollic-eabi/6.3.1/../../../../arm-atollic-eabi/lib/armv7e-m/fpu\libc.a(lib_a-dtoa.o)
 .debug_frame   0x00000e4c       0x5c d:/programy/truestudio for stm32 9.3.0/armtools/bin/../lib/gcc/arm-atollic-eabi/6.3.1/../../../../arm-atollic-eabi/lib/armv7e-m/fpu\libc.a(lib_a-fflush.o)
 .debug_frame   0x00000ea8      0x14c d:/programy/truestudio for stm32 9.3.0/armtools/bin/../lib/gcc/arm-atollic-eabi/6.3.1/../../../../arm-atollic-eabi/lib/armv7e-m/fpu\libc.a(lib_a-findfp.o)
 .debug_frame   0x00000ff4       0x60 d:/programy/truestudio for stm32 9.3.0/armtools/bin/../lib/gcc/arm-atollic-eabi/6.3.1/../../../../arm-atollic-eabi/lib/armv7e-m/fpu\libc.a(lib_a-freer.o)
 .debug_frame   0x00001054       0x3c d:/programy/truestudio for stm32 9.3.0/armtools/bin/../lib/gcc/arm-atollic-eabi/6.3.1/../../../../arm-atollic-eabi/lib/armv7e-m/fpu\libc.a(lib_a-fvwrite.o)
 .debug_frame   0x00001090       0x54 d:/programy/truestudio for stm32 9.3.0/armtools/bin/../lib/gcc/arm-atollic-eabi/6.3.1/../../../../arm-atollic-eabi/lib/armv7e-m/fpu\libc.a(lib_a-fwalk.o)
 .debug_frame   0x000010e4       0x40 d:/programy/truestudio for stm32 9.3.0/armtools/bin/../lib/gcc/arm-atollic-eabi/6.3.1/../../../../arm-atollic-eabi/lib/armv7e-m/fpu\libc.a(lib_a-localeconv.o)
 .debug_frame   0x00001124       0xb0 d:/programy/truestudio for stm32 9.3.0/armtools/bin/../lib/gcc/arm-atollic-eabi/6.3.1/../../../../arm-atollic-eabi/lib/armv7e-m/fpu\libc.a(lib_a-lock.o)
 .debug_frame   0x000011d4       0x58 d:/programy/truestudio for stm32 9.3.0/armtools/bin/../lib/gcc/arm-atollic-eabi/6.3.1/../../../../arm-atollic-eabi/lib/armv7e-m/fpu\libc.a(lib_a-makebuf.o)
 .debug_frame   0x0000122c       0x30 d:/programy/truestudio for stm32 9.3.0/armtools/bin/../lib/gcc/arm-atollic-eabi/6.3.1/../../../../arm-atollic-eabi/lib/armv7e-m/fpu\libc.a(lib_a-malloc.o)
 .debug_frame   0x0000125c       0x40 d:/programy/truestudio for stm32 9.3.0/armtools/bin/../lib/gcc/arm-atollic-eabi/6.3.1/../../../../arm-atollic-eabi/lib/armv7e-m/fpu\libc.a(lib_a-mallocr.o)
 .debug_frame   0x0000129c       0x28 d:/programy/truestudio for stm32 9.3.0/armtools/bin/../lib/gcc/arm-atollic-eabi/6.3.1/../../../../arm-atollic-eabi/lib/armv7e-m/fpu\libc.a(lib_a-memcpy-stub.o)
 .debug_frame   0x000012c4       0x28 d:/programy/truestudio for stm32 9.3.0/armtools/bin/../lib/gcc/arm-atollic-eabi/6.3.1/../../../../arm-atollic-eabi/lib/armv7e-m/fpu\libc.a(lib_a-memmove.o)
 .debug_frame   0x000012ec       0x20 d:/programy/truestudio for stm32 9.3.0/armtools/bin/../lib/gcc/arm-atollic-eabi/6.3.1/../../../../arm-atollic-eabi/lib/armv7e-m/fpu\libc.a(lib_a-memset.o)
 .debug_frame   0x0000130c       0x30 d:/programy/truestudio for stm32 9.3.0/armtools/bin/../lib/gcc/arm-atollic-eabi/6.3.1/../../../../arm-atollic-eabi/lib/armv7e-m/fpu\libc.a(lib_a-mlock.o)
 .debug_frame   0x0000133c      0x240 d:/programy/truestudio for stm32 9.3.0/armtools/bin/../lib/gcc/arm-atollic-eabi/6.3.1/../../../../arm-atollic-eabi/lib/armv7e-m/fpu\libc.a(lib_a-mprec.o)
 .debug_frame   0x0000157c       0x50 d:/programy/truestudio for stm32 9.3.0/armtools/bin/../lib/gcc/arm-atollic-eabi/6.3.1/../../../../arm-atollic-eabi/lib/armv7e-m/fpu\libc.a(lib_a-reallocr.o)
 .debug_frame   0x000015cc       0x40 d:/programy/truestudio for stm32 9.3.0/armtools/bin/../lib/gcc/arm-atollic-eabi/6.3.1/../../../../arm-atollic-eabi/lib/armv7e-m/fpu\libc.a(lib_a-refill.o)
 .debug_frame   0x0000160c       0x2c d:/programy/truestudio for stm32 9.3.0/armtools/bin/../lib/gcc/arm-atollic-eabi/6.3.1/../../../../arm-atollic-eabi/lib/armv7e-m/fpu\libc.a(lib_a-sbrkr.o)
 .debug_frame   0x00001638       0x88 d:/programy/truestudio for stm32 9.3.0/armtools/bin/../lib/gcc/arm-atollic-eabi/6.3.1/../../../../arm-atollic-eabi/lib/armv7e-m/fpu\libc.a(lib_a-stdio.o)
 .debug_frame   0x000016c0       0x9c d:/programy/truestudio for stm32 9.3.0/armtools/bin/../lib/gcc/arm-atollic-eabi/6.3.1/../../../../arm-atollic-eabi/lib/armv7e-m/fpu\libc.a(lib_a-vfiprintf.o)
 .debug_frame   0x0000175c       0x2c d:/programy/truestudio for stm32 9.3.0/armtools/bin/../lib/gcc/arm-atollic-eabi/6.3.1/../../../../arm-atollic-eabi/lib/armv7e-m/fpu\libc.a(lib_a-writer.o)
 .debug_frame   0x00001788       0x28 d:/programy/truestudio for stm32 9.3.0/armtools/bin/../lib/gcc/arm-atollic-eabi/6.3.1/../../../../arm-atollic-eabi/lib/armv7e-m/fpu\libc.a(lib_a-callocr.o)
 .debug_frame   0x000017b0       0x2c d:/programy/truestudio for stm32 9.3.0/armtools/bin/../lib/gcc/arm-atollic-eabi/6.3.1/../../../../arm-atollic-eabi/lib/armv7e-m/fpu\libc.a(lib_a-closer.o)
 .debug_frame   0x000017dc       0x3c d:/programy/truestudio for stm32 9.3.0/armtools/bin/../lib/gcc/arm-atollic-eabi/6.3.1/../../../../arm-atollic-eabi/lib/armv7e-m/fpu\libc.a(lib_a-fclose.o)
 .debug_frame   0x00001818       0x7c d:/programy/truestudio for stm32 9.3.0/armtools/bin/../lib/gcc/arm-atollic-eabi/6.3.1/../../../../arm-atollic-eabi/lib/armv7e-m/fpu\libc.a(lib_a-fputwc.o)
 .debug_frame   0x00001894       0x2c d:/programy/truestudio for stm32 9.3.0/armtools/bin/../lib/gcc/arm-atollic-eabi/6.3.1/../../../../arm-atollic-eabi/lib/armv7e-m/fpu\libc.a(lib_a-fstatr.o)
 .debug_frame   0x000018c0       0x2c d:/programy/truestudio for stm32 9.3.0/armtools/bin/../lib/gcc/arm-atollic-eabi/6.3.1/../../../../arm-atollic-eabi/lib/armv7e-m/fpu\libc.a(lib_a-isattyr.o)
 .debug_frame   0x000018ec       0x68 d:/programy/truestudio for stm32 9.3.0/armtools/bin/../lib/gcc/arm-atollic-eabi/6.3.1/../../../../arm-atollic-eabi/lib/armv7e-m/fpu\libc.a(lib_a-locale.o)
 .debug_frame   0x00001954       0x2c d:/programy/truestudio for stm32 9.3.0/armtools/bin/../lib/gcc/arm-atollic-eabi/6.3.1/../../../../arm-atollic-eabi/lib/armv7e-m/fpu\libc.a(lib_a-lseekr.o)
 .debug_frame   0x00001980       0x48 d:/programy/truestudio for stm32 9.3.0/armtools/bin/../lib/gcc/arm-atollic-eabi/6.3.1/../../../../arm-atollic-eabi/lib/armv7e-m/fpu\libc.a(lib_a-mbtowc_r.o)
 .debug_frame   0x000019c8       0x2c d:/programy/truestudio for stm32 9.3.0/armtools/bin/../lib/gcc/arm-atollic-eabi/6.3.1/../../../../arm-atollic-eabi/lib/armv7e-m/fpu\libc.a(lib_a-readr.o)
 .debug_frame   0x000019f4       0x48 d:/programy/truestudio for stm32 9.3.0/armtools/bin/../lib/gcc/arm-atollic-eabi/6.3.1/../../../../arm-atollic-eabi/lib/armv7e-m/fpu\libc.a(lib_a-wcrtomb.o)
 .debug_frame   0x00001a3c       0x3c d:/programy/truestudio for stm32 9.3.0/armtools/bin/../lib/gcc/arm-atollic-eabi/6.3.1/../../../../arm-atollic-eabi/lib/armv7e-m/fpu\libc.a(lib_a-wctomb_r.o)
 .debug_frame   0x00001a78       0x2c d:/programy/truestudio for stm32 9.3.0/armtools/bin/../lib/gcc/arm-atollic-eabi/6.3.1/../../../../arm-atollic-eabi/lib/armv7e-m/fpu\libm.a(lib_a-s_cos.o)
 .debug_frame   0x00001aa4       0x2c d:/programy/truestudio for stm32 9.3.0/armtools/bin/../lib/gcc/arm-atollic-eabi/6.3.1/../../../../arm-atollic-eabi/lib/armv7e-m/fpu\libm.a(lib_a-s_sin.o)
 .debug_frame   0x00001ad0       0x40 d:/programy/truestudio for stm32 9.3.0/armtools/bin/../lib/gcc/arm-atollic-eabi/6.3.1/../../../../arm-atollic-eabi/lib/armv7e-m/fpu\libm.a(lib_a-e_rem_pio2.o)
 .debug_frame   0x00001b10       0x40 d:/programy/truestudio for stm32 9.3.0/armtools/bin/../lib/gcc/arm-atollic-eabi/6.3.1/../../../../arm-atollic-eabi/lib/armv7e-m/fpu\libm.a(lib_a-k_cos.o)
 .debug_frame   0x00001b50       0x54 d:/programy/truestudio for stm32 9.3.0/armtools/bin/../lib/gcc/arm-atollic-eabi/6.3.1/../../../../arm-atollic-eabi/lib/armv7e-m/fpu\libm.a(lib_a-k_rem_pio2.o)
 .debug_frame   0x00001ba4       0x40 d:/programy/truestudio for stm32 9.3.0/armtools/bin/../lib/gcc/arm-atollic-eabi/6.3.1/../../../../arm-atollic-eabi/lib/armv7e-m/fpu\libm.a(lib_a-k_sin.o)
 .debug_frame   0x00001be4       0x20 d:/programy/truestudio for stm32 9.3.0/armtools/bin/../lib/gcc/arm-atollic-eabi/6.3.1/../../../../arm-atollic-eabi/lib/armv7e-m/fpu\libm.a(lib_a-s_fabs.o)
 .debug_frame   0x00001c04       0x30 d:/programy/truestudio for stm32 9.3.0/armtools/bin/../lib/gcc/arm-atollic-eabi/6.3.1/../../../../arm-atollic-eabi/lib/armv7e-m/fpu\libm.a(lib_a-s_floor.o)
 .debug_frame   0x00001c34       0x2c d:/programy/truestudio for stm32 9.3.0/armtools/bin/../lib/gcc/arm-atollic-eabi/6.3.1/../../../../arm-atollic-eabi/lib/armv7e-m/fpu\libm.a(lib_a-s_scalbn.o)
 .debug_frame   0x00001c60       0x20 d:/programy/truestudio for stm32 9.3.0/armtools/bin/../lib/gcc/arm-atollic-eabi/6.3.1/../../../../arm-atollic-eabi/lib/armv7e-m/fpu\libm.a(lib_a-s_copysign.o)
 .debug_frame   0x00001c80       0xac d:/programy/truestudio for stm32 9.3.0/armtools/bin/../lib/gcc/arm-atollic-eabi/6.3.1/armv7e-m/fpu\libgcc.a(_arm_addsubdf3.o)
 .debug_frame   0x00001d2c       0x50 d:/programy/truestudio for stm32 9.3.0/armtools/bin/../lib/gcc/arm-atollic-eabi/6.3.1/armv7e-m/fpu\libgcc.a(_arm_muldivdf3.o)
 .debug_frame   0x00001d7c       0xc4 d:/programy/truestudio for stm32 9.3.0/armtools/bin/../lib/gcc/arm-atollic-eabi/6.3.1/armv7e-m/fpu\libgcc.a(_arm_cmpdf2.o)
 .debug_frame   0x00001e40       0x20 d:/programy/truestudio for stm32 9.3.0/armtools/bin/../lib/gcc/arm-atollic-eabi/6.3.1/armv7e-m/fpu\libgcc.a(_arm_unorddf2.o)
 .debug_frame   0x00001e60       0x24 d:/programy/truestudio for stm32 9.3.0/armtools/bin/../lib/gcc/arm-atollic-eabi/6.3.1/armv7e-m/fpu\libgcc.a(_arm_fixdfsi.o)
 .debug_frame   0x00001e84       0x24 d:/programy/truestudio for stm32 9.3.0/armtools/bin/../lib/gcc/arm-atollic-eabi/6.3.1/armv7e-m/fpu\libgcc.a(_arm_truncdfsf2.o)
 .debug_frame   0x00001ea8       0x2c d:/programy/truestudio for stm32 9.3.0/armtools/bin/../lib/gcc/arm-atollic-eabi/6.3.1/armv7e-m/fpu\libgcc.a(_aeabi_uldivmod.o)
 .debug_frame   0x00001ed4       0x34 d:/programy/truestudio for stm32 9.3.0/armtools/bin/../lib/gcc/arm-atollic-eabi/6.3.1/armv7e-m/fpu\libgcc.a(_udivmoddi4.o)

Cross Reference Table

Symbol                                            File
ADC_IRQHandler                                    src\startup_stm32f411xe.o
AHBPrescTable                                     src\system_stm32f4xx.o
BusFault_Handler                                  src\startup_stm32f411xe.o
DISP_Clear                                        src\disp_hilevel.o
                                                  src\main.o
DISP_DemoCntRow                                   src\disp_hilevel.o
                                                  src\main.o
DISP_DrawCircle                                   src\disp_hilevel.o
                                                  src\main.o
DISP_DrawLine                                     src\disp_hilevel.o
                                                  src\main.o
DISP_DrawRect                                     src\disp_hilevel.o
                                                  src\main.o
DISP_Fill                                         src\disp_hilevel.o
DISP_FillCircle                                   src\disp_hilevel.o
DISP_FillRect                                     src\disp_hilevel.o