20:39:12 **** Incremental Build of configuration Debug for project Cviceni7_SPI_Bezici_LED ****
Info: Internal Builder is used for build
arm-atollic-eabi-gcc -c ..\src\main.c -mthumb -mcpu=cortex-m4 -mfloat-abi=hard -mfpu=fpv4-sp-d16 -std=gnu11 -DSTM32F411xE -I../src -I../Drivers/CMSIS/Include -I../Drivers/CMSIS/Device/ST/STM32F4xx/Include -I../Drivers/STM32F4xx_HAL_Driver/Inc -O0 -ffunction-sections -fdata-sections -g -fstack-usage -Wall -specs=nano.specs -o src\main.o 
arm-atollic-eabi-gcc -o Cviceni7_SPI_Bezici_LED.elf src\main.o src\mpp_shield.o src\startup_stm32f411xe.o src\stm_core.o src\system_stm32f4xx.o src\tiny_printf.o -mthumb -mcpu=cortex-m4 -mfloat-abi=hard -mfpu=fpv4-sp-d16 -T../stm32_flash.ld -specs=nosys.specs -static -Wl,-cref,-u,Reset_Handler -Wl,-Map=Cviceni7_SPI_Bezici_LED.map -Wl,--gc-sections -Wl,--defsym=malloc_getpagesize_P=0x80 -Wl,--start-group -lc -lm -Wl,--end-group -specs=nano.specs 
D:\Programy\TrueSTUDIO for STM32 9.3.0\ide\jre\bin\java -jar D:\Programy\TrueSTUDIO for STM32 9.3.0\Tools\arm-atollic-reports.jar sizeinfo list Cviceni7_SPI_Bezici_LED.elf 
Generate build reports...
Print size information
   text	   data	    bss	    dec	    hex	filename
   2912	     12	   1056	   3980	    f8c	Cviceni7_SPI_Bezici_LED.elf
Print size information done
Generate listing file
Output sent to: Cviceni7_SPI_Bezici_LED.list
Generate listing file done
Generate build reports done

20:39:13 Build Finished (took 1s.31ms)

