09:41:40 **** Incremental Build of configuration Debug for project Domaci_Priprava_Akceleometr_I2C ****
Info: Internal Builder is used for build
arm-atollic-eabi-gcc -o Domaci_Priprava_Akceleometr_I2C.elf src\main.o src\mpp_shield.o src\nucleo_i2c.o src\nucleo_usart.o src\startup_stm32f411xe.o src\stm_core.o src\syscalls.o src\system_stm32f4xx.o -mthumb -mcpu=cortex-m4 -mfloat-abi=hard -mfpu=fpv4-sp-d16 -T../stm32_flash.ld -specs=nosys.specs -static -Wl,-cref,-u,Reset_Handler -Wl,-Map=Domaci_Priprava_Akceleometr_I2C.map -Wl,--gc-sections -Wl,--defsym=malloc_getpagesize_P=0x80 -Wl,--start-group -lc -lm -Wl,--end-group -specs=nano.specs 
D:\Programy\TrueSTUDIO for STM32 9.3.0\ide\jre\bin\java -jar D:\Programy\TrueSTUDIO for STM32 9.3.0\Tools\arm-atollic-reports.jar sizeinfo list Domaci_Priprava_Akceleometr_I2C.elf 
Generate build reports...
Print size information
   text	   data	    bss	    dec	    hex	filename
  10584	    112	   1072	  11768	   2df8	Domaci_Priprava_Akceleometr_I2C.elf
Print size information done
Generate listing file
Output sent to: Domaci_Priprava_Akceleometr_I2C.list
Generate listing file done
Generate build reports done

09:41:42 Build Finished (took 1s.737ms)

