Archive member included to satisfy reference by file (symbol)

d:/programy/truestudio for stm32 9.3.0/armtools/bin/../lib/gcc/arm-atollic-eabi/6.3.1/../../../../arm-atollic-eabi/lib/armv7e-m/fpu\libc_nano.a(lib_a-init.o)
                              src\startup_stm32f411xe.o (__libc_init_array)
d:/programy/truestudio for stm32 9.3.0/armtools/bin/../lib/gcc/arm-atollic-eabi/6.3.1/../../../../arm-atollic-eabi/lib/armv7e-m/fpu\libc_nano.a(lib_a-reent.o)
                              src\syscalls.o (errno)
d:/programy/truestudio for stm32 9.3.0/armtools/bin/../lib/gcc/arm-atollic-eabi/6.3.1/../../../../arm-atollic-eabi/lib/armv7e-m/fpu\libc_nano.a(lib_a-strlen.o)
                              src\tiny_printf.o (strlen)
d:/programy/truestudio for stm32 9.3.0/armtools/bin/../lib/gcc/arm-atollic-eabi/6.3.1/../../../../arm-atollic-eabi/lib/armv7e-m/fpu\libc_nano.a(lib_a-impure.o)
                              d:/programy/truestudio for stm32 9.3.0/armtools/bin/../lib/gcc/arm-atollic-eabi/6.3.1/../../../../arm-atollic-eabi/lib/armv7e-m/fpu\libc_nano.a(lib_a-reent.o) (_impure_ptr)
d:/programy/truestudio for stm32 9.3.0/armtools/bin/../lib/gcc/arm-atollic-eabi/6.3.1/../../../../arm-atollic-eabi/lib/armv7e-m/fpu\libc_nano.a(lib_a-nano-freer.o)
                              d:/programy/truestudio for stm32 9.3.0/armtools/bin/../lib/gcc/arm-atollic-eabi/6.3.1/../../../../arm-atollic-eabi/lib/armv7e-m/fpu\libc_nano.a(lib_a-reent.o) (_free_r)
d:/programy/truestudio for stm32 9.3.0/armtools/bin/../lib/gcc/arm-atollic-eabi/6.3.1/../../../../arm-atollic-eabi/lib/armv7e-m/fpu\libc_nano.a(lib_a-nano-mallocr.o)
                              d:/programy/truestudio for stm32 9.3.0/armtools/bin/../lib/gcc/arm-atollic-eabi/6.3.1/../../../../arm-atollic-eabi/lib/armv7e-m/fpu\libc_nano.a(lib_a-nano-freer.o) (__malloc_free_list)
d:/programy/truestudio for stm32 9.3.0/armtools/bin/../lib/gcc/arm-atollic-eabi/6.3.1/../../../../arm-atollic-eabi/lib/armv7e-m/fpu\libc_nano.a(lib_a-sbrkr.o)
                              d:/programy/truestudio for stm32 9.3.0/armtools/bin/../lib/gcc/arm-atollic-eabi/6.3.1/../../../../arm-atollic-eabi/lib/armv7e-m/fpu\libc_nano.a(lib_a-nano-mallocr.o) (_sbrk_r)
d:/programy/truestudio for stm32 9.3.0/armtools/bin/../lib/gcc/arm-atollic-eabi/6.3.1/../../../../arm-atollic-eabi/lib/armv7e-m/fpu\libc_nano.a(lib_a-mlock.o)
                              d:/programy/truestudio for stm32 9.3.0/armtools/bin/../lib/gcc/arm-atollic-eabi/6.3.1/../../../../arm-atollic-eabi/lib/armv7e-m/fpu\libc_nano.a(lib_a-nano-freer.o) (__malloc_lock)

Allocating common symbols
Common symbol       size              file

darek_maly          0x100             src\main.o
errno               0x4               d:/programy/truestudio for stm32 9.3.0/armtools/bin/../lib/gcc/arm-atollic-eabi/6.3.1/../../../../arm-atollic-eabi/lib/armv7e-m/fpu\libc_nano.a(lib_a-reent.o)
strom               0x300             src\main.o
snih                0x2000            src\main.o
darek_velky         0x200             src\main.o

Discarded input sections

 .text          0x00000000        0x0 d:/programy/truestudio for stm32 9.3.0/armtools/bin/../lib/gcc/arm-atollic-eabi/6.3.1/armv7e-m/fpu/crti.o
 .data          0x00000000        0x0 d:/programy/truestudio for stm32 9.3.0/armtools/bin/../lib/gcc/arm-atollic-eabi/6.3.1/armv7e-m/fpu/crti.o
 .bss           0x00000000        0x0 d:/programy/truestudio for stm32 9.3.0/armtools/bin/../lib/gcc/arm-atollic-eabi/6.3.1/armv7e-m/fpu/crti.o
 .data          0x00000000        0x4 d:/programy/truestudio for stm32 9.3.0/armtools/bin/../lib/gcc/arm-atollic-eabi/6.3.1/armv7e-m/fpu/crtbegin.o
 .text          0x00000000        0x0 src\disp_hilevel.o
 .data          0x00000000        0x0 src\disp_hilevel.o
 .bss           0x00000000        0x0 src\disp_hilevel.o
 .text.DISP_GetCharPerRow
                0x00000000       0x24 src\disp_hilevel.o
 .text.DISP_GetRowPerDisp
                0x00000000       0x24 src\disp_hilevel.o
 .text.DISP_DemoCntRow
                0x00000000       0x50 src\disp_hilevel.o
 .text.DISP_DrawLine
                0x00000000       0xec src\disp_hilevel.o
 .text.DISP_DrawRect
                0x00000000       0x7c src\disp_hilevel.o
 .text.DISP_DrawCircle
                0x00000000      0x2b8 src\disp_hilevel.o
 .text.DISP_FillCircle
                0x00000000      0x168 src\disp_hilevel.o
 .text          0x00000000        0x0 src\font_atari_8x8.o
 .data          0x00000000        0x0 src\font_atari_8x8.o
 .bss           0x00000000        0x0 src\font_atari_8x8.o
 .text          0x00000000        0x0 src\font_newbasic_3x6.o
 .data          0x00000000        0x0 src\font_newbasic_3x6.o
 .bss           0x00000000        0x0 src\font_newbasic_3x6.o
 .text          0x00000000        0x0 src\font_system_5x7.o
 .data          0x00000000        0x0 src\font_system_5x7.o
 .bss           0x00000000        0x0 src\font_system_5x7.o
 .text          0x00000000        0x0 src\font_thin_8x8.o
 .data          0x00000000        0x0 src\font_thin_8x8.o
 .bss           0x00000000        0x0 src\font_thin_8x8.o
 .text          0x00000000        0x0 src\font_wendy_3x5.o
 .data          0x00000000        0x0 src\font_wendy_3x5.o
 .bss           0x00000000        0x0 src\font_wendy_3x5.o
 .text          0x00000000        0x0 src\main.o
 .data          0x00000000        0x0 src\main.o
 .bss           0x00000000        0x0 src\main.o
 .text          0x00000000        0x0 src\nucleo_core.o
 .data          0x00000000        0x0 src\nucleo_core.o
 .bss           0x00000000        0x0 src\nucleo_core.o
 .text          0x00000000        0x0 src\nucleo_i2c.o
 .data          0x00000000        0x0 src\nucleo_i2c.o
 .bss           0x00000000        0x0 src\nucleo_i2c.o
 .bss._i2cNum   0x00000000        0x4 src\nucleo_i2c.o
 .text.InitI2C1
                0x00000000       0x14 src\nucleo_i2c.o
 .text.InitI2C  0x00000000      0x1e8 src\nucleo_i2c.o
 .text.I2C_sr   0x00000000       0x30 src\nucleo_i2c.o
 .rodata._timeoutI2C
                0x00000000        0x4 src\nucleo_i2c.o
 .text.I2C_Start
                0x00000000       0x54 src\nucleo_i2c.o
 .text.I2C_Stop
                0x00000000       0x54 src\nucleo_i2c.o
 .text.I2C_Addr
                0x00000000       0x48 src\nucleo_i2c.o
 .text.I2C_Write
                0x00000000       0x48 src\nucleo_i2c.o
 .text.I2C_Read
                0x00000000       0x6c src\nucleo_i2c.o
 .text.I2C_Write8
                0x00000000       0x40 src\nucleo_i2c.o
 .text.I2C_Read8
                0x00000000       0x58 src\nucleo_i2c.o
 .text.I2C_Read16
                0x00000000       0x74 src\nucleo_i2c.o
 .text.I2C_ReadBlock
                0x00000000       0x8a src\nucleo_i2c.o
 .debug_info    0x00000000      0xf4d src\nucleo_i2c.o
 .debug_abbrev  0x00000000      0x2a4 src\nucleo_i2c.o
 .debug_aranges
                0x00000000       0x78 src\nucleo_i2c.o
 .debug_ranges  0x00000000       0x68 src\nucleo_i2c.o
 .debug_line    0x00000000      0x3c6 src\nucleo_i2c.o
 .debug_str     0x00000000      0x8b9 src\nucleo_i2c.o
 .comment       0x00000000       0x7d src\nucleo_i2c.o
 .debug_frame   0x00000000      0x1bc src\nucleo_i2c.o
 .ARM.attributes
                0x00000000       0x39 src\nucleo_i2c.o
 .text          0x00000000        0x0 src\nucleo_uart.o
 .data          0x00000000        0x0 src\nucleo_uart.o
 .bss           0x00000000        0x0 src\nucleo_uart.o
 .text.Nucleo_StartUart2
                0x00000000      0x1ec src\nucleo_uart.o
 .data._addCRtoLF
                0x00000000        0x1 src\nucleo_uart.o
 .text.usart2_putc
                0x00000000       0x58 src\nucleo_uart.o
 .text.usart2_getc
                0x00000000       0x24 src\nucleo_uart.o
 .text.isCharRecv
                0x00000000       0x20 src\nucleo_uart.o
 .text.SetAddCRtoLF
                0x00000000       0x20 src\nucleo_uart.o
 .debug_info    0x00000000      0xcb7 src\nucleo_uart.o
 .debug_abbrev  0x00000000      0x20d src\nucleo_uart.o
 .debug_aranges
                0x00000000       0x40 src\nucleo_uart.o
 .debug_ranges  0x00000000       0x30 src\nucleo_uart.o
 .debug_line    0x00000000      0x292 src\nucleo_uart.o
 .debug_str     0x00000000      0x80f src\nucleo_uart.o
 .comment       0x00000000       0x7d src\nucleo_uart.o
 .debug_frame   0x00000000       0xc8 src\nucleo_uart.o
 .ARM.attributes
                0x00000000       0x39 src\nucleo_uart.o
 .text          0x00000000        0x0 src\oled_1305.o
 .data          0x00000000        0x0 src\oled_1305.o
 .bss           0x00000000        0x0 src\oled_1305.o
 .bss.xPtr      0x00000000        0x4 src\oled_1305.o
 .bss.yPtr      0x00000000        0x4 src\oled_1305.o
 .bss.refreshAutoPeriod
                0x00000000        0x4 src\oled_1305.o
 .text          0x00000000        0x0 src\picture.o
 .data          0x00000000        0x0 src\picture.o
 .bss           0x00000000        0x0 src\picture.o
 .data.star_wars
                0x00000000      0x200 src\picture.o
 .text          0x00000000       0x14 src\startup_stm32f411xe.o
 .data          0x00000000        0x0 src\startup_stm32f411xe.o
 .bss           0x00000000        0x0 src\startup_stm32f411xe.o
 .text          0x00000000        0x0 src\syscalls.o
 .data          0x00000000        0x0 src\syscalls.o
 .bss           0x00000000        0x0 src\syscalls.o
 .bss.__env     0x00000000        0x4 src\syscalls.o
 .data.environ  0x00000000        0x4 src\syscalls.o
 .text.initialise_monitor_handles
                0x00000000        0xe src\syscalls.o
 .text._getpid  0x00000000       0x1c src\syscalls.o
 .text._gettimeofday
                0x00000000       0x24 src\syscalls.o
 .text._kill    0x00000000       0x24 src\syscalls.o
 .text._exit    0x00000000        0xa src\syscalls.o
 .text._write   0x00000000       0x44 src\syscalls.o
 .text._read    0x00000000       0x2c src\syscalls.o
 .text._sbrk    0x00000000       0x40 src\syscalls.o
 .text._close   0x00000000       0x24 src\syscalls.o
 .text._fstat   0x00000000       0x24 src\syscalls.o
 .text._isatty  0x00000000       0x20 src\syscalls.o
 .text._lseek   0x00000000       0x28 src\syscalls.o
 .text._readlink
                0x00000000       0x28 src\syscalls.o
 .text._open    0x00000000       0x28 src\syscalls.o
 .text._wait    0x00000000       0x24 src\syscalls.o
 .text._unlink  0x00000000       0x24 src\syscalls.o
 .text._times   0x00000000       0x24 src\syscalls.o
 .text._stat    0x00000000       0x24 src\syscalls.o
 .text._symlink
                0x00000000       0x24 src\syscalls.o
 .text._link    0x00000000       0x24 src\syscalls.o
 .text._fork    0x00000000       0x1c src\syscalls.o
 .text._execve  0x00000000       0x28 src\syscalls.o
 .bss.heap_end.7025
                0x00000000        0x4 src\syscalls.o
 .debug_info    0x00000000     0x1048 src\syscalls.o
 .debug_abbrev  0x00000000      0x250 src\syscalls.o
 .debug_aranges
                0x00000000       0xc8 src\syscalls.o
 .debug_ranges  0x00000000       0xb8 src\syscalls.o
 .debug_line    0x00000000      0x3b6 src\syscalls.o
 .debug_str     0x00000000      0x8fc src\syscalls.o
 .comment       0x00000000       0x7d src\syscalls.o
 .debug_frame   0x00000000      0x354 src\syscalls.o
 .ARM.attributes
                0x00000000       0x39 src\syscalls.o
 .text          0x00000000        0x0 src\system_stm32f4xx.o
 .data          0x00000000        0x0 src\system_stm32f4xx.o
 .bss           0x00000000        0x0 src\system_stm32f4xx.o
 .text          0x00000000        0x0 src\systick_ms.o
 .data          0x00000000        0x0 src\systick_ms.o
 .bss           0x00000000        0x0 src\systick_ms.o
 .text          0x00000000        0x0 src\tiny_printf.o
 .data          0x00000000        0x0 src\tiny_printf.o
 .bss           0x00000000        0x0 src\tiny_printf.o
 .text.ts_itoa  0x00000000       0x92 src\tiny_printf.o
 .text.ts_formatstring
                0x00000000      0x12e src\tiny_printf.o
 .text.ts_formatlength
                0x00000000      0x12c src\tiny_printf.o
 .text.siprintf
                0x00000000       0x2c src\tiny_printf.o
 .text.fiprintf
                0x00000000       0x9a src\tiny_printf.o
 .text.iprintf  0x00000000       0x92 src\tiny_printf.o
 .rodata        0x00000000        0x2 src\tiny_printf.o
 .text.fputs    0x00000000       0x68 src\tiny_printf.o
 .text.puts     0x00000000       0x58 src\tiny_printf.o
 .text.fwrite   0x00000000       0x38 src\tiny_printf.o
 .debug_info    0x00000000      0xc78 src\tiny_printf.o
 .debug_abbrev  0x00000000      0x262 src\tiny_printf.o
 .debug_aranges
                0x00000000       0x60 src\tiny_printf.o
 .debug_ranges  0x00000000       0x50 src\tiny_printf.o
 .debug_line    0x00000000      0x286 src\tiny_printf.o
 .debug_str     0x00000000      0x694 src\tiny_printf.o
 .comment       0x00000000       0x7d src\tiny_printf.o
 .debug_frame   0x00000000      0x1bc src\tiny_printf.o
 .ARM.attributes
                0x00000000       0x39 src\tiny_printf.o
 .text          0x00000000        0x0 src\uart_ring.o
 .data          0x00000000        0x0 src\uart_ring.o
 .bss           0x00000000        0x0 src\uart_ring.o
 .text.UartRingCreate
                0x00000000       0x8c src\uart_ring.o
 .text.UartRingInitFn_W
                0x00000000       0x2c src\uart_ring.o
 .text.UartRingInitFn_R
                0x00000000       0x24 src\uart_ring.o
 .text.UartRingIsEmpty_W
                0x00000000       0x18 src\uart_ring.o
 .text.UartRingIsOver_W
                0x00000000       0x18 src\uart_ring.o
 .text.UartRingSend
                0x00000000       0xaa src\uart_ring.o
 .text.UartRingProcessIRQ_W
                0x00000000       0x68 src\uart_ring.o
 .text.UartRingDiscard_W
                0x00000000       0x24 src\uart_ring.o
 .text.UartRingRecv
                0x00000000       0x78 src\uart_ring.o
 .text.UartRingIsData
                0x00000000       0x36 src\uart_ring.o
 .text.UartRingIsEmpty_R
                0x00000000       0x1a src\uart_ring.o
 .text.UartRingIsOver_R
                0x00000000       0x1a src\uart_ring.o
 .text.UartRingProcessIRQ_R
                0x00000000       0x6a src\uart_ring.o
 .text.UartRingDiscard_R
                0x00000000       0x34 src\uart_ring.o
 .debug_info    0x00000000      0xca4 src\uart_ring.o
 .debug_abbrev  0x00000000      0x213 src\uart_ring.o
 .debug_aranges
                0x00000000       0x88 src\uart_ring.o
 .debug_ranges  0x00000000       0x78 src\uart_ring.o
 .debug_line    0x00000000      0x301 src\uart_ring.o
 .debug_str     0x00000000      0x828 src\uart_ring.o
 .comment       0x00000000       0x7d src\uart_ring.o
 .debug_frame   0x00000000      0x238 src\uart_ring.o
 .ARM.attributes
                0x00000000       0x39 src\uart_ring.o
 .text          0x00000000        0x0 d:/programy/truestudio for stm32 9.3.0/armtools/bin/../lib/gcc/arm-atollic-eabi/6.3.1/../../../../arm-atollic-eabi/lib/armv7e-m/fpu\libc_nano.a(lib_a-init.o)
 .data          0x00000000        0x0 d:/programy/truestudio for stm32 9.3.0/armtools/bin/../lib/gcc/arm-atollic-eabi/6.3.1/../../../../arm-atollic-eabi/lib/armv7e-m/fpu\libc_nano.a(lib_a-init.o)
 .bss           0x00000000        0x0 d:/programy/truestudio for stm32 9.3.0/armtools/bin/../lib/gcc/arm-atollic-eabi/6.3.1/../../../../arm-atollic-eabi/lib/armv7e-m/fpu\libc_nano.a(lib_a-init.o)
 .text          0x00000000        0x0 d:/programy/truestudio for stm32 9.3.0/armtools/bin/../lib/gcc/arm-atollic-eabi/6.3.1/../../../../arm-atollic-eabi/lib/armv7e-m/fpu\libc_nano.a(lib_a-reent.o)
 .data          0x00000000        0x0 d:/programy/truestudio for stm32 9.3.0/armtools/bin/../lib/gcc/arm-atollic-eabi/6.3.1/../../../../arm-atollic-eabi/lib/armv7e-m/fpu\libc_nano.a(lib_a-reent.o)
 .bss           0x00000000        0x0 d:/programy/truestudio for stm32 9.3.0/armtools/bin/../lib/gcc/arm-atollic-eabi/6.3.1/../../../../arm-atollic-eabi/lib/armv7e-m/fpu\libc_nano.a(lib_a-reent.o)
 .text.cleanup_glue
                0x00000000       0x1a d:/programy/truestudio for stm32 9.3.0/armtools/bin/../lib/gcc/arm-atollic-eabi/6.3.1/../../../../arm-atollic-eabi/lib/armv7e-m/fpu\libc_nano.a(lib_a-reent.o)
 .text._reclaim_reent
                0x00000000       0xb8 d:/programy/truestudio for stm32 9.3.0/armtools/bin/../lib/gcc/arm-atollic-eabi/6.3.1/../../../../arm-atollic-eabi/lib/armv7e-m/fpu\libc_nano.a(lib_a-reent.o)
 .debug_frame   0x00000000       0x5c d:/programy/truestudio for stm32 9.3.0/armtools/bin/../lib/gcc/arm-atollic-eabi/6.3.1/../../../../arm-atollic-eabi/lib/armv7e-m/fpu\libc_nano.a(lib_a-reent.o)
 .ARM.attributes
                0x00000000       0x34 d:/programy/truestudio for stm32 9.3.0/armtools/bin/../lib/gcc/arm-atollic-eabi/6.3.1/../../../../arm-atollic-eabi/lib/armv7e-m/fpu\libc_nano.a(lib_a-reent.o)
 COMMON         0x00000000        0x4 d:/programy/truestudio for stm32 9.3.0/armtools/bin/../lib/gcc/arm-atollic-eabi/6.3.1/../../../../arm-atollic-eabi/lib/armv7e-m/fpu\libc_nano.a(lib_a-reent.o)
 .text          0x00000000       0x10 d:/programy/truestudio for stm32 9.3.0/armtools/bin/../lib/gcc/arm-atollic-eabi/6.3.1/../../../../arm-atollic-eabi/lib/armv7e-m/fpu\libc_nano.a(lib_a-strlen.o)
 .data          0x00000000        0x0 d:/programy/truestudio for stm32 9.3.0/armtools/bin/../lib/gcc/arm-atollic-eabi/6.3.1/../../../../arm-atollic-eabi/lib/armv7e-m/fpu\libc_nano.a(lib_a-strlen.o)
 .bss           0x00000000        0x0 d:/programy/truestudio for stm32 9.3.0/armtools/bin/../lib/gcc/arm-atollic-eabi/6.3.1/../../../../arm-atollic-eabi/lib/armv7e-m/fpu\libc_nano.a(lib_a-strlen.o)
 .ARM.attributes
                0x00000000       0x1b d:/programy/truestudio for stm32 9.3.0/armtools/bin/../lib/gcc/arm-atollic-eabi/6.3.1/../../../../arm-atollic-eabi/lib/armv7e-m/fpu\libc_nano.a(lib_a-strlen.o)
 .text          0x00000000        0x0 d:/programy/truestudio for stm32 9.3.0/armtools/bin/../lib/gcc/arm-atollic-eabi/6.3.1/../../../../arm-atollic-eabi/lib/armv7e-m/fpu\libc_nano.a(lib_a-impure.o)
 .data          0x00000000        0x0 d:/programy/truestudio for stm32 9.3.0/armtools/bin/../lib/gcc/arm-atollic-eabi/6.3.1/../../../../arm-atollic-eabi/lib/armv7e-m/fpu\libc_nano.a(lib_a-impure.o)
 .bss           0x00000000        0x0 d:/programy/truestudio for stm32 9.3.0/armtools/bin/../lib/gcc/arm-atollic-eabi/6.3.1/../../../../arm-atollic-eabi/lib/armv7e-m/fpu\libc_nano.a(lib_a-impure.o)
 .data._impure_ptr
                0x00000000        0x4 d:/programy/truestudio for stm32 9.3.0/armtools/bin/../lib/gcc/arm-atollic-eabi/6.3.1/../../../../arm-atollic-eabi/lib/armv7e-m/fpu\libc_nano.a(lib_a-impure.o)
 .data.impure_data
                0x00000000       0x60 d:/programy/truestudio for stm32 9.3.0/armtools/bin/../lib/gcc/arm-atollic-eabi/6.3.1/../../../../arm-atollic-eabi/lib/armv7e-m/fpu\libc_nano.a(lib_a-impure.o)
 .rodata._global_impure_ptr
                0x00000000        0x4 d:/programy/truestudio for stm32 9.3.0/armtools/bin/../lib/gcc/arm-atollic-eabi/6.3.1/../../../../arm-atollic-eabi/lib/armv7e-m/fpu\libc_nano.a(lib_a-impure.o)
 .ARM.attributes
                0x00000000       0x34 d:/programy/truestudio for stm32 9.3.0/armtools/bin/../lib/gcc/arm-atollic-eabi/6.3.1/../../../../arm-atollic-eabi/lib/armv7e-m/fpu\libc_nano.a(lib_a-impure.o)
 .text          0x00000000        0x0 d:/programy/truestudio for stm32 9.3.0/armtools/bin/../lib/gcc/arm-atollic-eabi/6.3.1/../../../../arm-atollic-eabi/lib/armv7e-m/fpu\libc_nano.a(lib_a-nano-freer.o)
 .data          0x00000000        0x0 d:/programy/truestudio for stm32 9.3.0/armtools/bin/../lib/gcc/arm-atollic-eabi/6.3.1/../../../../arm-atollic-eabi/lib/armv7e-m/fpu\libc_nano.a(lib_a-nano-freer.o)
 .bss           0x00000000        0x0 d:/programy/truestudio for stm32 9.3.0/armtools/bin/../lib/gcc/arm-atollic-eabi/6.3.1/../../../../arm-atollic-eabi/lib/armv7e-m/fpu\libc_nano.a(lib_a-nano-freer.o)
 .text._free_r  0x00000000       0x9c d:/programy/truestudio for stm32 9.3.0/armtools/bin/../lib/gcc/arm-atollic-eabi/6.3.1/../../../../arm-atollic-eabi/lib/armv7e-m/fpu\libc_nano.a(lib_a-nano-freer.o)
 .debug_frame   0x00000000       0x38 d:/programy/truestudio for stm32 9.3.0/armtools/bin/../lib/gcc/arm-atollic-eabi/6.3.1/../../../../arm-atollic-eabi/lib/armv7e-m/fpu\libc_nano.a(lib_a-nano-freer.o)
 .ARM.attributes
                0x00000000       0x34 d:/programy/truestudio for stm32 9.3.0/armtools/bin/../lib/gcc/arm-atollic-eabi/6.3.1/../../../../arm-atollic-eabi/lib/armv7e-m/fpu\libc_nano.a(lib_a-nano-freer.o)
 .text          0x00000000        0x0 d:/programy/truestudio for stm32 9.3.0/armtools/bin/../lib/gcc/arm-atollic-eabi/6.3.1/../../../../arm-atollic-eabi/lib/armv7e-m/fpu\libc_nano.a(lib_a-nano-mallocr.o)
 .data          0x00000000        0x0 d:/programy/truestudio for stm32 9.3.0/armtools/bin/../lib/gcc/arm-atollic-eabi/6.3.1/../../../../arm-atollic-eabi/lib/armv7e-m/fpu\libc_nano.a(lib_a-nano-mallocr.o)
 .bss           0x00000000        0x0 d:/programy/truestudio for stm32 9.3.0/armtools/bin/../lib/gcc/arm-atollic-eabi/6.3.1/../../../../arm-atollic-eabi/lib/armv7e-m/fpu\libc_nano.a(lib_a-nano-mallocr.o)
 .text._malloc_r
                0x00000000       0xbc d:/programy/truestudio for stm32 9.3.0/armtools/bin/../lib/gcc/arm-atollic-eabi/6.3.1/../../../../arm-atollic-eabi/lib/armv7e-m/fpu\libc_nano.a(lib_a-nano-mallocr.o)
 .bss.__malloc_free_list
                0x00000000        0x4 d:/programy/truestudio for stm32 9.3.0/armtools/bin/../lib/gcc/arm-atollic-eabi/6.3.1/../../../../arm-atollic-eabi/lib/armv7e-m/fpu\libc_nano.a(lib_a-nano-mallocr.o)
 .bss.__malloc_sbrk_start
                0x00000000        0x4 d:/programy/truestudio for stm32 9.3.0/armtools/bin/../lib/gcc/arm-atollic-eabi/6.3.1/../../../../arm-atollic-eabi/lib/armv7e-m/fpu\libc_nano.a(lib_a-nano-mallocr.o)
 .debug_frame   0x00000000       0x2c d:/programy/truestudio for stm32 9.3.0/armtools/bin/../lib/gcc/arm-atollic-eabi/6.3.1/../../../../arm-atollic-eabi/lib/armv7e-m/fpu\libc_nano.a(lib_a-nano-mallocr.o)
 .ARM.attributes
                0x00000000       0x34 d:/programy/truestudio for stm32 9.3.0/armtools/bin/../lib/gcc/arm-atollic-eabi/6.3.1/../../../../arm-atollic-eabi/lib/armv7e-m/fpu\libc_nano.a(lib_a-nano-mallocr.o)
 .text          0x00000000        0x0 d:/programy/truestudio for stm32 9.3.0/armtools/bin/../lib/gcc/arm-atollic-eabi/6.3.1/../../../../arm-atollic-eabi/lib/armv7e-m/fpu\libc_nano.a(lib_a-sbrkr.o)
 .data          0x00000000        0x0 d:/programy/truestudio for stm32 9.3.0/armtools/bin/../lib/gcc/arm-atollic-eabi/6.3.1/../../../../arm-atollic-eabi/lib/armv7e-m/fpu\libc_nano.a(lib_a-sbrkr.o)
 .bss           0x00000000        0x0 d:/programy/truestudio for stm32 9.3.0/armtools/bin/../lib/gcc/arm-atollic-eabi/6.3.1/../../../../arm-atollic-eabi/lib/armv7e-m/fpu\libc_nano.a(lib_a-sbrkr.o)
 .text._sbrk_r  0x00000000       0x20 d:/programy/truestudio for stm32 9.3.0/armtools/bin/../lib/gcc/arm-atollic-eabi/6.3.1/../../../../arm-atollic-eabi/lib/armv7e-m/fpu\libc_nano.a(lib_a-sbrkr.o)
 .debug_frame   0x00000000       0x2c d:/programy/truestudio for stm32 9.3.0/armtools/bin/../lib/gcc/arm-atollic-eabi/6.3.1/../../../../arm-atollic-eabi/lib/armv7e-m/fpu\libc_nano.a(lib_a-sbrkr.o)
 .ARM.attributes
                0x00000000       0x34 d:/programy/truestudio for stm32 9.3.0/armtools/bin/../lib/gcc/arm-atollic-eabi/6.3.1/../../../../arm-atollic-eabi/lib/armv7e-m/fpu\libc_nano.a(lib_a-sbrkr.o)
 .text          0x00000000        0x0 d:/programy/truestudio for stm32 9.3.0/armtools/bin/../lib/gcc/arm-atollic-eabi/6.3.1/../../../../arm-atollic-eabi/lib/armv7e-m/fpu\libc_nano.a(lib_a-mlock.o)
 .data          0x00000000        0x0 d:/programy/truestudio for stm32 9.3.0/armtools/bin/../lib/gcc/arm-atollic-eabi/6.3.1/../../../../arm-atollic-eabi/lib/armv7e-m/fpu\libc_nano.a(lib_a-mlock.o)
 .bss           0x00000000        0x0 d:/programy/truestudio for stm32 9.3.0/armtools/bin/../lib/gcc/arm-atollic-eabi/6.3.1/../../../../arm-atollic-eabi/lib/armv7e-m/fpu\libc_nano.a(lib_a-mlock.o)
 .text.__malloc_lock
                0x00000000        0x2 d:/programy/truestudio for stm32 9.3.0/armtools/bin/../lib/gcc/arm-atollic-eabi/6.3.1/../../../../arm-atollic-eabi/lib/armv7e-m/fpu\libc_nano.a(lib_a-mlock.o)
 .text.__malloc_unlock
                0x00000000        0x2 d:/programy/truestudio for stm32 9.3.0/armtools/bin/../lib/gcc/arm-atollic-eabi/6.3.1/../../../../arm-atollic-eabi/lib/armv7e-m/fpu\libc_nano.a(lib_a-mlock.o)
 .debug_frame   0x00000000       0x30 d:/programy/truestudio for stm32 9.3.0/armtools/bin/../lib/gcc/arm-atollic-eabi/6.3.1/../../../../arm-atollic-eabi/lib/armv7e-m/fpu\libc_nano.a(lib_a-mlock.o)
 .ARM.attributes
                0x00000000       0x34 d:/programy/truestudio for stm32 9.3.0/armtools/bin/../lib/gcc/arm-atollic-eabi/6.3.1/../../../../arm-atollic-eabi/lib/armv7e-m/fpu\libc_nano.a(lib_a-mlock.o)
 .text          0x00000000        0x0 d:/programy/truestudio for stm32 9.3.0/armtools/bin/../lib/gcc/arm-atollic-eabi/6.3.1/armv7e-m/fpu/crtend.o
 .data          0x00000000        0x0 d:/programy/truestudio for stm32 9.3.0/armtools/bin/../lib/gcc/arm-atollic-eabi/6.3.1/armv7e-m/fpu/crtend.o
 .bss           0x00000000        0x0 d:/programy/truestudio for stm32 9.3.0/armtools/bin/../lib/gcc/arm-atollic-eabi/6.3.1/armv7e-m/fpu/crtend.o
 .eh_frame      0x00000000        0x4 d:/programy/truestudio for stm32 9.3.0/armtools/bin/../lib/gcc/arm-atollic-eabi/6.3.1/armv7e-m/fpu/crtend.o
 .ARM.attributes
                0x00000000       0x34 d:/programy/truestudio for stm32 9.3.0/armtools/bin/../lib/gcc/arm-atollic-eabi/6.3.1/armv7e-m/fpu/crtend.o
 .text          0x00000000        0x0 d:/programy/truestudio for stm32 9.3.0/armtools/bin/../lib/gcc/arm-atollic-eabi/6.3.1/armv7e-m/fpu/crtn.o
 .data          0x00000000        0x0 d:/programy/truestudio for stm32 9.3.0/armtools/bin/../lib/gcc/arm-atollic-eabi/6.3.1/armv7e-m/fpu/crtn.o
 .bss           0x00000000        0x0 d:/programy/truestudio for stm32 9.3.0/armtools/bin/../lib/gcc/arm-atollic-eabi/6.3.1/armv7e-m/fpu/crtn.o

Memory Configuration

Name             Origin             Length             Attributes
FLASH            0x08000000         0x00080000         xr
RAM              0x20000000         0x00020000         xrw
MEMORY_B1        0x60000000         0x00000000         xr
*default*        0x00000000         0xffffffff

Linker script and memory map

LOAD d:/programy/truestudio for stm32 9.3.0/armtools/bin/../lib/gcc/arm-atollic-eabi/6.3.1/armv7e-m/fpu/crti.o
LOAD d:/programy/truestudio for stm32 9.3.0/armtools/bin/../lib/gcc/arm-atollic-eabi/6.3.1/armv7e-m/fpu/crtbegin.o
LOAD src\disp_hilevel.o
LOAD src\font_atari_8x8.o
LOAD src\font_newbasic_3x6.o
LOAD src\font_system_5x7.o
LOAD src\font_thin_8x8.o
LOAD src\font_wendy_3x5.o
LOAD src\main.o
LOAD src\nucleo_core.o
LOAD src\nucleo_i2c.o
LOAD src\nucleo_uart.o
LOAD src\oled_1305.o
LOAD src\picture.o
LOAD src\startup_stm32f411xe.o
LOAD src\syscalls.o
LOAD src\system_stm32f4xx.o
LOAD src\systick_ms.o
LOAD src\tiny_printf.o
LOAD src\uart_ring.o
                0x00000080                malloc_getpagesize_P = 0x80
START GROUP
LOAD d:/programy/truestudio for stm32 9.3.0/armtools/bin/../lib/gcc/arm-atollic-eabi/6.3.1/../../../../arm-atollic-eabi/lib/armv7e-m/fpu\libc_nano.a
LOAD d:/programy/truestudio for stm32 9.3.0/armtools/bin/../lib/gcc/arm-atollic-eabi/6.3.1/../../../../arm-atollic-eabi/lib/armv7e-m/fpu\libm.a
END GROUP
START GROUP
LOAD d:/programy/truestudio for stm32 9.3.0/armtools/bin/../lib/gcc/arm-atollic-eabi/6.3.1/armv7e-m/fpu\libgcc.a
LOAD d:/programy/truestudio for stm32 9.3.0/armtools/bin/../lib/gcc/arm-atollic-eabi/6.3.1/../../../../arm-atollic-eabi/lib/armv7e-m/fpu\libc_nano.a
END GROUP
START GROUP
LOAD d:/programy/truestudio for stm32 9.3.0/armtools/bin/../lib/gcc/arm-atollic-eabi/6.3.1/armv7e-m/fpu\libgcc.a
LOAD d:/programy/truestudio for stm32 9.3.0/armtools/bin/../lib/gcc/arm-atollic-eabi/6.3.1/../../../../arm-atollic-eabi/lib/armv7e-m/fpu\libc_nano.a
LOAD d:/programy/truestudio for stm32 9.3.0/armtools/bin/../lib/gcc/arm-atollic-eabi/6.3.1/../../../../arm-atollic-eabi/lib/armv7e-m/fpu\libnosys.a
END GROUP
START GROUP
LOAD d:/programy/truestudio for stm32 9.3.0/armtools/bin/../lib/gcc/arm-atollic-eabi/6.3.1/armv7e-m/fpu\libgcc.a
LOAD d:/programy/truestudio for stm32 9.3.0/armtools/bin/../lib/gcc/arm-atollic-eabi/6.3.1/../../../../arm-atollic-eabi/lib/armv7e-m/fpu\libc_nano.a
LOAD d:/programy/truestudio for stm32 9.3.0/armtools/bin/../lib/gcc/arm-atollic-eabi/6.3.1/../../../../arm-atollic-eabi/lib/armv7e-m/fpu\libnosys.a
END GROUP
LOAD d:/programy/truestudio for stm32 9.3.0/armtools/bin/../lib/gcc/arm-atollic-eabi/6.3.1/armv7e-m/fpu/crtend.o
LOAD d:/programy/truestudio for stm32 9.3.0/armtools/bin/../lib/gcc/arm-atollic-eabi/6.3.1/armv7e-m/fpu/crtn.o
                0x20020000                _estack = 0x20020000
                0x00000000                _Min_Heap_Size = 0x0
                0x00000400                _Min_Stack_Size = 0x400

.isr_vector     0x08000000      0x198
                0x08000000                . = ALIGN (0x4)
 *(.isr_vector)
 .isr_vector    0x08000000      0x198 src\startup_stm32f411xe.o
                0x08000000                g_pfnVectors
                0x08000198                . = ALIGN (0x4)

.text           0x08000198     0x1974
                0x08000198                . = ALIGN (0x4)
 *(.text)
 .text          0x08000198       0x40 d:/programy/truestudio for stm32 9.3.0/armtools/bin/../lib/gcc/arm-atollic-eabi/6.3.1/armv7e-m/fpu/crtbegin.o
 *(.text*)
 .text.SetHiLevelDisp
                0x080001d8       0x4c src\disp_hilevel.o
                0x080001d8                SetHiLevelDisp
 .text.DISP_SetFont
                0x08000224       0xac src\disp_hilevel.o
                0x08000224                DISP_SetFont
 .text.DISP_GotoXY
                0x080002d0       0x2c src\disp_hilevel.o
                0x080002d0                DISP_GotoXY
 .text.DISP_WriteChar
                0x080002fc       0x84 src\disp_hilevel.o
                0x080002fc                DISP_WriteChar
 .text.DISP_WriteString
                0x08000380       0x2a src\disp_hilevel.o
                0x08000380                DISP_WriteString
 *fill*         0x080003aa        0x2 
 .text.DISP_WriteCharXY
                0x080003ac      0x164 src\disp_hilevel.o
                0x080003ac                DISP_WriteCharXY
 .text.DISP_Clear
                0x08000510       0x10 src\disp_hilevel.o
                0x08000510                DISP_Clear
 .text.DISP_Fill
                0x08000520       0x70 src\disp_hilevel.o
                0x08000520                DISP_Fill
 .text.DISP_FillRect
                0x08000590       0x60 src\disp_hilevel.o
                0x08000590                DISP_FillRect
 .text.NVIC_EnableIRQ
                0x080005f0       0x34 src\main.o
 .text.PictureInit
                0x08000624       0x94 src\main.o
                0x08000624                PictureInit
 .text.DrawPicture
                0x080006b8       0x8a src\main.o
                0x080006b8                DrawPicture
 *fill*         0x08000742        0x2 
 .text.TIM2_IRQHandler
                0x08000744      0x23c src\main.o
                0x08000744                TIM2_IRQHandler
 .text.main     0x08000980      0x12c src\main.o
                0x08000980                main
 .text.SystemClock_100MHz
                0x08000aac      0x114 src\nucleo_core.o
                0x08000aac                SystemClock_100MHz
 .text.Nucleo_SetPinGPIO
                0x08000bc0      0x24c src\nucleo_core.o
                0x08000bc0                Nucleo_SetPinGPIO
 .text.Nucleo_SetPinAFGPIO
                0x08000e0c       0x9c src\nucleo_core.o
                0x08000e0c                Nucleo_SetPinAFGPIO
 .text.GetTimerClock
                0x08000ea8       0xb0 src\nucleo_core.o
                0x08000ea8                GetTimerClock
 .text.GetBusClock
                0x08000f58      0x100 src\nucleo_core.o
                0x08000f58                GetBusClock
 .text.NVIC_EnableIRQ
                0x08001058       0x34 src\oled_1305.o
 .text.OLEDInit_HW
                0x0800108c       0xe0 src\oled_1305.o
                0x0800108c                OLEDInit_HW
 .text.OLED_Write8
                0x0800116c       0x3c src\oled_1305.o
                0x0800116c                OLED_Write8
 .text.OLED_WriteCmd
                0x080011a8       0x38 src\oled_1305.o
                0x080011a8                OLED_WriteCmd
 .text.OLEDInit_SW
                0x080011e0       0x80 src\oled_1305.o
                0x080011e0                OLEDInit_SW
 .text.OLED_SetPage
                0x08001260       0x64 src\oled_1305.o
                0x08001260                OLED_SetPage
 .text.OLED_SetAllRow
                0x080012c4       0x38 src\oled_1305.o
                0x080012c4                OLED_SetAllRow
 .text.OLED_Refresh
                0x080012fc      0x154 src\oled_1305.o
                0x080012fc                OLED_Refresh
 .text.OLED_DrawPixel
                0x08001450       0xcc src\oled_1305.o
 .text.OLED_SetByte
                0x0800151c       0x34 src\oled_1305.o
 .text.OLED_Init
                0x08001550      0x12c src\oled_1305.o
                0x08001550                OLED_Init
 .text.TIM3_IRQHandler
                0x0800167c       0x2c src\oled_1305.o
                0x0800167c                TIM3_IRQHandler
 .text.DMA2_Stream3_IRQHandler
                0x080016a8      0x114 src\oled_1305.o
                0x080016a8                DMA2_Stream3_IRQHandler
 .text.Reset_Handler
                0x080017bc       0x50 src\startup_stm32f411xe.o
                0x080017bc                Reset_Handler
 .text.Default_Handler
                0x0800180c        0x2 src\startup_stm32f411xe.o
                0x0800180c                RTC_Alarm_IRQHandler
                0x0800180c                EXTI2_IRQHandler
                0x0800180c                DebugMon_Handler
                0x0800180c                SPI4_IRQHandler
                0x0800180c                TIM1_CC_IRQHandler
                0x0800180c                DMA2_Stream5_IRQHandler
                0x0800180c                HardFault_Handler
                0x0800180c                DMA1_Stream5_IRQHandler
                0x0800180c                PVD_IRQHandler
                0x0800180c                SDIO_IRQHandler
                0x0800180c                TAMP_STAMP_IRQHandler
                0x0800180c                PendSV_Handler
                0x0800180c                NMI_Handler
                0x0800180c                EXTI3_IRQHandler
                0x0800180c                TIM1_UP_TIM10_IRQHandler
                0x0800180c                I2C3_ER_IRQHandler
                0x0800180c                EXTI0_IRQHandler
                0x0800180c                I2C2_EV_IRQHandler
                0x0800180c                DMA1_Stream2_IRQHandler
                0x0800180c                FPU_IRQHandler
                0x0800180c                UsageFault_Handler
                0x0800180c                DMA2_Stream2_IRQHandler
                0x0800180c                SPI1_IRQHandler
                0x0800180c                TIM1_BRK_TIM9_IRQHandler
                0x0800180c                USART6_IRQHandler
                0x0800180c                DMA2_Stream0_IRQHandler
                0x0800180c                TIM4_IRQHandler
                0x0800180c                I2C1_EV_IRQHandler
                0x0800180c                DMA1_Stream6_IRQHandler
                0x0800180c                DMA1_Stream1_IRQHandler
                0x0800180c                RCC_IRQHandler
                0x0800180c                Default_Handler
                0x0800180c                EXTI15_10_IRQHandler
                0x0800180c                ADC_IRQHandler
                0x0800180c                DMA1_Stream7_IRQHandler
                0x0800180c                SPI5_IRQHandler
                0x0800180c                TIM5_IRQHandler
                0x0800180c                DMA2_Stream7_IRQHandler
                0x0800180c                I2C3_EV_IRQHandler
                0x0800180c                EXTI9_5_IRQHandler
                0x0800180c                RTC_WKUP_IRQHandler
                0x0800180c                SPI2_IRQHandler
                0x0800180c                MemManage_Handler
                0x0800180c                DMA1_Stream0_IRQHandler
                0x0800180c                SVC_Handler
                0x0800180c                EXTI4_IRQHandler
                0x0800180c                WWDG_IRQHandler
                0x0800180c                OTG_FS_WKUP_IRQHandler
                0x0800180c                TIM1_TRG_COM_TIM11_IRQHandler
                0x0800180c                EXTI1_IRQHandler
                0x0800180c                USART2_IRQHandler
                0x0800180c                I2C2_ER_IRQHandler
                0x0800180c                DMA2_Stream1_IRQHandler
                0x0800180c                FLASH_IRQHandler
                0x0800180c                DMA2_Stream4_IRQHandler
                0x0800180c                BusFault_Handler
                0x0800180c                USART1_IRQHandler
                0x0800180c                OTG_FS_IRQHandler
                0x0800180c                SPI3_IRQHandler
                0x0800180c                DMA1_Stream4_IRQHandler
                0x0800180c                I2C1_ER_IRQHandler
                0x0800180c                DMA2_Stream6_IRQHandler
                0x0800180c                DMA1_Stream3_IRQHandler
 *fill*         0x0800180e        0x2 
 .text.SystemInit
                0x08001810       0x6c src\system_stm32f4xx.o
                0x08001810                SystemInit
 .text.SystemCoreClockUpdate
                0x0800187c       0xf4 src\system_stm32f4xx.o
                0x0800187c                SystemCoreClockUpdate
 .text.NVIC_SetPriority
                0x08001970       0x54 src\systick_ms.o
 .text.SysTick_Config
                0x080019c4       0x44 src\systick_ms.o
 .text.SysTick_Handler
                0x08001a08       0x24 src\systick_ms.o
                0x08001a08                SysTick_Handler
 .text.WaitMs   0x08001a2c       0x30 src\systick_ms.o
                0x08001a2c                WaitMs
 .text.InitSystickDefault
                0x08001a5c        0xe src\systick_ms.o
                0x08001a5c                InitSystickDefault
 *fill*         0x08001a6a        0x2 
 .text.InitSystick
                0x08001a6c       0x40 src\systick_ms.o
                0x08001a6c                InitSystick
 .text.__libc_init_array
                0x08001aac       0x48 d:/programy/truestudio for stm32 9.3.0/armtools/bin/../lib/gcc/arm-atollic-eabi/6.3.1/../../../../arm-atollic-eabi/lib/armv7e-m/fpu\libc_nano.a(lib_a-init.o)
                0x08001aac                __libc_init_array
 *(.glue_7)
 .glue_7        0x08001af4        0x0 linker stubs
 *(.glue_7t)
 .glue_7t       0x08001af4        0x0 linker stubs
 *(.eh_frame)
 .eh_frame      0x08001af4        0x0 d:/programy/truestudio for stm32 9.3.0/armtools/bin/../lib/gcc/arm-atollic-eabi/6.3.1/armv7e-m/fpu/crtbegin.o
 *(.init)
 .init          0x08001af4        0x4 d:/programy/truestudio for stm32 9.3.0/armtools/bin/../lib/gcc/arm-atollic-eabi/6.3.1/armv7e-m/fpu/crti.o
                0x08001af4                _init
 .init          0x08001af8        0x8 d:/programy/truestudio for stm32 9.3.0/armtools/bin/../lib/gcc/arm-atollic-eabi/6.3.1/armv7e-m/fpu/crtn.o
 *(.fini)
 .fini          0x08001b00        0x4 d:/programy/truestudio for stm32 9.3.0/armtools/bin/../lib/gcc/arm-atollic-eabi/6.3.1/armv7e-m/fpu/crti.o
                0x08001b00                _fini
 .fini          0x08001b04        0x8 d:/programy/truestudio for stm32 9.3.0/armtools/bin/../lib/gcc/arm-atollic-eabi/6.3.1/armv7e-m/fpu/crtn.o
                0x08001b0c                . = ALIGN (0x4)
                0x08001b0c                _etext = .

.vfp11_veneer   0x08001b0c        0x0
 .vfp11_veneer  0x08001b0c        0x0 linker stubs

.v4_bx          0x08001b0c        0x0
 .v4_bx         0x08001b0c        0x0 linker stubs

.iplt           0x08001b0c        0x0
 .iplt          0x08001b0c        0x0 d:/programy/truestudio for stm32 9.3.0/armtools/bin/../lib/gcc/arm-atollic-eabi/6.3.1/armv7e-m/fpu/crtbegin.o

.rodata         0x08001b0c      0xb64
                0x08001b0c                . = ALIGN (0x4)
 *(.rodata)
 .rodata        0x08001b0c        0xf src\main.o
 *(.rodata*)
 *fill*         0x08001b1b        0x1 
 .rodata.font_atari_8x8_data
                0x08001b1c      0x407 src\font_atari_8x8.o
                0x08001b1c                font_atari_8x8_data
 *fill*         0x08001f23        0x1 
 .rodata.font_newbasic_3x6_data
                0x08001f24      0x126 src\font_newbasic_3x6.o
                0x08001f24                font_newbasic_3x6_data
 *fill*         0x0800204a        0x2 
 .rodata.font_system_5x7_data
                0x0800204c      0x1eb src\font_system_5x7.o
                0x0800204c                font_system_5x7_data
 *fill*         0x08002237        0x1 
 .rodata.font_thin_8x8_data
                0x08002238      0x2fe src\font_thin_8x8.o
                0x08002238                font_thin_8x8_data
 *fill*         0x08002536        0x2 
 .rodata.font_wendy_3x5_data
                0x08002538      0x126 src\font_wendy_3x5.o
                0x08002538                font_wendy_3x5_data
 *fill*         0x0800265e        0x2 
 .rodata.AHBPrescTable
                0x08002660       0x10 src\system_stm32f4xx.o
                0x08002660                AHBPrescTable
                0x08002670                . = ALIGN (0x4)

.rel.dyn        0x08002670        0x0
 .rel.iplt      0x08002670        0x0 d:/programy/truestudio for stm32 9.3.0/armtools/bin/../lib/gcc/arm-atollic-eabi/6.3.1/armv7e-m/fpu/crtbegin.o

.ARM.extab
 *(.ARM.extab* .gnu.linkonce.armextab.*)

.ARM            0x08002670        0x0
                0x08002670                __exidx_start = .
 *(.ARM.exidx*)
                0x08002670                __exidx_end = .

.preinit_array  0x08002670        0x0
                0x08002670                PROVIDE (__preinit_array_start, .)
 *(.preinit_array*)
                0x08002670                PROVIDE (__preinit_array_end, .)

.init_array     0x08002670        0x4
                0x08002670                PROVIDE (__init_array_start, .)
 *(SORT(.init_array.*))
 *(.init_array*)
 .init_array    0x08002670        0x4 d:/programy/truestudio for stm32 9.3.0/armtools/bin/../lib/gcc/arm-atollic-eabi/6.3.1/armv7e-m/fpu/crtbegin.o
                0x08002674                PROVIDE (__init_array_end, .)

.fini_array     0x08002674        0x4
                [!provide]                PROVIDE (__fini_array_start, .)
 *(SORT(.fini_array.*))
 *(.fini_array*)
 .fini_array    0x08002674        0x4 d:/programy/truestudio for stm32 9.3.0/armtools/bin/../lib/gcc/arm-atollic-eabi/6.3.1/armv7e-m/fpu/crtbegin.o
                [!provide]                PROVIDE (__fini_array_end, .)
                0x08002678                _sidata = LOADADDR (.data)

.data           0x20000000      0x4d0 load address 0x08002678
                0x20000000                . = ALIGN (0x4)
                0x20000000                _sdata = .
 *(.data)
 *(.data*)
 .data.bbUseDMA
                0x20000000        0x1 src\oled_1305.o
 .data.refreshDMA
                0x20000001        0x1 src\oled_1305.o
 *fill*         0x20000002        0x2 
 .data.refreshDMAStageSPI
                0x20000004        0x4 src\oled_1305.o
 .data.darek_velky_byte
                0x20000008       0x40 src\picture.o
                0x20000008                darek_velky_byte
 .data.strom_byte
                0x20000048       0x60 src\picture.o
                0x20000048                strom_byte
 .data.snih_byte
                0x200000a8      0x400 src\picture.o
                0x200000a8                snih_byte
 .data.darek_maly_byte
                0x200004a8       0x20 src\picture.o
                0x200004a8                darek_maly_byte
 .data.SystemCoreClock
                0x200004c8        0x4 src\system_stm32f4xx.o
                0x200004c8                SystemCoreClock
 .data._interval
                0x200004cc        0x4 src\systick_ms.o
                0x200004cc                _interval
                0x200004d0                . = ALIGN (0x4)
                0x200004d0                _edata = .

.igot.plt       0x200004d0        0x0 load address 0x08002b48
 .igot.plt      0x200004d0        0x0 d:/programy/truestudio for stm32 9.3.0/armtools/bin/../lib/gcc/arm-atollic-eabi/6.3.1/armv7e-m/fpu/crtbegin.o
                0x200004d0                . = ALIGN (0x4)

.bss            0x200004d0     0x2a70 load address 0x08002b48
                0x200004d0                _sbss = .
                0x200004d0                __bss_start__ = _sbss
 *(.bss)
 .bss           0x200004d0       0x1c d:/programy/truestudio for stm32 9.3.0/armtools/bin/../lib/gcc/arm-atollic-eabi/6.3.1/armv7e-m/fpu/crtbegin.o
 *(.bss*)
 .bss.my_DrawPixel
                0x200004ec        0x4 src\disp_hilevel.o
 .bss.my_SetByte
                0x200004f0        0x4 src\disp_hilevel.o
 .bss.my_SetBytes
                0x200004f4        0x4 src\disp_hilevel.o
 .bss.pixelsWidth
                0x200004f8        0x4 src\disp_hilevel.o
 .bss.pixelsHeight
                0x200004fc        0x4 src\disp_hilevel.o
 .bss.textX     0x20000500        0x4 src\disp_hilevel.o
 .bss.textY     0x20000504        0x4 src\disp_hilevel.o
 .bss.bpFontBase
                0x20000508        0x4 src\disp_hilevel.o
 .bss.ptrFontHeader
                0x2000050c        0x4 src\disp_hilevel.o
 .bss.snow_position
                0x20000510        0x4 src\main.o
                0x20000510                snow_position
 .bss.tick      0x20000514        0x4 src\main.o
                0x20000514                tick
 .bss.oledBuffer
                0x20000518      0x210 src\oled_1305.o
 .bss.oledSendBuffer
                0x20000728      0x210 src\oled_1305.o
 .bss.refreshInProgess
                0x20000938        0x1 src\oled_1305.o
 *fill*         0x20000939        0x3 
 .bss._ticks    0x2000093c        0x4 src\systick_ms.o
                0x2000093c                _ticks
 *(COMMON)
 COMMON         0x20000940     0x2600 src\main.o
                0x20000940                darek_maly
                0x20000a40                strom
                0x20000d40                snih
                0x20002d40                darek_velky
                0x20002f40                . = ALIGN (0x4)
                0x20002f40                _ebss = .
                0x20002f40                __bss_end__ = _ebss

._user_heap_stack
                0x20002f40      0x400 load address 0x08002b48
                0x20002f40                . = ALIGN (0x4)
                0x20002f40                PROVIDE (end, .)
                [!provide]                PROVIDE (_end, .)
                0x20002f40                . = (. + _Min_Heap_Size)
                0x20003340                . = (. + _Min_Stack_Size)
 *fill*         0x20002f40      0x400 
                0x20003340                . = ALIGN (0x4)

.memory_b1_text
 *(.mb1text)
 *(.mb1text*)
 *(.mb1rodata)
 *(.mb1rodata*)

/DISCARD/
 libc.a(*)
 libm.a(*)
 libgcc.a(*)

.ARM.attributes
                0x00000000       0x30
 *(.ARM.attributes)
 .ARM.attributes
                0x00000000       0x22 d:/programy/truestudio for stm32 9.3.0/armtools/bin/../lib/gcc/arm-atollic-eabi/6.3.1/armv7e-m/fpu/crti.o
 .ARM.attributes
                0x00000022       0x34 d:/programy/truestudio for stm32 9.3.0/armtools/bin/../lib/gcc/arm-atollic-eabi/6.3.1/armv7e-m/fpu/crtbegin.o
 .ARM.attributes
                0x00000056       0x39 src\disp_hilevel.o
 .ARM.attributes
                0x0000008f       0x39 src\font_atari_8x8.o
 .ARM.attributes
                0x000000c8       0x39 src\font_newbasic_3x6.o
 .ARM.attributes
                0x00000101       0x39 src\font_system_5x7.o
 .ARM.attributes
                0x0000013a       0x39 src\font_thin_8x8.o
 .ARM.attributes
                0x00000173       0x39 src\font_wendy_3x5.o
 .ARM.attributes
                0x000001ac       0x39 src\main.o
 .ARM.attributes
                0x000001e5       0x39 src\nucleo_core.o
 .ARM.attributes
                0x0000021e       0x39 src\oled_1305.o
 .ARM.attributes
                0x00000257       0x39 src\picture.o
 .ARM.attributes
                0x00000290       0x21 src\startup_stm32f411xe.o
 .ARM.attributes
                0x000002b1       0x39 src\system_stm32f4xx.o
 .ARM.attributes
                0x000002ea       0x39 src\systick_ms.o
 .ARM.attributes
                0x00000323       0x34 d:/programy/truestudio for stm32 9.3.0/armtools/bin/../lib/gcc/arm-atollic-eabi/6.3.1/../../../../arm-atollic-eabi/lib/armv7e-m/fpu\libc_nano.a(lib_a-init.o)
 .ARM.attributes
                0x00000357       0x22 d:/programy/truestudio for stm32 9.3.0/armtools/bin/../lib/gcc/arm-atollic-eabi/6.3.1/armv7e-m/fpu/crtn.o
OUTPUT(Vanoce.elf elf32-littlearm)

.debug_info     0x00000000     0x4a84
 .debug_info    0x00000000      0x72f src\disp_hilevel.o
 .debug_info    0x0000072f       0xae src\font_atari_8x8.o
 .debug_info    0x000007dd       0xae src\font_newbasic_3x6.o
 .debug_info    0x0000088b       0xae src\font_system_5x7.o
 .debug_info    0x00000939       0xae src\font_thin_8x8.o
 .debug_info    0x000009e7       0xae src\font_wendy_3x5.o
 .debug_info    0x00000a95     0x128d src\main.o
 .debug_info    0x00001d22      0xd8e src\nucleo_core.o
 .debug_info    0x00002ab0     0x1366 src\oled_1305.o
 .debug_info    0x00003e16       0xaf src\picture.o
 .debug_info    0x00003ec5       0x83 src\startup_stm32f411xe.o
 .debug_info    0x00003f48      0x4ca src\system_stm32f4xx.o
 .debug_info    0x00004412      0x672 src\systick_ms.o

.debug_abbrev   0x00000000      0xeea
 .debug_abbrev  0x00000000      0x1ec src\disp_hilevel.o
 .debug_abbrev  0x000001ec       0x66 src\font_atari_8x8.o
 .debug_abbrev  0x00000252       0x66 src\font_newbasic_3x6.o
 .debug_abbrev  0x000002b8       0x66 src\font_system_5x7.o
 .debug_abbrev  0x0000031e       0x66 src\font_thin_8x8.o
 .debug_abbrev  0x00000384       0x66 src\font_wendy_3x5.o
 .debug_abbrev  0x000003ea      0x2bb src\main.o
 .debug_abbrev  0x000006a5      0x213 src\nucleo_core.o
 .debug_abbrev  0x000008b8      0x2d5 src\oled_1305.o
 .debug_abbrev  0x00000b8d       0x47 src\picture.o
 .debug_abbrev  0x00000bd4       0x12 src\startup_stm32f411xe.o
 .debug_abbrev  0x00000be6      0x11f src\system_stm32f4xx.o
 .debug_abbrev  0x00000d05      0x1e5 src\systick_ms.o

.debug_aranges  0x00000000      0x2c0
 .debug_aranges
                0x00000000       0x98 src\disp_hilevel.o
 .debug_aranges
                0x00000098       0x18 src\font_atari_8x8.o
 .debug_aranges
                0x000000b0       0x18 src\font_newbasic_3x6.o
 .debug_aranges
                0x000000c8       0x18 src\font_system_5x7.o
 .debug_aranges
                0x000000e0       0x18 src\font_thin_8x8.o
 .debug_aranges
                0x000000f8       0x18 src\font_wendy_3x5.o
 .debug_aranges
                0x00000110       0x40 src\main.o
 .debug_aranges
                0x00000150       0x40 src\nucleo_core.o
 .debug_aranges
                0x00000190       0x80 src\oled_1305.o
 .debug_aranges
                0x00000210       0x18 src\picture.o
 .debug_aranges
                0x00000228       0x28 src\startup_stm32f411xe.o
 .debug_aranges
                0x00000250       0x28 src\system_stm32f4xx.o
 .debug_aranges
                0x00000278       0x48 src\systick_ms.o

.debug_ranges   0x00000000      0x1c8
 .debug_ranges  0x00000000       0x88 src\disp_hilevel.o
 .debug_ranges  0x00000088       0x30 src\main.o
 .debug_ranges  0x000000b8       0x30 src\nucleo_core.o
 .debug_ranges  0x000000e8       0x70 src\oled_1305.o
 .debug_ranges  0x00000158       0x20 src\startup_stm32f411xe.o
 .debug_ranges  0x00000178       0x18 src\system_stm32f4xx.o
 .debug_ranges  0x00000190       0x38 src\systick_ms.o

.debug_line     0x00000000     0x18d7
 .debug_line    0x00000000      0x4ba src\disp_hilevel.o
 .debug_line    0x000004ba      0x10b src\font_atari_8x8.o
 .debug_line    0x000005c5      0x111 src\font_newbasic_3x6.o
 .debug_line    0x000006d6      0x10d src\font_system_5x7.o
 .debug_line    0x000007e3      0x109 src\font_thin_8x8.o
 .debug_line    0x000008ec      0x10b src\font_wendy_3x5.o
 .debug_line    0x000009f7      0x36e src\main.o
 .debug_line    0x00000d65      0x2f1 src\nucleo_core.o
 .debug_line    0x00001056      0x416 src\oled_1305.o
 .debug_line    0x0000146c       0x3e src\picture.o
 .debug_line    0x000014aa       0x7b src\startup_stm32f411xe.o
 .debug_line    0x00001525      0x1b3 src\system_stm32f4xx.o
 .debug_line    0x000016d8      0x1ff src\systick_ms.o

.debug_str      0x00000000     0x13e2
 .debug_str     0x00000000      0x434 src\disp_hilevel.o
                                0x489 (size before relaxing)
 .debug_str     0x00000434       0x21 src\font_atari_8x8.o
                                0x1d4 (size before relaxing)
 .debug_str     0x00000455       0x1b src\font_newbasic_3x6.o
                                0x1da (size before relaxing)
 .debug_str     0x00000470       0x19 src\font_system_5x7.o
                                0x1d6 (size before relaxing)
 .debug_str     0x00000489       0x17 src\font_thin_8x8.o
                                0x1d2 (size before relaxing)
 .debug_str     0x000004a0       0x18 src\font_wendy_3x5.o
                                0x1d4 (size before relaxing)
 .debug_str     0x000004b8      0xb04 src\main.o
                                0xd70 (size before relaxing)
 .debug_str     0x00000fbc      0x106 src\nucleo_core.o
                                0x8e9 (size before relaxing)
 .debug_str     0x000010c2      0x1b2 src\oled_1305.o
                                0xd8e (size before relaxing)
 .debug_str     0x00001274       0x11 src\picture.o
                                0x168 (size before relaxing)
 .debug_str     0x00001285       0xb8 src\system_stm32f4xx.o
                                0x39f (size before relaxing)
 .debug_str     0x0000133d       0xa5 src\systick_ms.o
                                0x6f9 (size before relaxing)

.comment        0x00000000       0x7c
 .comment       0x00000000       0x7c src\disp_hilevel.o
                                 0x7d (size before relaxing)
 .comment       0x0000007c       0x7d src\font_atari_8x8.o
 .comment       0x0000007c       0x7d src\font_newbasic_3x6.o
 .comment       0x0000007c       0x7d src\font_system_5x7.o
 .comment       0x0000007c       0x7d src\font_thin_8x8.o
 .comment       0x0000007c       0x7d src\font_wendy_3x5.o
 .comment       0x0000007c       0x7d src\main.o
 .comment       0x0000007c       0x7d src\nucleo_core.o
 .comment       0x0000007c       0x7d src\oled_1305.o
 .comment       0x0000007c       0x7d src\picture.o
 .comment       0x0000007c       0x7d src\system_stm32f4xx.o
 .comment       0x0000007c       0x7d src\systick_ms.o

.debug_frame    0x00000000      0x734
 .debug_frame   0x00000000      0x258 src\disp_hilevel.o
 .debug_frame   0x00000258       0xcc src\main.o
 .debug_frame   0x00000324       0xcc src\nucleo_core.o
 .debug_frame   0x000003f0      0x1dc src\oled_1305.o
 .debug_frame   0x000005cc       0x58 src\system_stm32f4xx.o
 .debug_frame   0x00000624       0xe4 src\systick_ms.o
 .debug_frame   0x00000708       0x2c d:/programy/truestudio for stm32 9.3.0/armtools/bin/../lib/gcc/arm-atollic-eabi/6.3.1/../../../../arm-atollic-eabi/lib/armv7e-m/fpu\libc_nano.a(lib_a-init.o)

Cross Reference Table

Symbol                                            File
ADC_IRQHandler                                    src\startup_stm32f411xe.o
AHBPrescTable                                     src\system_stm32f4xx.o
BusFault_Handler                                  src\startup_stm32f411xe.o
DISP_Clear                                        src\disp_hilevel.o
                                                  src\main.o
DISP_DemoCntRow                                   src\disp_hilevel.o
DISP_DrawCircle                                   src\disp_hilevel.o
DISP_DrawLine                                     src\disp_hilevel.o
DISP_DrawRect                                     src\disp_hilevel.o
DISP_Fill                                         src\disp_hilevel.o
DISP_FillCircle                                   src\disp_hilevel.o
DISP_FillRect                                     src\disp_hilevel.o
                                                  src\main.o
DISP_GetCharPerRow                                src\disp_hilevel.o
DISP_GetRowPerDisp                                src\disp_hilevel.o
DISP_GotoXY                                       src\disp_hilevel.o
                                                  src\main.o
DISP_SetFont                                      src\disp_hilevel.o
                                                  src\main.o
DISP_WriteChar                                    src\disp_hilevel.o
DISP_WriteCharXY                                  src\disp_hilevel.o
DISP_WriteString                                  src\disp_hilevel.o
                                                  src\main.o
DMA1_Stream0_IRQHandler                           src\startup_stm32f411xe.o
DMA1_Stream1_IRQHandler                           src\startup_stm32f411xe.o
DMA1_Stream2_IRQHandler                           src\startup_stm32f411xe.o
DMA1_Stream3_IRQHandler                           src\startup_stm32f411xe.o
DMA1_Stream4_IRQHandler                           src\startup_stm32f411xe.o
DMA1_Stream5_IRQHandler                           src\startup_stm32f411xe.o
DMA1_Stream6_IRQHandler                           src\startup_stm32f411xe.o
DMA1_Stream7_IRQHandler                           src\startup_stm32f411xe.o
DMA2_Stream0_IRQHandler                           src\startup_stm32f411xe.o
DMA2_Stream1_IRQHandler                           src\startup_stm32f411xe.o
DMA2_Stream2_IRQHandler                           src\startup_stm32f411xe.o
DMA2_Stream3_IRQHandler                           src\oled_1305.o
DMA2_Stream4_IRQHandler                           src\startup_stm32f411xe.o
DMA2_Stream5_IRQHandler                           src\startup_stm32f411xe.o
DMA2_Stream6_IRQHandler                           src\startup_stm32f411xe.o
DMA2_Stream7_IRQHandler                           src\startup_stm32f411xe.o
DebugMon_Handler                                  src\startup_stm32f411xe.o
Default_Handler                                   src\startup_stm32f411xe.o
DrawPicture                                       src\main.o
EXTI0_IRQHandler                                  src\startup_stm32f411xe.o
EXTI15_10_IRQHandler                              src\startup_stm32f411xe.o
EXTI1_IRQHandler                                  src\startup_stm32f411xe.o
EXTI2_IRQHandler                                  src\startup_stm32f411xe.o
EXTI3_IRQHandler                                  src\startup_stm32f411xe.o
EXTI4_IRQHandler                                  src\startup_stm32f411xe.o
EXTI9_5_IRQHandler                                src\startup_stm32f411xe.o
FLASH_IRQHandler                                  src\startup_stm32f411xe.o
FPU_IRQHandler                                    src\startup_stm32f411xe.o
GetBusClock                                       src\nucleo_core.o
                                                  src\main.o
GetTimerClock                                     src\nucleo_core.o
                                                  src\oled_1305.o
HardFault_Handler                                 src\startup_stm32f411xe.o
I2C1_ER_IRQHandler                                src\startup_stm32f411xe.o
I2C1_EV_IRQHandler                                src\startup_stm32f411xe.o
I2C2_ER_IRQHandler                                src\startup_stm32f411xe.o
I2C2_EV_IRQHandler                                src\startup_stm32f411xe.o
I2C3_ER_IRQHandler                                src\startup_stm32f411xe.o
I2C3_EV_IRQHandler                                src\startup_stm32f411xe.o
I2C_Read16                                        src\nucleo_i2c.o
I2C_Read8                                         src\nucleo_i2c.o
I2C_ReadBlock                                     src\nucleo_i2c.o
I2C_Write8                                        src\nucleo_i2c.o
InitI2C                                           src\nucleo_i2c.o
InitI2C1                                          src\nucleo_i2c.o
InitSystick                                       src\systick_ms.o
InitSystickDefault                                src\systick_ms.o
                                                  src\main.o
MemManage_Handler                                 src\startup_stm32f411xe.o
NMI_Handler                                       src\startup_stm32f411xe.o
Nucleo_SetPinAFGPIO                               src\nucleo_core.o
                                                  src\oled_1305.o
                                                  src\nucleo_i2c.o
Nucleo_SetPinGPIO                                 src\nucleo_core.o
                                                  src\oled_1305.o
                                                  src\nucleo_i2c.o
                                                  src\main.o
Nucleo_StartUart2                                 src\nucleo_uart.o
OLEDInit_HW                                       src\oled_1305.o
OLEDInit_SW                                       src\oled_1305.o
OLED_Init                                         src\oled_1305.o
                                                  src\main.o
OLED_Refresh                                      src\oled_1305.o
OLED_SetAllRow                                    src\oled_1305.o
OLED_SetPage                                      src\oled_1305.o
OLED_Write8                                       src\oled_1305.o
OLED_WriteCmd                                     src\oled_1305.o
OTG_FS_IRQHandler                                 src\startup_stm32f411xe.o
OTG_FS_WKUP_IRQHandler                            src\startup_stm32f411xe.o
PVD_IRQHandler                                    src\startup_stm32f411xe.o
PendSV_Handler                                    src\startup_stm32f411xe.o
PictureInit                                       src\main.o
RCC_IRQHandler                                    src\startup_stm32f411xe.o
RTC_Alarm_IRQHandler                              src\startup_stm32f411xe.o
RTC_WKUP_IRQHandler                               src\startup_stm32f411xe.o
Reset_Handler                                     src\startup_stm32f411xe.o
SDIO_IRQHandler                                   src\startup_stm32f411xe.o
SPI1_IRQHandler                                   src\startup_stm32f411xe.o
SPI2_IRQHandler                                   src\startup_stm32f411xe.o
SPI3_IRQHandler                                   src\startup_stm32f411xe.o
SPI4_IRQHandler                                   src\startup_stm32f411xe.o
SPI5_IRQHandler                                   src\startup_stm32f411xe.o
SVC_Handler                                       src\startup_stm32f411xe.o
SetAddCRtoLF                                      src\nucleo_uart.o
SetHiLevelDisp                                    src\disp_hilevel.o
                                                  src\oled_1305.o
SysTick_Handler                                   src\systick_ms.o
                                                  src\startup_stm32f411xe.o
SystemClock_100MHz                                src\nucleo_core.o
                                                  src\main.o
SystemCoreClock                                   src\system_stm32f4xx.o
                                                  src\systick_ms.o
                                                  src\nucleo_uart.o
                                                  src\nucleo_i2c.o
                                                  src\nucleo_core.o
SystemCoreClockUpdate                             src\system_stm32f4xx.o
                                                  src\systick_ms.o
                                                  src\nucleo_core.o
                                                  src\main.o
SystemInit                                        src\system_stm32f4xx.o
                                                  src\startup_stm32f411xe.o
TAMP_STAMP_IRQHandler                             src\startup_stm32f411xe.o
TIM1_BRK_TIM9_IRQHandler                          src\startup_stm32f411xe.o
TIM1_CC_IRQHandler                                src\startup_stm32f411xe.o
TIM1_TRG_COM_TIM11_IRQHandler                     src\startup_stm32f411xe.o
TIM1_UP_TIM10_IRQHandler                          src\startup_stm32f411xe.o
TIM2_IRQHandler                                   src\main.o
TIM3_IRQHandler                                   src\oled_1305.o
TIM4_IRQHandler                                   src\startup_stm32f411xe.o
TIM5_IRQHandler                                   src\startup_stm32f411xe.o
USART1_IRQHandler                                 src\startup_stm32f411xe.o
USART2_IRQHandler                                 src\startup_stm32f411xe.o
USART6_IRQHandler                                 src\startup_stm32f411xe.o
UartRingCreate                                    src\uart_ring.o
UartRingDiscard_R                                 src\uart_ring.o
UartRingDiscard_W                                 src\uart_ring.o
UartRingInitFn_R                                  src\uart_ring.o
UartRingInitFn_W                                  src\uart_ring.o
UartRingIsData                                    src\uart_ring.o
UartRingIsEmpty_R                                 src\uart_ring.o
UartRingIsEmpty_W                                 src\uart_ring.o
UartRingIsOver_R                                  src\uart_ring.o
UartRingIsOver_W                                  src\uart_ring.o
UartRingProcessIRQ_R                              src\uart_ring.o
UartRingProcessIRQ_W                              src\uart_ring.o
UartRingRecv                                      src\uart_ring.o
UartRingSend                                      src\uart_ring.o
UsageFault_Handler                                src\startup_stm32f411xe.o
WWDG_IRQHandler                                   src\startup_stm32f411xe.o
WaitMs                                            src\systick_ms.o
                                                  src\main.o
__deregister_frame_info                           d:/programy/truestudio for stm32 9.3.0/armtools/bin/../lib/gcc/arm-atollic-eabi/6.3.1/armv7e-m/fpu/crtbegin.o
__dso_handle                                      d:/programy/truestudio for stm32 9.3.0/armtools/bin/../lib/gcc/arm-atollic-eabi/6.3.1/armv7e-m/fpu/crtbegin.o
__env                                             src\syscalls.o
__init_array_end                                  d:/programy/truestudio for stm32 9.3.0/armtools/bin/../lib/gcc/arm-atollic-eabi/6.3.1/../../../../arm-atollic-eabi/lib/armv7e-m/fpu\libc_nano.a(lib_a-init.o)
__init_array_start                                d:/programy/truestudio for stm32 9.3.0/armtools/bin/../lib/gcc/arm-atollic-eabi/6.3.1/../../../../arm-atollic-eabi/lib/armv7e-m/fpu\libc_nano.a(lib_a-init.o)
__libc_init_array                                 d:/programy/truestudio for stm32 9.3.0/armtools/bin/../lib/gcc/arm-atollic-eabi/6.3.1/../../../../arm-atollic-eabi/lib/armv7e-m/fpu\libc_nano.a(lib_a-init.o)
                                                  src\startup_stm32f411xe.o
__malloc_free_list                                d:/programy/truestudio for stm32 9.3.0/armtools/bin/../lib/gcc/arm-atollic-eabi/6.3.1/../../../../arm-atollic-eabi/lib/armv7e-m/fpu\libc_nano.a(lib_a-nano-mallocr.o)
                                                  d:/programy/truestudio for stm32 9.3.0/armtools/bin/../lib/gcc/arm-atollic-eabi/6.3.1/../../../../arm-atollic-eabi/lib/armv7e-m/fpu\libc_nano.a(lib_a-nano-freer.o)
__malloc_lock                                     d:/programy/truestudio for stm32 9.3.0/armtools/bin/../lib/gcc/arm-atollic-eabi/6.3.1/../../../../arm-atollic-eabi/lib/armv7e-m/fpu\libc_nano.a(lib_a-mlock.o)
                                                  d:/programy/truestudio for stm32 9.3.0/armtools/bin/../lib/gcc/arm-atollic-eabi/6.3.1/../../../../arm-atollic-eabi/lib/armv7e-m/fpu\libc_nano.a(lib_a-nano-mallocr.o)
                                                  d:/programy/truestudio for stm32 9.3.0/armtools/bin/../lib/gcc/arm-atollic-eabi/6.3.1/../../../../arm-atollic-eabi/lib/armv7e-m/fpu\libc_nano.a(lib_a-nano-freer.o)
__malloc_sbrk_start                               d:/programy/truestudio for stm32 9.3.0/armtools/bin/../lib/gcc/arm-atollic-eabi/6.3.1/../../../../arm-atollic-eabi/lib/armv7e-m/fpu\libc_nano.a(lib_a-nano-mallocr.o)
__malloc_unlock                                   d:/programy/truestudio for stm32 9.3.0/armtools/bin/../lib/gcc/arm-atollic-eabi/6.3.1/../../../../arm-atollic-eabi/lib/armv7e-m/fpu\libc_nano.a(lib_a-mlock.o)
                                                  d:/programy/truestudio for stm32 9.3.0/armtools/bin/../lib/gcc/arm-atollic-eabi/6.3.1/../../../../arm-atollic-eabi/lib/armv7e-m/fpu\libc_nano.a(lib_a-nano-mallocr.o)
                                                  d:/programy/truestudio for stm32 9.3.0/armtools/bin/../lib/gcc/arm-atollic-eabi/6.3.1/../../../../arm-atollic-eabi/lib/armv7e-m/fpu\libc_nano.a(lib_a-nano-freer.o)
__preinit_array_end                               d:/programy/truestudio for stm32 9.3.0/armtools/bin/../lib/gcc/arm-atollic-eabi/6.3.1/../../../../arm-atollic-eabi/lib/armv7e-m/fpu\libc_nano.a(lib_a-init.o)
__preinit_array_start                             d:/programy/truestudio for stm32 9.3.0/armtools/bin/../lib/gcc/arm-atollic-eabi/6.3.1/../../../../arm-atollic-eabi/lib/armv7e-m/fpu\libc_nano.a(lib_a-init.o)
__register_frame_info                             d:/programy/truestudio for stm32 9.3.0/armtools/bin/../lib/gcc/arm-atollic-eabi/6.3.1/armv7e-m/fpu/crtbegin.o
__sf_fake_stderr                                  d:/programy/truestudio for stm32 9.3.0/armtools/bin/../lib/gcc/arm-atollic-eabi/6.3.1/../../../../arm-atollic-eabi/lib/armv7e-m/fpu\libc_nano.a(lib_a-impure.o)
__sf_fake_stdin                                   d:/programy/truestudio for stm32 9.3.0/armtools/bin/../lib/gcc/arm-atollic-eabi/6.3.1/../../../../arm-atollic-eabi/lib/armv7e-m/fpu\libc_nano.a(lib_a-impure.o)
__sf_fake_stdout                                  d:/programy/truestudio for stm32 9.3.0/armtools/bin/../lib/gcc/arm-atollic-eabi/6.3.1/../../../../arm-atollic-eabi/lib/armv7e-m/fpu\libc_nano.a(lib_a-impure.o)
_close                                            src\syscalls.o
_ebss                                             src\startup_stm32f411xe.o
_edata                                            src\startup_stm32f411xe.o
_estack                                           src\startup_stm32f411xe.o
_execve                                           src\syscalls.o
_exit                                             src\syscalls.o
_fini                                             d:/programy/truestudio for stm32 9.3.0/armtools/bin/../lib/gcc/arm-atollic-eabi/6.3.1/armv7e-m/fpu/crti.o
_fork                                             src\syscalls.o
_free_r                                           d:/programy/truestudio for stm32 9.3.0/armtools/bin/../lib/gcc/arm-atollic-eabi/6.3.1/../../../../arm-atollic-eabi/lib/armv7e-m/fpu\libc_nano.a(lib_a-nano-freer.o)
                                                  d:/programy/truestudio for stm32 9.3.0/armtools/bin/../lib/gcc/arm-atollic-eabi/6.3.1/../../../../arm-atollic-eabi/lib/armv7e-m/fpu\libc_nano.a(lib_a-reent.o)
_fstat                                            src\syscalls.o
_getpid                                           src\syscalls.o
_gettimeofday                                     src\syscalls.o
_global_impure_ptr                                d:/programy/truestudio for stm32 9.3.0/armtools/bin/../lib/gcc/arm-atollic-eabi/6.3.1/../../../../arm-atollic-eabi/lib/armv7e-m/fpu\libc_nano.a(lib_a-impure.o)
_impure_ptr                                       d:/programy/truestudio for stm32 9.3.0/armtools/bin/../lib/gcc/arm-atollic-eabi/6.3.1/../../../../arm-atollic-eabi/lib/armv7e-m/fpu\libc_nano.a(lib_a-impure.o)
                                                  d:/programy/truestudio for stm32 9.3.0/armtools/bin/../lib/gcc/arm-atollic-eabi/6.3.1/../../../../arm-atollic-eabi/lib/armv7e-m/fpu\libc_nano.a(lib_a-reent.o)
_init                                             d:/programy/truestudio for stm32 9.3.0/armtools/bin/../lib/gcc/arm-atollic-eabi/6.3.1/armv7e-m/fpu/crti.o
                                                  d:/programy/truestudio for stm32 9.3.0/armtools/bin/../lib/gcc/arm-atollic-eabi/6.3.1/../../../../arm-atollic-eabi/lib/armv7e-m/fpu\libc_nano.a(lib_a-init.o)
_interval                                         src\systick_ms.o
_isatty                                           src\syscalls.o
_kill                                             src\syscalls.o
_link                                             src\syscalls.o
_lseek                                            src\syscalls.o
_malloc_r                                         d:/programy/truestudio for stm32 9.3.0/armtools/bin/../lib/gcc/arm-atollic-eabi/6.3.1/../../../../arm-atollic-eabi/lib/armv7e-m/fpu\libc_nano.a(lib_a-nano-mallocr.o)
_open                                             src\syscalls.o
_read                                             src\syscalls.o
_readlink                                         src\syscalls.o
_reclaim_reent                                    d:/programy/truestudio for stm32 9.3.0/armtools/bin/../lib/gcc/arm-atollic-eabi/6.3.1/../../../../arm-atollic-eabi/lib/armv7e-m/fpu\libc_nano.a(lib_a-reent.o)
_sbrk                                             src\syscalls.o
                                                  d:/programy/truestudio for stm32 9.3.0/armtools/bin/../lib/gcc/arm-atollic-eabi/6.3.1/../../../../arm-atollic-eabi/lib/armv7e-m/fpu\libc_nano.a(lib_a-sbrkr.o)
_sbrk_r                                           d:/programy/truestudio for stm32 9.3.0/armtools/bin/../lib/gcc/arm-atollic-eabi/6.3.1/../../../../arm-atollic-eabi/lib/armv7e-m/fpu\libc_nano.a(lib_a-sbrkr.o)
                                                  d:/programy/truestudio for stm32 9.3.0/armtools/bin/../lib/gcc/arm-atollic-eabi/6.3.1/../../../../arm-atollic-eabi/lib/armv7e-m/fpu\libc_nano.a(lib_a-nano-mallocr.o)
_sbss                                             src\startup_stm32f411xe.o
_sdata                                            src\startup_stm32f411xe.o
_sidata                                           src\startup_stm32f411xe.o
_stat                                             src\syscalls.o
_symlink                                          src\syscalls.o
_ticks                                            src\systick_ms.o
_times                                            src\syscalls.o
_unlink                                           src\syscalls.o
_wait                                             src\syscalls.o
_write                                            src\syscalls.o
                                                  src\tiny_printf.o
cleanup_glue                                      d:/programy/truestudio for stm32 9.3.0/armtools/bin/../lib/gcc/arm-atollic-eabi/6.3.1/../../../../arm-atollic-eabi/lib/armv7e-m/fpu\libc_nano.a(lib_a-reent.o)
darek_maly                                        src\main.o
darek_maly_byte                                   src\picture.o
                                                  src\main.o
darek_velky                                       src\main.o
darek_velky_byte                                  src\picture.o
                                                  src\main.o
end                                               src\syscalls.o
environ                                           src\syscalls.o
errno                                             d:/programy/truestudio for stm32 9.3.0/armtools/bin/../lib/gcc/arm-atollic-eabi/6.3.1/../../../../arm-atollic-eabi/lib/armv7e-m/fpu\libc_nano.a(lib_a-reent.o)
                                                  d:/programy/truestudio for stm32 9.3.0/armtools/bin/../lib/gcc/arm-atollic-eabi/6.3.1/../../../../arm-atollic-eabi/lib/armv7e-m/fpu\libc_nano.a(lib_a-sbrkr.o)
                                                  src\syscalls.o
fiprintf                                          src\tiny_printf.o
font_atari_8x8_data                               src\font_atari_8x8.o
                                                  src\disp_hilevel.o
font_newbasic_3x6_data                            src\font_newbasic_3x6.o
                                                  src\disp_hilevel.o
font_system_5x7_data                              src\font_system_5x7.o
                                                  src\disp_hilevel.o
font_thin_8x8_data                                src\font_thin_8x8.o
                                                  src\disp_hilevel.o
font_wendy_3x5_data                               src\font_wendy_3x5.o
                                                  src\disp_hilevel.o
fprintf                                           src\tiny_printf.o
fputs                                             src\tiny_printf.o
fwrite                                            src\tiny_printf.o
g_pfnVectors                                      src\startup_stm32f411xe.o
initialise_monitor_handles                        src\syscalls.o
iprintf                                           src\tiny_printf.o
isCharRecv                                        src\nucleo_uart.o
main                                              src\main.o
                                                  src\startup_stm32f411xe.o
printf                                            src\tiny_printf.o
puts                                              src\tiny_printf.o
siprintf                                          src\tiny_printf.o
snih                                              src\main.o
snih_byte                                         src\picture.o
                                                  src\main.o
snow_position                                     src\main.o
sprintf                                           src\tiny_printf.o
star_wars                                         src\picture.o
strlen                                            d:/programy/truestudio for stm32 9.3.0/armtools/bin/../lib/gcc/arm-atollic-eabi/6.3.1/../../../../arm-atollic-eabi/lib/armv7e-m/fpu\libc_nano.a(lib_a-strlen.o)
                                                  src\tiny_printf.o
strom                                             src\main.o
strom_byte                                        src\picture.o
                                                  src\main.o
tick                                              src\main.o
ts_formatlength                                   src\tiny_printf.o
ts_formatstring                                   src\tiny_printf.o
ts_itoa                                           src\tiny_printf.o
usart2_getc                                       src\nucleo_uart.o
                                                  src\syscalls.o
usart2_putc                                       src\nucleo_uart.o
                                                  src\syscalls.o
